Archive member included to satisfy reference by file (symbol)

d:/leoneware-flipper zero firmware/toolchain/x86_64-windows/bin/../lib/gcc/arm-none-eabi/10.3.1/../../../../arm-none-eabi/lib/thumb/v7e-m+fp/hard\libm.a(lib_a-s_atan.o)
                              build/f7-firmware-C/.extapps/Calculator/tinyexpr.o (atan)
d:/leoneware-flipper zero firmware/toolchain/x86_64-windows/bin/../lib/gcc/arm-none-eabi/10.3.1/../../../../arm-none-eabi/lib/thumb/v7e-m+fp/hard\libm.a(lib_a-s_ceil.o)
                              build/f7-firmware-C/.extapps/Calculator/tinyexpr.o (ceil)
d:/leoneware-flipper zero firmware/toolchain/x86_64-windows/bin/../lib/gcc/arm-none-eabi/10.3.1/../../../../arm-none-eabi/lib/thumb/v7e-m+fp/hard\libm.a(lib_a-s_cos.o)
                              build/f7-firmware-C/.extapps/Calculator/tinyexpr.o (cos)
d:/leoneware-flipper zero firmware/toolchain/x86_64-windows/bin/../lib/gcc/arm-none-eabi/10.3.1/../../../../arm-none-eabi/lib/thumb/v7e-m+fp/hard\libm.a(lib_a-s_fabs.o)
                              build/f7-firmware-C/.extapps/Calculator/tinyexpr.o (fabs)
d:/leoneware-flipper zero firmware/toolchain/x86_64-windows/bin/../lib/gcc/arm-none-eabi/10.3.1/../../../../arm-none-eabi/lib/thumb/v7e-m+fp/hard\libm.a(lib_a-s_floor.o)
                              build/f7-firmware-C/.extapps/Calculator/tinyexpr.o (floor)
d:/leoneware-flipper zero firmware/toolchain/x86_64-windows/bin/../lib/gcc/arm-none-eabi/10.3.1/../../../../arm-none-eabi/lib/thumb/v7e-m+fp/hard\libm.a(lib_a-s_sin.o)
                              build/f7-firmware-C/.extapps/Calculator/tinyexpr.o (sin)
d:/leoneware-flipper zero firmware/toolchain/x86_64-windows/bin/../lib/gcc/arm-none-eabi/10.3.1/../../../../arm-none-eabi/lib/thumb/v7e-m+fp/hard\libm.a(lib_a-s_tan.o)
                              build/f7-firmware-C/.extapps/Calculator/tinyexpr.o (tan)
d:/leoneware-flipper zero firmware/toolchain/x86_64-windows/bin/../lib/gcc/arm-none-eabi/10.3.1/../../../../arm-none-eabi/lib/thumb/v7e-m+fp/hard\libm.a(lib_a-s_tanh.o)
                              build/f7-firmware-C/.extapps/Calculator/tinyexpr.o (tanh)
d:/leoneware-flipper zero firmware/toolchain/x86_64-windows/bin/../lib/gcc/arm-none-eabi/10.3.1/../../../../arm-none-eabi/lib/thumb/v7e-m+fp/hard\libm.a(lib_a-w_acos.o)
                              build/f7-firmware-C/.extapps/Calculator/tinyexpr.o (acos)
d:/leoneware-flipper zero firmware/toolchain/x86_64-windows/bin/../lib/gcc/arm-none-eabi/10.3.1/../../../../arm-none-eabi/lib/thumb/v7e-m+fp/hard\libm.a(lib_a-w_asin.o)
                              build/f7-firmware-C/.extapps/Calculator/tinyexpr.o (asin)
d:/leoneware-flipper zero firmware/toolchain/x86_64-windows/bin/../lib/gcc/arm-none-eabi/10.3.1/../../../../arm-none-eabi/lib/thumb/v7e-m+fp/hard\libm.a(lib_a-w_atan2.o)
                              build/f7-firmware-C/.extapps/Calculator/tinyexpr.o (atan2)
d:/leoneware-flipper zero firmware/toolchain/x86_64-windows/bin/../lib/gcc/arm-none-eabi/10.3.1/../../../../arm-none-eabi/lib/thumb/v7e-m+fp/hard\libm.a(lib_a-w_cosh.o)
                              build/f7-firmware-C/.extapps/Calculator/tinyexpr.o (cosh)
d:/leoneware-flipper zero firmware/toolchain/x86_64-windows/bin/../lib/gcc/arm-none-eabi/10.3.1/../../../../arm-none-eabi/lib/thumb/v7e-m+fp/hard\libm.a(lib_a-w_exp.o)
                              build/f7-firmware-C/.extapps/Calculator/tinyexpr.o (exp)
d:/leoneware-flipper zero firmware/toolchain/x86_64-windows/bin/../lib/gcc/arm-none-eabi/10.3.1/../../../../arm-none-eabi/lib/thumb/v7e-m+fp/hard\libm.a(lib_a-w_fmod.o)
                              build/f7-firmware-C/.extapps/Calculator/tinyexpr.o (fmod)
d:/leoneware-flipper zero firmware/toolchain/x86_64-windows/bin/../lib/gcc/arm-none-eabi/10.3.1/../../../../arm-none-eabi/lib/thumb/v7e-m+fp/hard\libm.a(lib_a-w_log.o)
                              build/f7-firmware-C/.extapps/Calculator/tinyexpr.o (log)
d:/leoneware-flipper zero firmware/toolchain/x86_64-windows/bin/../lib/gcc/arm-none-eabi/10.3.1/../../../../arm-none-eabi/lib/thumb/v7e-m+fp/hard\libm.a(lib_a-w_log10.o)
                              build/f7-firmware-C/.extapps/Calculator/tinyexpr.o (log10)
d:/leoneware-flipper zero firmware/toolchain/x86_64-windows/bin/../lib/gcc/arm-none-eabi/10.3.1/../../../../arm-none-eabi/lib/thumb/v7e-m+fp/hard\libm.a(lib_a-w_pow.o)
                              build/f7-firmware-C/.extapps/Calculator/tinyexpr.o (pow)
d:/leoneware-flipper zero firmware/toolchain/x86_64-windows/bin/../lib/gcc/arm-none-eabi/10.3.1/../../../../arm-none-eabi/lib/thumb/v7e-m+fp/hard\libm.a(lib_a-w_sinh.o)
                              build/f7-firmware-C/.extapps/Calculator/tinyexpr.o (sinh)
d:/leoneware-flipper zero firmware/toolchain/x86_64-windows/bin/../lib/gcc/arm-none-eabi/10.3.1/../../../../arm-none-eabi/lib/thumb/v7e-m+fp/hard\libm.a(lib_a-w_sqrt.o)
                              build/f7-firmware-C/.extapps/Calculator/tinyexpr.o (sqrt)
[...]
Memory Configuration

Name             Origin             Length             Attributes
*default*        0x0000000000000000 0xffffffffffffffff

Linker script and memory map

LOAD build/f7-firmware-C/.extapps/Calculator/calculator.o
LOAD build/f7-firmware-C/.extapps/Calculator/tinyexpr.o
LOAD d:/leoneware-flipper zero firmware/toolchain/x86_64-windows/bin/../lib/gcc/arm-none-eabi/10.3.1/../../../../arm-none-eabi/lib/thumb/v7e-m+fp/hard\libm.a
LOAD d:/leoneware-flipper zero firmware/toolchain/x86_64-windows/bin/../lib/gcc/arm-none-eabi/10.3.1/thumb/v7e-m+fp/hard\libgcc.a
LOAD d:/leoneware-flipper zero firmware/toolchain/x86_64-windows/bin/../lib/gcc/arm-none-eabi/10.3.1/../../../../arm-none-eabi/lib/thumb/v7e-m+fp/hard\libstdc++_nano.a
LOAD d:/leoneware-flipper zero firmware/toolchain/x86_64-windows/bin/../lib/gcc/arm-none-eabi/10.3.1/../../../../arm-none-eabi/lib/thumb/v7e-m+fp/hard\libsupc++_nano.a

.text           0x0000000000000000     0x6ef4
 *(.text)
 .text          0x0000000000000000      0x378 d:/leoneware-flipper zero firmware/toolchain/x86_64-windows/bin/../lib/gcc/arm-none-eabi/10.3.1/thumb/v7e-m+fp/hard\libgcc.a(_arm_addsubdf3.o)
                0x0000000000000000                __aeabi_drsub
                0x0000000000000008                __aeabi_dsub
                0x0000000000000008                __subdf3
                0x000000000000000c                __aeabi_dadd
                0x000000000000000c                __adddf3
                0x0000000000000284                __floatunsidf
                0x0000000000000284                __aeabi_ui2d
                0x00000000000002a4                __floatsidf
                0x00000000000002a4                __aeabi_i2d
                0x00000000000002c8                __aeabi_f2d
                0x00000000000002c8                __extendsfdf2
                0x000000000000030c                __floatundidf
                0x000000000000030c                __aeabi_ul2d
                0x000000000000031c                __floatdidf
                0x000000000000031c                __aeabi_l2d
 .text          0x0000000000000378      0x424 d:/leoneware-flipper zero firmware/toolchain/x86_64-windows/bin/../lib/gcc/arm-none-eabi/10.3.1/thumb/v7e-m+fp/hard\libgcc.a(_arm_muldivdf3.o)
                0x0000000000000378                __aeabi_dmul
                0x0000000000000378                __muldf3
                0x00000000000005cc                __divdf3
                0x00000000000005cc                __aeabi_ddiv
 .text          0x000000000000079c      0x110 d:/leoneware-flipper zero firmware/toolchain/x86_64-windows/bin/../lib/gcc/arm-none-eabi/10.3.1/thumb/v7e-m+fp/hard\libgcc.a(_arm_cmpdf2.o)
                0x000000000000079c                __gtdf2
                0x000000000000079c                __gedf2
                0x00000000000007a4                __ltdf2
                0x00000000000007a4                __ledf2
                0x00000000000007ac                __nedf2
                0x00000000000007ac                __eqdf2
                0x00000000000007ac                __cmpdf2
                0x0000000000000828                __aeabi_cdrcmple
                0x0000000000000838                __aeabi_cdcmpeq
                0x0000000000000838                __aeabi_cdcmple
                0x0000000000000848                __aeabi_dcmpeq
                0x000000000000085c                __aeabi_dcmplt
                0x0000000000000870                __aeabi_dcmple
                0x0000000000000884                __aeabi_dcmpge
                0x0000000000000898                __aeabi_dcmpgt
 .text          0x00000000000008ac       0x2c d:/leoneware-flipper zero firmware/toolchain/x86_64-windows/bin/../lib/gcc/arm-none-eabi/10.3.1/thumb/v7e-m+fp/hard\libgcc.a(_arm_unorddf2.o)
                0x00000000000008ac                __unorddf2
                0x00000000000008ac                __aeabi_dcmpun
 .text          0x00000000000008d8       0x50 d:/leoneware-flipper zero firmware/toolchain/x86_64-windows/bin/../lib/gcc/arm-none-eabi/10.3.1/thumb/v7e-m+fp/hard\libgcc.a(_arm_fixdfsi.o)
                0x00000000000008d8                __aeabi_d2iz
                0x00000000000008d8                __fixdfsi
 .text          0x0000000000000928       0x40 d:/leoneware-flipper zero firmware/toolchain/x86_64-windows/bin/../lib/gcc/arm-none-eabi/10.3.1/thumb/v7e-m+fp/hard\libgcc.a(_arm_fixunsdfsi.o)
                0x0000000000000928                __aeabi_d2uiz
                0x0000000000000928                __fixunsdfsi
 *(.stub)
 *(.text*)
 .text.calculator_input_callback
                0x0000000000000968       0x14 build/f7-firmware-C/.extapps/Calculator/calculator.o
                0x0000000000000968                calculator_input_callback
 .text.getKeyAtPosition
                0x000000000000097c       0xb2 build/f7-firmware-C/.extapps/Calculator/calculator.o
                0x000000000000097c                getKeyAtPosition
 .text.calculateStringWidth
                0x0000000000000a2e       0x58 build/f7-firmware-C/.extapps/Calculator/calculator.o
                0x0000000000000a2e                calculateStringWidth
 *fill*         0x0000000000000a86        0x2 
 .text.generate_calculator_layout
                0x0000000000000a88      0x1ec build/f7-firmware-C/.extapps/Calculator/calculator.o
                0x0000000000000a88                generate_calculator_layout
 .text.calculator_draw_callback
                0x0000000000000c74       0xd4 build/f7-firmware-C/.extapps/Calculator/calculator.o
                0x0000000000000c74                calculator_draw_callback
 .text.calculate
                0x0000000000000d48      0x15c build/f7-firmware-C/.extapps/Calculator/calculator.o
                0x0000000000000d48                calculate
 .text.calculator_app
                0x0000000000000ea4      0x224 build/f7-firmware-C/.extapps/Calculator/calculator.o
                0x0000000000000ea4                calculator_app
 .text.pi       0x00000000000010c8       0x10 build/f7-firmware-C/.extapps/Calculator/tinyexpr.o
 .text.e        0x00000000000010d8       0x10 build/f7-firmware-C/.extapps/Calculator/tinyexpr.o
 .text.add      0x00000000000010e8       0x18 build/f7-firmware-C/.extapps/Calculator/tinyexpr.o
 .text.sub      0x0000000000001100       0x18 build/f7-firmware-C/.extapps/Calculator/tinyexpr.o
 .text.mul      0x0000000000001118       0x18 build/f7-firmware-C/.extapps/Calculator/tinyexpr.o
 .text.divide   0x0000000000001130       0x18 build/f7-firmware-C/.extapps/Calculator/tinyexpr.o
 .text.negate   0x0000000000001148       0x12 build/f7-firmware-C/.extapps/Calculator/tinyexpr.o
 .text.comma    0x000000000000115a        0xa build/f7-firmware-C/.extapps/Calculator/tinyexpr.o
 .text.new_expr
                0x0000000000001164       0x60 build/f7-firmware-C/.extapps/Calculator/tinyexpr.o
 *fill*         0x00000000000011c4        0x4 
 .text.fac      0x00000000000011c8       0x88 build/f7-firmware-C/.extapps/Calculator/tinyexpr.o
 .text.ncr      0x0000000000001250       0xd8 build/f7-firmware-C/.extapps/Calculator/tinyexpr.o
 .text.npr      0x0000000000001328       0x44 build/f7-firmware-C/.extapps/Calculator/tinyexpr.o
 .text.te_free  0x000000000000136c       0x20 build/f7-firmware-C/.extapps/Calculator/tinyexpr.o
                0x000000000000136c                te_free
 .text.te_free_parameters
                0x000000000000138c       0x5c build/f7-firmware-C/.extapps/Calculator/tinyexpr.o
                0x000000000000138c                te_free_parameters
 .text.next_token
                0x00000000000013e8      0x1e4 build/f7-firmware-C/.extapps/Calculator/tinyexpr.o
                0x00000000000013e8                next_token
 .text.expr     0x00000000000015cc       0x60 build/f7-firmware-C/.extapps/Calculator/tinyexpr.o
 .text.list     0x000000000000162c       0x50 build/f7-firmware-C/.extapps/Calculator/tinyexpr.o
 .text.base     0x000000000000167c      0x168 build/f7-firmware-C/.extapps/Calculator/tinyexpr.o
 .text.power    0x00000000000017e4       0x68 build/f7-firmware-C/.extapps/Calculator/tinyexpr.o
 .text.factor   0x000000000000184c       0x54 build/f7-firmware-C/.extapps/Calculator/tinyexpr.o
 .text.term     0x00000000000018a0       0x68 build/f7-firmware-C/.extapps/Calculator/tinyexpr.o
 .text.te_eval  0x0000000000001908      0x4dc build/f7-firmware-C/.extapps/Calculator/tinyexpr.o
                0x0000000000001908                te_eval
 .text.optimize
                0x0000000000001de4       0x6c build/f7-firmware-C/.extapps/Calculator/tinyexpr.o
 .text.te_compile
                0x0000000000001e50       0x60 build/f7-firmware-C/.extapps/Calculator/tinyexpr.o
                0x0000000000001e50                te_compile
 .text.te_interp
                0x0000000000001eb0       0x54 build/f7-firmware-C/.extapps/Calculator/tinyexpr.o
                0x0000000000001eb0                te_interp
 *fill*         0x0000000000001f04        0x4 
 .text.atan     0x0000000000001f08      0x340 d:/leoneware-flipper zero firmware/toolchain/x86_64-windows/bin/../lib/gcc/arm-none-eabi/10.3.1/../../../../arm-none-eabi/lib/thumb/v7e-m+fp/hard\libm.a(lib_a-s_atan.o)
                0x0000000000001f08                atan
 .text.ceil     0x0000000000002248      0x100 d:/leoneware-flipper zero firmware/toolchain/x86_64-windows/bin/../lib/gcc/arm-none-eabi/10.3.1/../../../../arm-none-eabi/lib/thumb/v7e-m+fp/hard\libm.a(lib_a-s_ceil.o)
                0x0000000000002248                ceil
 .text.cos      0x0000000000002348       0x90 d:/leoneware-flipper zero firmware/toolchain/x86_64-windows/bin/../lib/gcc/arm-none-eabi/10.3.1/../../../../arm-none-eabi/lib/thumb/v7e-m+fp/hard\libm.a(lib_a-s_cos.o)
                0x0000000000002348                cos
 .text.fabs     0x00000000000023d8       0x14 d:/leoneware-flipper zero firmware/toolchain/x86_64-windows/bin/../lib/gcc/arm-none-eabi/10.3.1/../../../../arm-none-eabi/lib/thumb/v7e-m+fp/hard\libm.a(lib_a-s_fabs.o)
                0x00000000000023d8                fabs
 *fill*         0x00000000000023ec        0x4 
 .text.floor    0x00000000000023f0      0x108 d:/leoneware-flipper zero firmware/toolchain/x86_64-windows/bin/../lib/gcc/arm-none-eabi/10.3.1/../../../../arm-none-eabi/lib/thumb/v7e-m+fp/hard\libm.a(lib_a-s_floor.o)
                0x00000000000023f0                floor
 .text.sin      0x00000000000024f8       0x90 d:/leoneware-flipper zero firmware/toolchain/x86_64-windows/bin/../lib/gcc/arm-none-eabi/10.3.1/../../../../arm-none-eabi/lib/thumb/v7e-m+fp/hard\libm.a(lib_a-s_sin.o)
                0x00000000000024f8                sin
 .text.tan      0x0000000000002588       0x68 d:/leoneware-flipper zero firmware/toolchain/x86_64-windows/bin/../lib/gcc/arm-none-eabi/10.3.1/../../../../arm-none-eabi/lib/thumb/v7e-m+fp/hard\libm.a(lib_a-s_tan.o)
                0x0000000000002588                tan
 .text.tanh     0x00000000000025f0      0x130 d:/leoneware-flipper zero firmware/toolchain/x86_64-windows/bin/../lib/gcc/arm-none-eabi/10.3.1/../../../../arm-none-eabi/lib/thumb/v7e-m+fp/hard\libm.a(lib_a-s_tanh.o)
                0x00000000000025f0                tanh
 .text.acos     0x0000000000002720       0x68 d:/leoneware-flipper zero firmware/toolchain/x86_64-windows/bin/../lib/gcc/arm-none-eabi/10.3.1/../../../../arm-none-eabi/lib/thumb/v7e-m+fp/hard\libm.a(lib_a-w_acos.o)
                0x0000000000002720                acos
 .text.asin     0x0000000000002788       0x68 d:/leoneware-flipper zero firmware/toolchain/x86_64-windows/bin/../lib/gcc/arm-none-eabi/10.3.1/../../../../arm-none-eabi/lib/thumb/v7e-m+fp/hard\libm.a(lib_a-w_asin.o)
                0x0000000000002788                asin
 .text.atan2    0x00000000000027f0        0x4 d:/leoneware-flipper zero firmware/toolchain/x86_64-windows/bin/../lib/gcc/arm-none-eabi/10.3.1/../../../../arm-none-eabi/lib/thumb/v7e-m+fp/hard\libm.a(lib_a-w_atan2.o)
                0x00000000000027f0                atan2
 *fill*         0x00000000000027f4        0x4 
 .text.cosh     0x00000000000027f8       0x78 d:/leoneware-flipper zero firmware/toolchain/x86_64-windows/bin/../lib/gcc/arm-none-eabi/10.3.1/../../../../arm-none-eabi/lib/thumb/v7e-m+fp/hard\libm.a(lib_a-w_cosh.o)
                0x00000000000027f8                cosh
 .text.exp      0x0000000000002870       0xa0 d:/leoneware-flipper zero firmware/toolchain/x86_64-windows/bin/../lib/gcc/arm-none-eabi/10.3.1/../../../../arm-none-eabi/lib/thumb/v7e-m+fp/hard\libm.a(lib_a-w_exp.o)
                0x0000000000002870                exp
 .text.fmod     0x0000000000002910       0x6c d:/leoneware-flipper zero firmware/toolchain/x86_64-windows/bin/../lib/gcc/arm-none-eabi/10.3.1/../../../../arm-none-eabi/lib/thumb/v7e-m+fp/hard\libm.a(lib_a-w_fmod.o)
                0x0000000000002910                fmod
 *fill*         0x000000000000297c        0x4 
 .text.log      0x0000000000002980       0x84 d:/leoneware-flipper zero firmware/toolchain/x86_64-windows/bin/../lib/gcc/arm-none-eabi/10.3.1/../../../../arm-none-eabi/lib/thumb/v7e-m+fp/hard\libm.a(lib_a-w_log.o)
                0x0000000000002980                log
 *fill*         0x0000000000002a04        0x4 
 .text.log10    0x0000000000002a08       0x84 d:/leoneware-flipper zero firmware/toolchain/x86_64-windows/bin/../lib/gcc/arm-none-eabi/10.3.1/../../../../arm-none-eabi/lib/thumb/v7e-m+fp/hard\libm.a(lib_a-w_log10.o)
                0x0000000000002a08                log10
 *fill*         0x0000000000002a8c        0x4 
 .text.pow      0x0000000000002a90       0xf0 d:/leoneware-flipper zero firmware/toolchain/x86_64-windows/bin/../lib/gcc/arm-none-eabi/10.3.1/../../../../arm-none-eabi/lib/thumb/v7e-m+fp/hard\libm.a(lib_a-w_pow.o)
                0x0000000000002a90                pow
 .text.sinh     0x0000000000002b80       0x70 d:/leoneware-flipper zero firmware/toolchain/x86_64-windows/bin/../lib/gcc/arm-none-eabi/10.3.1/../../../../arm-none-eabi/lib/thumb/v7e-m+fp/hard\libm.a(lib_a-w_sinh.o)
                0x0000000000002b80                sinh
 .text.sqrt     0x0000000000002bf0       0x68 d:/leoneware-flipper zero firmware/toolchain/x86_64-windows/bin/../lib/gcc/arm-none-eabi/10.3.1/../../../../arm-none-eabi/lib/thumb/v7e-m+fp/hard\libm.a(lib_a-w_sqrt.o)
                0x0000000000002bf0                sqrt
 .text.__ieee754_acos
                0x0000000000002c58      0x4e0 d:/leoneware-flipper zero firmware/toolchain/x86_64-windows/bin/../lib/gcc/arm-none-eabi/10.3.1/../../../../arm-none-eabi/lib/thumb/v7e-m+fp/hard\libm.a(lib_a-e_acos.o)
                0x0000000000002c58                __ieee754_acos
 .text.__ieee754_asin
                0x0000000000003138      0x4a4 d:/leoneware-flipper zero firmware/toolchain/x86_64-windows/bin/../lib/gcc/arm-none-eabi/10.3.1/../../../../arm-none-eabi/lib/thumb/v7e-m+fp/hard\libm.a(lib_a-e_asin.o)
                0x0000000000003138                __ieee754_asin
 *fill*         0x00000000000035dc        0x4 
 .text.__ieee754_atan2
                0x00000000000035e0      0x1ac d:/leoneware-flipper zero firmware/toolchain/x86_64-windows/bin/../lib/gcc/arm-none-eabi/10.3.1/../../../../arm-none-eabi/lib/thumb/v7e-m+fp/hard\libm.a(lib_a-e_atan2.o)
                0x00000000000035e0                __ieee754_atan2
 .text.__ieee754_cosh
                0x000000000000378c      0x174 d:/leoneware-flipper zero firmware/toolchain/x86_64-windows/bin/../lib/gcc/arm-none-eabi/10.3.1/../../../../arm-none-eabi/lib/thumb/v7e-m+fp/hard\libm.a(lib_a-e_cosh.o)
                0x000000000000378c                __ieee754_cosh
 .text.__ieee754_exp
                0x0000000000003900      0x3dc d:/leoneware-flipper zero firmware/toolchain/x86_64-windows/bin/../lib/gcc/arm-none-eabi/10.3.1/../../../../arm-none-eabi/lib/thumb/v7e-m+fp/hard\libm.a(lib_a-e_exp.o)
                0x0000000000003900                __ieee754_exp
 .text.__ieee754_fmod
                0x0000000000003cdc      0x27c d:/leoneware-flipper zero firmware/toolchain/x86_64-windows/bin/../lib/gcc/arm-none-eabi/10.3.1/../../../../arm-none-eabi/lib/thumb/v7e-m+fp/hard\libm.a(lib_a-e_fmod.o)
                0x0000000000003cdc                __ieee754_fmod
 .text.__ieee754_log
                0x0000000000003f58      0x438 d:/leoneware-flipper zero firmware/toolchain/x86_64-windows/bin/../lib/gcc/arm-none-eabi/10.3.1/../../../../arm-none-eabi/lib/thumb/v7e-m+fp/hard\libm.a(lib_a-e_log.o)
                0x0000000000003f58                __ieee754_log
 .text.__ieee754_log10
                0x0000000000004390      0x12c d:/leoneware-flipper zero firmware/toolchain/x86_64-windows/bin/../lib/gcc/arm-none-eabi/10.3.1/../../../../arm-none-eabi/lib/thumb/v7e-m+fp/hard\libm.a(lib_a-e_log10.o)
                0x0000000000004390                __ieee754_log10
 *fill*         0x00000000000044bc        0x4 
 .text.__ieee754_pow
                0x00000000000044c0      0xb74 d:/leoneware-flipper zero firmware/toolchain/x86_64-windows/bin/../lib/gcc/arm-none-eabi/10.3.1/../../../../arm-none-eabi/lib/thumb/v7e-m+fp/hard\libm.a(lib_a-e_pow.o)
                0x00000000000044c0                __ieee754_pow
 *fill*         0x0000000000005034        0x4 
 .text.__ieee754_rem_pio2
                0x0000000000005038      0x44c d:/leoneware-flipper zero firmware/toolchain/x86_64-windows/bin/../lib/gcc/arm-none-eabi/10.3.1/../../../../arm-none-eabi/lib/thumb/v7e-m+fp/hard\libm.a(lib_a-e_rem_pio2.o)
                0x0000000000005038                __ieee754_rem_pio2
 *fill*         0x0000000000005484        0x4 
 .text.__ieee754_sinh
                0x0000000000005488      0x1c8 d:/leoneware-flipper zero firmware/toolchain/x86_64-windows/bin/../lib/gcc/arm-none-eabi/10.3.1/../../../../arm-none-eabi/lib/thumb/v7e-m+fp/hard\libm.a(lib_a-e_sinh.o)
                0x0000000000005488                __ieee754_sinh
 .text.__ieee754_sqrt
                0x0000000000005650      0x198 d:/leoneware-flipper zero firmware/toolchain/x86_64-windows/bin/../lib/gcc/arm-none-eabi/10.3.1/../../../../arm-none-eabi/lib/thumb/v7e-m+fp/hard\libm.a(lib_a-e_sqrt.o)
                0x0000000000005650                __ieee754_sqrt
 .text.__kernel_cos
                0x00000000000057e8      0x27c d:/leoneware-flipper zero firmware/toolchain/x86_64-windows/bin/../lib/gcc/arm-none-eabi/10.3.1/../../../../arm-none-eabi/lib/thumb/v7e-m+fp/hard\libm.a(lib_a-k_cos.o)
                0x00000000000057e8                __kernel_cos
 *fill*         0x0000000000005a64        0x4 
 .text.__kernel_rem_pio2
                0x0000000000005a68      0x850 d:/leoneware-flipper zero firmware/toolchain/x86_64-windows/bin/../lib/gcc/arm-none-eabi/10.3.1/../../../../arm-none-eabi/lib/thumb/v7e-m+fp/hard\libm.a(lib_a-k_rem_pio2.o)
                0x0000000000005a68                __kernel_rem_pio2
 .text.__kernel_sin
                0x00000000000062b8      0x17c d:/leoneware-flipper zero firmware/toolchain/x86_64-windows/bin/../lib/gcc/arm-none-eabi/10.3.1/../../../../arm-none-eabi/lib/thumb/v7e-m+fp/hard\libm.a(lib_a-k_sin.o)
                0x00000000000062b8                __kernel_sin
 *fill*         0x0000000000006434        0x4 
 .text.__kernel_tan
                0x0000000000006438      0x444 d:/leoneware-flipper zero firmware/toolchain/x86_64-windows/bin/../lib/gcc/arm-none-eabi/10.3.1/../../../../arm-none-eabi/lib/thumb/v7e-m+fp/hard\libm.a(lib_a-k_tan.o)
                0x0000000000006438                __kernel_tan
 .text.with_errno
                0x000000000000687c       0x18 d:/leoneware-flipper zero firmware/toolchain/x86_64-windows/bin/../lib/gcc/arm-none-eabi/10.3.1/../../../../arm-none-eabi/lib/thumb/v7e-m+fp/hard\libm.a(lib_a-math_err.o)
 .text.xflow    0x0000000000006894       0x2c d:/leoneware-flipper zero firmware/toolchain/x86_64-windows/bin/../lib/gcc/arm-none-eabi/10.3.1/../../../../arm-none-eabi/lib/thumb/v7e-m+fp/hard\libm.a(lib_a-math_err.o)
 .text.__math_uflow
                0x00000000000068c0       0x14 d:/leoneware-flipper zero firmware/toolchain/x86_64-windows/bin/../lib/gcc/arm-none-eabi/10.3.1/../../../../arm-none-eabi/lib/thumb/v7e-m+fp/hard\libm.a(lib_a-math_err.o)
                0x00000000000068c0                __math_uflow
 .text.__math_oflow
                0x00000000000068d4       0x14 d:/leoneware-flipper zero firmware/toolchain/x86_64-windows/bin/../lib/gcc/arm-none-eabi/10.3.1/../../../../arm-none-eabi/lib/thumb/v7e-m+fp/hard\libm.a(lib_a-math_err.o)
                0x00000000000068d4                __math_oflow
 .text.expm1    0x00000000000068e8      0x4c0 d:/leoneware-flipper zero firmware/toolchain/x86_64-windows/bin/../lib/gcc/arm-none-eabi/10.3.1/../../../../arm-none-eabi/lib/thumb/v7e-m+fp/hard\libm.a(lib_a-s_expm1.o)
                0x00000000000068e8                expm1
 .text.finite   0x0000000000006da8       0x18 d:/leoneware-flipper zero firmware/toolchain/x86_64-windows/bin/../lib/gcc/arm-none-eabi/10.3.1/../../../../arm-none-eabi/lib/thumb/v7e-m+fp/hard\libm.a(lib_a-s_finite.o)
                0x0000000000006da8                finite
 .text.nan      0x0000000000006dc0       0x10 d:/leoneware-flipper zero firmware/toolchain/x86_64-windows/bin/../lib/gcc/arm-none-eabi/10.3.1/../../../../arm-none-eabi/lib/thumb/v7e-m+fp/hard\libm.a(lib_a-s_nan.o)
                0x0000000000006dc0                nan
 .text.scalbn   0x0000000000006dd0      0x124 d:/leoneware-flipper zero firmware/toolchain/x86_64-windows/bin/../lib/gcc/arm-none-eabi/10.3.1/../../../../arm-none-eabi/lib/thumb/v7e-m+fp/hard\libm.a(lib_a-s_scalbn.o)
                0x0000000000006dd0                scalbn
 *(.text.*)
 *(.text._*)
 *(.init)
 *(.fini)

.rodata         0x0000000000006ef8      0x4e8
 *(.rodata)
 *(.rodata1)
 *(.rodata.*)
 .rodata.generate_calculator_layout.str1.1
                0x0000000000006ef8       0x3f build/f7-firmware-C/.extapps/Calculator/calculator.o
 .rodata.calculator_app.str1.1
                0x0000000000006f37       0x11 build/f7-firmware-C/.extapps/Calculator/calculator.o
 .rodata.str1.1
                0x0000000000006f48       0x6a build/f7-firmware-C/.extapps/Calculator/tinyexpr.o
 *fill*         0x0000000000006fb2        0x2 
 .rodata.functions
                0x0000000000006fb4      0x190 build/f7-firmware-C/.extapps/Calculator/tinyexpr.o
 *fill*         0x0000000000007144        0x4 
 .rodata.atanhi
                0x0000000000007148       0x20 d:/leoneware-flipper zero firmware/toolchain/x86_64-windows/bin/../lib/gcc/arm-none-eabi/10.3.1/../../../../arm-none-eabi/lib/thumb/v7e-m+fp/hard\libm.a(lib_a-s_atan.o)
 .rodata.atanlo
                0x0000000000007168       0x20 d:/leoneware-flipper zero firmware/toolchain/x86_64-windows/bin/../lib/gcc/arm-none-eabi/10.3.1/../../../../arm-none-eabi/lib/thumb/v7e-m+fp/hard\libm.a(lib_a-s_atan.o)
 .rodata.acos.str1.4
                0x0000000000007188        0x1 d:/leoneware-flipper zero firmware/toolchain/x86_64-windows/bin/../lib/gcc/arm-none-eabi/10.3.1/../../../../arm-none-eabi/lib/thumb/v7e-m+fp/hard\libm.a(lib_a-w_acos.o)
 *fill*         0x0000000000007189        0x3 
 .rodata.asin.str1.4
                0x000000000000718c        0x1 d:/leoneware-flipper zero firmware/toolchain/x86_64-windows/bin/../lib/gcc/arm-none-eabi/10.3.1/../../../../arm-none-eabi/lib/thumb/v7e-m+fp/hard\libm.a(lib_a-w_asin.o)
 *fill*         0x000000000000718d        0x3 
 .rodata.log.str1.4
                0x0000000000007190        0x1 d:/leoneware-flipper zero firmware/toolchain/x86_64-windows/bin/../lib/gcc/arm-none-eabi/10.3.1/../../../../arm-none-eabi/lib/thumb/v7e-m+fp/hard\libm.a(lib_a-w_log.o)
 *fill*         0x0000000000007191        0x3 
 .rodata.log10.str1.4
                0x0000000000007194        0x1 d:/leoneware-flipper zero firmware/toolchain/x86_64-windows/bin/../lib/gcc/arm-none-eabi/10.3.1/../../../../arm-none-eabi/lib/thumb/v7e-m+fp/hard\libm.a(lib_a-w_log10.o)
 *fill*         0x0000000000007195        0x3 
 .rodata.CSWTCH.8
                0x0000000000007198       0x18 d:/leoneware-flipper zero firmware/toolchain/x86_64-windows/bin/../lib/gcc/arm-none-eabi/10.3.1/../../../../arm-none-eabi/lib/thumb/v7e-m+fp/hard\libm.a(lib_a-e_atan2.o)
 .rodata.CSWTCH.9
                0x00000000000071b0       0x18 d:/leoneware-flipper zero firmware/toolchain/x86_64-windows/bin/../lib/gcc/arm-none-eabi/10.3.1/../../../../arm-none-eabi/lib/thumb/v7e-m+fp/hard\libm.a(lib_a-e_atan2.o)
 .rodata.halF   0x00000000000071c8       0x10 d:/leoneware-flipper zero firmware/toolchain/x86_64-windows/bin/../lib/gcc/arm-none-eabi/10.3.1/../../../../arm-none-eabi/lib/thumb/v7e-m+fp/hard\libm.a(lib_a-e_exp.o)
 .rodata.ln2HI  0x00000000000071d8       0x10 d:/leoneware-flipper zero firmware/toolchain/x86_64-windows/bin/../lib/gcc/arm-none-eabi/10.3.1/../../../../arm-none-eabi/lib/thumb/v7e-m+fp/hard\libm.a(lib_a-e_exp.o)
 .rodata.ln2LO  0x00000000000071e8       0x10 d:/leoneware-flipper zero firmware/toolchain/x86_64-windows/bin/../lib/gcc/arm-none-eabi/10.3.1/../../../../arm-none-eabi/lib/thumb/v7e-m+fp/hard\libm.a(lib_a-e_exp.o)
 .rodata.Zero   0x00000000000071f8       0x10 d:/leoneware-flipper zero firmware/toolchain/x86_64-windows/bin/../lib/gcc/arm-none-eabi/10.3.1/../../../../arm-none-eabi/lib/thumb/v7e-m+fp/hard\libm.a(lib_a-e_fmod.o)
 .rodata.npio2_hw
                0x0000000000007208       0x80 d:/leoneware-flipper zero firmware/toolchain/x86_64-windows/bin/../lib/gcc/arm-none-eabi/10.3.1/../../../../arm-none-eabi/lib/thumb/v7e-m+fp/hard\libm.a(lib_a-e_rem_pio2.o)
 .rodata.two_over_pi
                0x0000000000007288      0x108 d:/leoneware-flipper zero firmware/toolchain/x86_64-windows/bin/../lib/gcc/arm-none-eabi/10.3.1/../../../../arm-none-eabi/lib/thumb/v7e-m+fp/hard\libm.a(lib_a-e_rem_pio2.o)
 .rodata.PIo2   0x0000000000007390       0x40 d:/leoneware-flipper zero firmware/toolchain/x86_64-windows/bin/../lib/gcc/arm-none-eabi/10.3.1/../../../../arm-none-eabi/lib/thumb/v7e-m+fp/hard\libm.a(lib_a-k_rem_pio2.o)
 .rodata.init_jk
                0x00000000000073d0       0x10 d:/leoneware-flipper zero firmware/toolchain/x86_64-windows/bin/../lib/gcc/arm-none-eabi/10.3.1/../../../../arm-none-eabi/lib/thumb/v7e-m+fp/hard\libm.a(lib_a-k_rem_pio2.o)

.data
 *(.data)
 *(.data1)
 *(.data.*)

.bss
 *(.bss)
 *(.bss*)
 *(.sbss)
 *(.sbss*)
 *(COMMON)

.ARM.attributes
                0x00000000000073e0       0x34
 *(.ARM.attributes)
 .ARM.attributes
                0x00000000000073e0       0x34 build/f7-firmware-C/.extapps/Calculator/calculator.o
 .ARM.attributes
                0x0000000000007414       0x34 build/f7-firmware-C/.extapps/Calculator/tinyexpr.o
 .ARM.attributes
                0x0000000000007448       0x34 d:/leoneware-flipper zero firmware/toolchain/x86_64-windows/bin/../lib/gcc/arm-none-eabi/10.3.1/../../../../arm-none-eabi/lib/thumb/v7e-m+fp/hard\libm.a(lib_a-s_atan.o)
 .ARM.attributes
                0x000000000000747c       0x34 d:/leoneware-flipper zero firmware/toolchain/x86_64-windows/bin/../lib/gcc/arm-none-eabi/10.3.1/../../../../arm-none-eabi/lib/thumb/v7e-m+fp/hard\libm.a(lib_a-s_ceil.o)
 .ARM.attributes
                0x00000000000074b0       0x34 d:/leoneware-flipper zero firmware/toolchain/x86_64-windows/bin/../lib/gcc/arm-none-eabi/10.3.1/../../../../arm-none-eabi/lib/thumb/v7e-m+fp/hard\libm.a(lib_a-s_cos.o)
 .ARM.attributes
                0x00000000000074e4       0x34 d:/leoneware-flipper zero firmware/toolchain/x86_64-windows/bin/../lib/gcc/arm-none-eabi/10.3.1/../../../../arm-none-eabi/lib/thumb/v7e-m+fp/hard\libm.a(lib_a-s_fabs.o)
 .ARM.attributes
                0x0000000000007518       0x34 d:/leoneware-flipper zero firmware/toolchain/x86_64-windows/bin/../lib/gcc/arm-none-eabi/10.3.1/../../../../arm-none-eabi/lib/thumb/v7e-m+fp/hard\libm.a(lib_a-s_floor.o)
 .ARM.attributes
                0x000000000000754c       0x34 d:/leoneware-flipper zero firmware/toolchain/x86_64-windows/bin/../lib/gcc/arm-none-eabi/10.3.1/../../../../arm-none-eabi/lib/thumb/v7e-m+fp/hard\libm.a(lib_a-s_sin.o)
 .ARM.attributes
                0x0000000000007580       0x34 d:/leoneware-flipper zero firmware/toolchain/x86_64-windows/bin/../lib/gcc/arm-none-eabi/10.3.1/../../../../arm-none-eabi/lib/thumb/v7e-m+fp/hard\libm.a(lib_a-s_tan.o)
 .ARM.attributes
                0x00000000000075b4       0x34 d:/leoneware-flipper zero firmware/toolchain/x86_64-windows/bin/../lib/gcc/arm-none-eabi/10.3.1/../../../../arm-none-eabi/lib/thumb/v7e-m+fp/hard\libm.a(lib_a-s_tanh.o)
 .ARM.attributes
                0x00000000000075e8       0x34 d:/leoneware-flipper zero firmware/toolchain/x86_64-windows/bin/../lib/gcc/arm-none-eabi/10.3.1/../../../../arm-none-eabi/lib/thumb/v7e-m+fp/hard\libm.a(lib_a-w_acos.o)
 .ARM.attributes
                0x000000000000761c       0x34 d:/leoneware-flipper zero firmware/toolchain/x86_64-windows/bin/../lib/gcc/arm-none-eabi/10.3.1/../../../../arm-none-eabi/lib/thumb/v7e-m+fp/hard\libm.a(lib_a-w_asin.o)
 .ARM.attributes
                0x0000000000007650       0x34 d:/leoneware-flipper zero firmware/toolchain/x86_64-windows/bin/../lib/gcc/arm-none-eabi/10.3.1/../../../../arm-none-eabi/lib/thumb/v7e-m+fp/hard\libm.a(lib_a-w_atan2.o)
 .ARM.attributes
                0x0000000000007684       0x34 d:/leoneware-flipper zero firmware/toolchain/x86_64-windows/bin/../lib/gcc/arm-none-eabi/10.3.1/../../../../arm-none-eabi/lib/thumb/v7e-m+fp/hard\libm.a(lib_a-w_cosh.o)
 .ARM.attributes
                0x00000000000076b8       0x34 d:/leoneware-flipper zero firmware/toolchain/x86_64-windows/bin/../lib/gcc/arm-none-eabi/10.3.1/../../../../arm-none-eabi/lib/thumb/v7e-m+fp/hard\libm.a(lib_a-w_exp.o)
 .ARM.attributes
                0x00000000000076ec       0x34 d:/leoneware-flipper zero firmware/toolchain/x86_64-windows/bin/../lib/gcc/arm-none-eabi/10.3.1/../../../../arm-none-eabi/lib/thumb/v7e-m+fp/hard\libm.a(lib_a-w_fmod.o)
 .ARM.attributes
                0x0000000000007720       0x34 d:/leoneware-flipper zero firmware/toolchain/x86_64-windows/bin/../lib/gcc/arm-none-eabi/10.3.1/../../../../arm-none-eabi/lib/thumb/v7e-m+fp/hard\libm.a(lib_a-w_log.o)
 .ARM.attributes
                0x0000000000007754       0x34 d:/leoneware-flipper zero firmware/toolchain/x86_64-windows/bin/../lib/gcc/arm-none-eabi/10.3.1/../../../../arm-none-eabi/lib/thumb/v7e-m+fp/hard\libm.a(lib_a-w_log10.o)
 .ARM.attributes
                0x0000000000007788       0x34 d:/leoneware-flipper zero firmware/toolchain/x86_64-windows/bin/../lib/gcc/arm-none-eabi/10.3.1/../../../../arm-none-eabi/lib/thumb/v7e-m+fp/hard\libm.a(lib_a-w_pow.o)
 .ARM.attributes
                0x00000000000077bc       0x34 d:/leoneware-flipper zero firmware/toolchain/x86_64-windows/bin/../lib/gcc/arm-none-eabi/10.3.1/../../../../arm-none-eabi/lib/thumb/v7e-m+fp/hard\libm.a(lib_a-w_sinh.o)
 .ARM.attributes
                0x00000000000077f0       0x34 d:/leoneware-flipper zero firmware/toolchain/x86_64-windows/bin/../lib/gcc/arm-none-eabi/10.3.1/../../../../arm-none-eabi/lib/thumb/v7e-m+fp/hard\libm.a(lib_a-w_sqrt.o)
 .ARM.attributes
                0x0000000000007824       0x34 d:/leoneware-flipper zero firmware/toolchain/x86_64-windows/bin/../lib/gcc/arm-none-eabi/10.3.1/../../../../arm-none-eabi/lib/thumb/v7e-m+fp/hard\libm.a(lib_a-e_acos.o)
 .ARM.attributes
                0x0000000000007858       0x34 d:/leoneware-flipper zero firmware/toolchain/x86_64-windows/bin/../lib/gcc/arm-none-eabi/10.3.1/../../../../arm-none-eabi/lib/thumb/v7e-m+fp/hard\libm.a(lib_a-e_asin.o)
 .ARM.attributes
                0x000000000000788c       0x34 d:/leoneware-flipper zero firmware/toolchain/x86_64-windows/bin/../lib/gcc/arm-none-eabi/10.3.1/../../../../arm-none-eabi/lib/thumb/v7e-m+fp/hard\libm.a(lib_a-e_atan2.o)
 .ARM.attributes
                0x00000000000078c0       0x34 d:/leoneware-flipper zero firmware/toolchain/x86_64-windows/bin/../lib/gcc/arm-none-eabi/10.3.1/../../../../arm-none-eabi/lib/thumb/v7e-m+fp/hard\libm.a(lib_a-e_cosh.o)
 .ARM.attributes
                0x00000000000078f4       0x34 d:/leoneware-flipper zero firmware/toolchain/x86_64-windows/bin/../lib/gcc/arm-none-eabi/10.3.1/../../../../arm-none-eabi/lib/thumb/v7e-m+fp/hard\libm.a(lib_a-e_exp.o)
 .ARM.attributes
                0x0000000000007928       0x34 d:/leoneware-flipper zero firmware/toolchain/x86_64-windows/bin/../lib/gcc/arm-none-eabi/10.3.1/../../../../arm-none-eabi/lib/thumb/v7e-m+fp/hard\libm.a(lib_a-e_fmod.o)
 .ARM.attributes
                0x000000000000795c       0x34 d:/leoneware-flipper zero firmware/toolchain/x86_64-windows/bin/../lib/gcc/arm-none-eabi/10.3.1/../../../../arm-none-eabi/lib/thumb/v7e-m+fp/hard\libm.a(lib_a-e_log.o)
 .ARM.attributes
                0x0000000000007990       0x34 d:/leoneware-flipper zero firmware/toolchain/x86_64-windows/bin/../lib/gcc/arm-none-eabi/10.3.1/../../../../arm-none-eabi/lib/thumb/v7e-m+fp/hard\libm.a(lib_a-e_log10.o)
 .ARM.attributes
                0x00000000000079c4       0x34 d:/leoneware-flipper zero firmware/toolchain/x86_64-windows/bin/../lib/gcc/arm-none-eabi/10.3.1/../../../../arm-none-eabi/lib/thumb/v7e-m+fp/hard\libm.a(lib_a-e_pow.o)
 .ARM.attributes
                0x00000000000079f8       0x34 d:/leoneware-flipper zero firmware/toolchain/x86_64-windows/bin/../lib/gcc/arm-none-eabi/10.3.1/../../../../arm-none-eabi/lib/thumb/v7e-m+fp/hard\libm.a(lib_a-e_rem_pio2.o)
 .ARM.attributes
                0x0000000000007a2c       0x34 d:/leoneware-flipper zero firmware/toolchain/x86_64-windows/bin/../lib/gcc/arm-none-eabi/10.3.1/../../../../arm-none-eabi/lib/thumb/v7e-m+fp/hard\libm.a(lib_a-e_sinh.o)
 .ARM.attributes
                0x0000000000007a60       0x34 d:/leoneware-flipper zero firmware/toolchain/x86_64-windows/bin/../lib/gcc/arm-none-eabi/10.3.1/../../../../arm-none-eabi/lib/thumb/v7e-m+fp/hard\libm.a(lib_a-e_sqrt.o)
 .ARM.attributes
                0x0000000000007a94       0x34 d:/leoneware-flipper zero firmware/toolchain/x86_64-windows/bin/../lib/gcc/arm-none-eabi/10.3.1/../../../../arm-none-eabi/lib/thumb/v7e-m+fp/hard\libm.a(lib_a-k_cos.o)
 .ARM.attributes
                0x0000000000007ac8       0x34 d:/leoneware-flipper zero firmware/toolchain/x86_64-windows/bin/../lib/gcc/arm-none-eabi/10.3.1/../../../../arm-none-eabi/lib/thumb/v7e-m+fp/hard\libm.a(lib_a-k_rem_pio2.o)
 .ARM.attributes
                0x0000000000007afc       0x34 d:/leoneware-flipper zero firmware/toolchain/x86_64-windows/bin/../lib/gcc/arm-none-eabi/10.3.1/../../../../arm-none-eabi/lib/thumb/v7e-m+fp/hard\libm.a(lib_a-k_sin.o)
 .ARM.attributes
                0x0000000000007b30       0x34 d:/leoneware-flipper zero firmware/toolchain/x86_64-windows/bin/../lib/gcc/arm-none-eabi/10.3.1/../../../../arm-none-eabi/lib/thumb/v7e-m+fp/hard\libm.a(lib_a-k_tan.o)
 .ARM.attributes
                0x0000000000007b64       0x34 d:/leoneware-flipper zero firmware/toolchain/x86_64-windows/bin/../lib/gcc/arm-none-eabi/10.3.1/../../../../arm-none-eabi/lib/thumb/v7e-m+fp/hard\libm.a(lib_a-math_err.o)
 .ARM.attributes
                0x0000000000007b98       0x34 d:/leoneware-flipper zero firmware/toolchain/x86_64-windows/bin/../lib/gcc/arm-none-eabi/10.3.1/../../../../arm-none-eabi/lib/thumb/v7e-m+fp/hard\libm.a(lib_a-s_expm1.o)
 .ARM.attributes
                0x0000000000007bcc       0x34 d:/leoneware-flipper zero firmware/toolchain/x86_64-windows/bin/../lib/gcc/arm-none-eabi/10.3.1/../../../../arm-none-eabi/lib/thumb/v7e-m+fp/hard\libm.a(lib_a-s_finite.o)
 .ARM.attributes
                0x0000000000007c00       0x34 d:/leoneware-flipper zero firmware/toolchain/x86_64-windows/bin/../lib/gcc/arm-none-eabi/10.3.1/../../../../arm-none-eabi/lib/thumb/v7e-m+fp/hard\libm.a(lib_a-s_nan.o)
 .ARM.attributes
                0x0000000000007c34       0x34 d:/leoneware-flipper zero firmware/toolchain/x86_64-windows/bin/../lib/gcc/arm-none-eabi/10.3.1/../../../../arm-none-eabi/lib/thumb/v7e-m+fp/hard\libm.a(lib_a-s_scalbn.o)
 .ARM.attributes
                0x0000000000007c68       0x1e d:/leoneware-flipper zero firmware/toolchain/x86_64-windows/bin/../lib/gcc/arm-none-eabi/10.3.1/thumb/v7e-m+fp/hard\libgcc.a(_arm_addsubdf3.o)
 .ARM.attributes
                0x0000000000007c86       0x1e d:/leoneware-flipper zero firmware/toolchain/x86_64-windows/bin/../lib/gcc/arm-none-eabi/10.3.1/thumb/v7e-m+fp/hard\libgcc.a(_arm_muldivdf3.o)
 .ARM.attributes
                0x0000000000007ca4       0x1e d:/leoneware-flipper zero firmware/toolchain/x86_64-windows/bin/../lib/gcc/arm-none-eabi/10.3.1/thumb/v7e-m+fp/hard\libgcc.a(_arm_cmpdf2.o)
 .ARM.attributes
                0x0000000000007cc2       0x1e d:/leoneware-flipper zero firmware/toolchain/x86_64-windows/bin/../lib/gcc/arm-none-eabi/10.3.1/thumb/v7e-m+fp/hard\libgcc.a(_arm_unorddf2.o)
 .ARM.attributes
                0x0000000000007ce0       0x1e d:/leoneware-flipper zero firmware/toolchain/x86_64-windows/bin/../lib/gcc/arm-none-eabi/10.3.1/thumb/v7e-m+fp/hard\libgcc.a(_arm_fixdfsi.o)
 .ARM.attributes
                0x0000000000007cfe       0x1e d:/leoneware-flipper zero firmware/toolchain/x86_64-windows/bin/../lib/gcc/arm-none-eabi/10.3.1/thumb/v7e-m+fp/hard\libgcc.a(_arm_fixunsdfsi.o)
 *(.ARM.attributes.*)

/DISCARD/
 *(.comment)
 *(.comment.*)
 *(.llvmbc)
 *(.llvmcmd)
OUTPUT(build/f7-firmware-C/.extapps/Calculator_d.elf elf32-littlearm)
LOAD linker stubs

.group          0x0000000000000000        0xc
 .group         0x0000000000000000        0xc build/f7-firmware-C/.extapps/Calculator/calculator.o

.group          0x0000000000000000        0xc
 .group         0x0000000000000000        0xc build/f7-firmware-C/.extapps/Calculator/calculator.o

.group          0x0000000000000000        0xc
 .group         0x0000000000000000        0xc build/f7-firmware-C/.extapps/Calculator/calculator.o

.group          0x0000000000000000        0xc
 .group         0x0000000000000000        0xc build/f7-firmware-C/.extapps/Calculator/calculator.o

.group          0x0000000000000000        0xc
 .group         0x0000000000000000        0xc build/f7-firmware-C/.extapps/Calculator/calculator.o

.group          0x0000000000000000        0xc
 .group         0x0000000000000000        0xc build/f7-firmware-C/.extapps/Calculator/calculator.o

.group          0x0000000000000000        0xc
 .group         0x0000000000000000        0xc build/f7-firmware-C/.extapps/Calculator/calculator.o

.group          0x0000000000000000        0xc
 .group         0x0000000000000000        0xc build/f7-firmware-C/.extapps/Calculator/calculator.o

.group          0x0000000000000000        0xc
 .group         0x0000000000000000        0xc build/f7-firmware-C/.extapps/Calculator/calculator.o

.group          0x0000000000000000        0xc
 .group         0x0000000000000000        0xc build/f7-firmware-C/.extapps/Calculator/calculator.o

.group          0x0000000000000000        0xc
 .group         0x0000000000000000        0xc build/f7-firmware-C/.extapps/Calculator/calculator.o

.group          0x0000000000000000        0xc
 .group         0x0000000000000000        0xc build/f7-firmware-C/.extapps/Calculator/calculator.o

.group          0x0000000000000000        0xc
 .group         0x0000000000000000        0xc build/f7-firmware-C/.extapps/Calculator/calculator.o

.group          0x0000000000000000        0xc
 .group         0x0000000000000000        0xc build/f7-firmware-C/.extapps/Calculator/calculator.o

.group          0x0000000000000000        0xc
 .group         0x0000000000000000        0xc build/f7-firmware-C/.extapps/Calculator/calculator.o

.group          0x0000000000000000        0xc
 .group         0x0000000000000000        0xc build/f7-firmware-C/.extapps/Calculator/calculator.o

.group          0x0000000000000000        0xc
 .group         0x0000000000000000        0xc build/f7-firmware-C/.extapps/Calculator/calculator.o

.group          0x0000000000000000        0xc
 .group         0x0000000000000000        0xc build/f7-firmware-C/.extapps/Calculator/calculator.o

.group          0x0000000000000000        0xc
 .group         0x0000000000000000        0xc build/f7-firmware-C/.extapps/Calculator/calculator.o

.group          0x0000000000000000        0xc
 .group         0x0000000000000000        0xc build/f7-firmware-C/.extapps/Calculator/calculator.o

.group          0x0000000000000000        0xc
 .group         0x0000000000000000        0xc build/f7-firmware-C/.extapps/Calculator/calculator.o

.group          0x0000000000000000        0xc
 .group         0x0000000000000000        0xc build/f7-firmware-C/.extapps/Calculator/calculator.o

.group          0x0000000000000000        0xc
 .group         0x0000000000000000        0xc build/f7-firmware-C/.extapps/Calculator/calculator.o

.group          0x0000000000000000        0xc
 .group         0x0000000000000000        0xc build/f7-firmware-C/.extapps/Calculator/calculator.o

.group          0x0000000000000000        0xc
 .group         0x0000000000000000        0xc build/f7-firmware-C/.extapps/Calculator/calculator.o

.group          0x0000000000000000        0xc
 .group         0x0000000000000000        0xc build/f7-firmware-C/.extapps/Calculator/calculator.o

.group          0x0000000000000000        0xc
 .group         0x0000000000000000        0xc build/f7-firmware-C/.extapps/Calculator/calculator.o

.group          0x0000000000000000        0xc
 .group         0x0000000000000000        0xc build/f7-firmware-C/.extapps/Calculator/calculator.o

.group          0x0000000000000000        0xc
 .group         0x0000000000000000        0xc build/f7-firmware-C/.extapps/Calculator/calculator.o

.group          0x0000000000000000        0xc
 .group         0x0000000000000000        0xc build/f7-firmware-C/.extapps/Calculator/calculator.o

.group          0x0000000000000000        0xc
 .group         0x0000000000000000        0xc build/f7-firmware-C/.extapps/Calculator/calculator.o

.group          0x0000000000000000        0xc
 .group         0x0000000000000000        0xc build/f7-firmware-C/.extapps/Calculator/calculator.o

.group          0x0000000000000000        0xc
 .group         0x0000000000000000        0xc build/f7-firmware-C/.extapps/Calculator/calculator.o

.group          0x0000000000000000        0xc
 .group         0x0000000000000000        0xc build/f7-firmware-C/.extapps/Calculator/calculator.o

.group          0x0000000000000000        0xc
 .group         0x0000000000000000        0xc build/f7-firmware-C/.extapps/Calculator/calculator.o

.group          0x0000000000000000        0xc
 .group         0x0000000000000000        0xc build/f7-firmware-C/.extapps/Calculator/calculator.o

.group          0x0000000000000000        0xc
 .group         0x0000000000000000        0xc build/f7-firmware-C/.extapps/Calculator/calculator.o

.group          0x0000000000000000        0xc
 .group         0x0000000000000000        0xc build/f7-firmware-C/.extapps/Calculator/calculator.o

.group          0x0000000000000000        0xc
 .group         0x0000000000000000        0xc build/f7-firmware-C/.extapps/Calculator/calculator.o

.group          0x0000000000000000        0xc
 .group         0x0000000000000000        0xc build/f7-firmware-C/.extapps/Calculator/calculator.o

.group          0x0000000000000000        0xc
 .group         0x0000000000000000        0xc build/f7-firmware-C/.extapps/Calculator/calculator.o

.group          0x0000000000000000        0xc
 .group         0x0000000000000000        0xc build/f7-firmware-C/.extapps/Calculator/calculator.o

.group          0x0000000000000000        0xc
 .group         0x0000000000000000        0xc build/f7-firmware-C/.extapps/Calculator/calculator.o

.group          0x0000000000000000        0xc
 .group         0x0000000000000000        0xc build/f7-firmware-C/.extapps/Calculator/calculator.o

.group          0x0000000000000000        0xc
 .group         0x0000000000000000        0xc build/f7-firmware-C/.extapps/Calculator/calculator.o

.group          0x0000000000000000        0xc
 .group         0x0000000000000000        0xc build/f7-firmware-C/.extapps/Calculator/calculator.o

.group          0x0000000000000000        0xc
 .group         0x0000000000000000        0xc build/f7-firmware-C/.extapps/Calculator/calculator.o

.group          0x0000000000000000        0xc
 .group         0x0000000000000000        0xc build/f7-firmware-C/.extapps/Calculator/calculator.o

.group          0x0000000000000000        0xc
 .group         0x0000000000000000        0xc build/f7-firmware-C/.extapps/Calculator/calculator.o

.group          0x0000000000000000        0xc
 .group         0x0000000000000000        0xc build/f7-firmware-C/.extapps/Calculator/calculator.o

.group          0x0000000000000000        0xc
 .group         0x0000000000000000        0xc build/f7-firmware-C/.extapps/Calculator/calculator.o

.group          0x0000000000000000        0xc
 .group         0x0000000000000000        0xc build/f7-firmware-C/.extapps/Calculator/calculator.o

.group          0x0000000000000000        0xc
 .group         0x0000000000000000        0xc build/f7-firmware-C/.extapps/Calculator/calculator.o

.group          0x0000000000000000        0xc
 .group         0x0000000000000000        0xc build/f7-firmware-C/.extapps/Calculator/calculator.o

.group          0x0000000000000000        0xc
 .group         0x0000000000000000        0xc build/f7-firmware-C/.extapps/Calculator/calculator.o

.group          0x0000000000000000        0xc
 .group         0x0000000000000000        0xc build/f7-firmware-C/.extapps/Calculator/calculator.o

.group          0x0000000000000000        0xc
 .group         0x0000000000000000        0xc build/f7-firmware-C/.extapps/Calculator/calculator.o

.group          0x0000000000000000        0xc
 .group         0x0000000000000000        0xc build/f7-firmware-C/.extapps/Calculator/calculator.o

.group          0x0000000000000000        0xc
 .group         0x0000000000000000        0xc build/f7-firmware-C/.extapps/Calculator/calculator.o

.group          0x0000000000000000        0xc
 .group         0x0000000000000000        0xc build/f7-firmware-C/.extapps/Calculator/calculator.o

.group          0x0000000000000000        0xc
 .group         0x0000000000000000        0xc build/f7-firmware-C/.extapps/Calculator/calculator.o

.group          0x0000000000000000        0xc
 .group         0x0000000000000000        0xc build/f7-firmware-C/.extapps/Calculator/calculator.o

.group          0x0000000000000000        0xc
 .group         0x0000000000000000        0xc build/f7-firmware-C/.extapps/Calculator/calculator.o

.group          0x0000000000000000        0xc
 .group         0x0000000000000000        0xc build/f7-firmware-C/.extapps/Calculator/calculator.o

.group          0x0000000000000000        0xc
 .group         0x0000000000000000        0xc build/f7-firmware-C/.extapps/Calculator/calculator.o

.group          0x0000000000000000        0xc
 .group         0x0000000000000000        0xc build/f7-firmware-C/.extapps/Calculator/calculator.o

.group          0x0000000000000000        0xc
 .group         0x0000000000000000        0xc build/f7-firmware-C/.extapps/Calculator/calculator.o

.group          0x0000000000000000        0xc
 .group         0x0000000000000000        0xc build/f7-firmware-C/.extapps/Calculator/calculator.o

.group          0x0000000000000000        0xc
 .group         0x0000000000000000        0xc build/f7-firmware-C/.extapps/Calculator/calculator.o

.group          0x0000000000000000        0xc
 .group         0x0000000000000000        0xc build/f7-firmware-C/.extapps/Calculator/calculator.o

.group          0x0000000000000000        0xc
 .group         0x0000000000000000        0xc build/f7-firmware-C/.extapps/Calculator/calculator.o

.group          0x0000000000000000        0xc
 .group         0x0000000000000000        0xc build/f7-firmware-C/.extapps/Calculator/calculator.o

.group          0x0000000000000000        0xc
 .group         0x0000000000000000        0xc build/f7-firmware-C/.extapps/Calculator/calculator.o

.group          0x0000000000000000        0xc
 .group         0x0000000000000000        0xc build/f7-firmware-C/.extapps/Calculator/calculator.o

.group          0x0000000000000000        0xc
 .group         0x0000000000000000        0xc build/f7-firmware-C/.extapps/Calculator/calculator.o

.group          0x0000000000000000        0xc
 .group         0x0000000000000000        0xc build/f7-firmware-C/.extapps/Calculator/calculator.o

.group          0x0000000000000000        0xc
 .group         0x0000000000000000        0xc build/f7-firmware-C/.extapps/Calculator/calculator.o

.group          0x0000000000000000        0xc
 .group         0x0000000000000000        0xc build/f7-firmware-C/.extapps/Calculator/calculator.o

.group          0x0000000000000000        0xc
 .group         0x0000000000000000        0xc build/f7-firmware-C/.extapps/Calculator/calculator.o

.group          0x0000000000000000        0xc
 .group         0x0000000000000000        0xc build/f7-firmware-C/.extapps/Calculator/calculator.o

.group          0x0000000000000000        0xc
 .group         0x0000000000000000        0xc build/f7-firmware-C/.extapps/Calculator/calculator.o

.group          0x0000000000000000        0xc
 .group         0x0000000000000000        0xc build/f7-firmware-C/.extapps/Calculator/calculator.o

.group          0x0000000000000000        0xc
 .group         0x0000000000000000        0xc build/f7-firmware-C/.extapps/Calculator/calculator.o

.group          0x0000000000000000        0xc
 .group         0x0000000000000000        0xc build/f7-firmware-C/.extapps/Calculator/calculator.o

.group          0x0000000000000000        0xc
 .group         0x0000000000000000        0xc build/f7-firmware-C/.extapps/Calculator/calculator.o

.group          0x0000000000000000        0xc
 .group         0x0000000000000000        0xc build/f7-firmware-C/.extapps/Calculator/calculator.o

.group          0x0000000000000000        0xc
 .group         0x0000000000000000        0xc build/f7-firmware-C/.extapps/Calculator/calculator.o

.group          0x0000000000000000        0xc
 .group         0x0000000000000000        0xc build/f7-firmware-C/.extapps/Calculator/calculator.o

.group          0x0000000000000000        0xc
 .group         0x0000000000000000        0xc build/f7-firmware-C/.extapps/Calculator/calculator.o

.group          0x0000000000000000        0xc
 .group         0x0000000000000000        0xc build/f7-firmware-C/.extapps/Calculator/calculator.o

.group          0x0000000000000000        0xc
 .group         0x0000000000000000        0xc build/f7-firmware-C/.extapps/Calculator/calculator.o

.group          0x0000000000000000        0xc
 .group         0x0000000000000000        0xc build/f7-firmware-C/.extapps/Calculator/calculator.o

.group          0x0000000000000000        0xc
 .group         0x0000000000000000        0xc build/f7-firmware-C/.extapps/Calculator/calculator.o

.group          0x0000000000000000        0xc
 .group         0x0000000000000000        0xc build/f7-firmware-C/.extapps/Calculator/calculator.o

.group          0x0000000000000000        0xc
 .group         0x0000000000000000        0xc build/f7-firmware-C/.extapps/Calculator/calculator.o

.group          0x0000000000000000        0xc
 .group         0x0000000000000000        0xc build/f7-firmware-C/.extapps/Calculator/calculator.o

.group          0x0000000000000000        0xc
 .group         0x0000000000000000        0xc build/f7-firmware-C/.extapps/Calculator/calculator.o

.group          0x0000000000000000        0xc
 .group         0x0000000000000000        0xc build/f7-firmware-C/.extapps/Calculator/calculator.o

.group          0x0000000000000000        0xc
 .group         0x0000000000000000        0xc build/f7-firmware-C/.extapps/Calculator/calculator.o

.group          0x0000000000000000        0xc
 .group         0x0000000000000000        0xc build/f7-firmware-C/.extapps/Calculator/calculator.o

.group          0x0000000000000000        0xc
 .group         0x0000000000000000        0xc build/f7-firmware-C/.extapps/Calculator/calculator.o

.group          0x0000000000000000        0xc
 .group         0x0000000000000000        0xc build/f7-firmware-C/.extapps/Calculator/calculator.o

.group          0x0000000000000000        0xc
 .group         0x0000000000000000        0xc build/f7-firmware-C/.extapps/Calculator/calculator.o

.group          0x0000000000000000        0xc
 .group         0x0000000000000000        0xc build/f7-firmware-C/.extapps/Calculator/calculator.o

.group          0x0000000000000000        0xc
 .group         0x0000000000000000        0xc build/f7-firmware-C/.extapps/Calculator/calculator.o

.group          0x0000000000000000        0xc
 .group         0x0000000000000000        0xc build/f7-firmware-C/.extapps/Calculator/calculator.o

.group          0x0000000000000000        0xc
 .group         0x0000000000000000        0xc build/f7-firmware-C/.extapps/Calculator/calculator.o

.group          0x0000000000000000        0xc
 .group         0x0000000000000000        0xc build/f7-firmware-C/.extapps/Calculator/calculator.o

.group          0x0000000000000000        0xc
 .group         0x0000000000000000        0xc build/f7-firmware-C/.extapps/Calculator/calculator.o

.group          0x0000000000000000        0xc
 .group         0x0000000000000000        0xc build/f7-firmware-C/.extapps/Calculator/calculator.o

.group          0x0000000000000000        0xc
 .group         0x0000000000000000        0xc build/f7-firmware-C/.extapps/Calculator/calculator.o

.group          0x0000000000000000        0xc
 .group         0x0000000000000000        0xc build/f7-firmware-C/.extapps/Calculator/calculator.o

.group          0x0000000000000000        0xc
 .group         0x0000000000000000        0xc build/f7-firmware-C/.extapps/Calculator/calculator.o

.debug_info     0x0000000000000000     0x2b30
 .debug_info    0x0000000000000000     0x13e9 build/f7-firmware-C/.extapps/Calculator/calculator.o
 .debug_info    0x00000000000013e9     0x1747 build/f7-firmware-C/.extapps/Calculator/tinyexpr.o

.debug_abbrev   0x0000000000000000      0x83a
 .debug_abbrev  0x0000000000000000      0x342 build/f7-firmware-C/.extapps/Calculator/calculator.o
 .debug_abbrev  0x0000000000000342      0x4f8 build/f7-firmware-C/.extapps/Calculator/tinyexpr.o

.debug_loc      0x0000000000000000     0x1baa
 .debug_loc     0x0000000000000000      0x889 build/f7-firmware-C/.extapps/Calculator/calculator.o
 .debug_loc     0x0000000000000889     0x1321 build/f7-firmware-C/.extapps/Calculator/tinyexpr.o

.debug_aranges  0x0000000000000000      0x140
 .debug_aranges
                0x0000000000000000       0x50 build/f7-firmware-C/.extapps/Calculator/calculator.o
 .debug_aranges
                0x0000000000000050       0xf0 build/f7-firmware-C/.extapps/Calculator/tinyexpr.o

.debug_ranges   0x0000000000000000      0x380
 .debug_ranges  0x0000000000000000      0x150 build/f7-firmware-C/.extapps/Calculator/calculator.o
 .debug_ranges  0x0000000000000150      0x230 build/f7-firmware-C/.extapps/Calculator/tinyexpr.o

.debug_macro    0x0000000000000000      0x975
 .debug_macro   0x0000000000000000      0x6e7 build/f7-firmware-C/.extapps/Calculator/calculator.o
 .debug_macro   0x00000000000006e7      0x28e build/f7-firmware-C/.extapps/Calculator/tinyexpr.o

.debug_macro    0x0000000000000000      0xaba
 .debug_macro   0x0000000000000000      0xaba build/f7-firmware-C/.extapps/Calculator/calculator.o

.debug_macro    0x0000000000000000       0x1e
 .debug_macro   0x0000000000000000       0x1e build/f7-firmware-C/.extapps/Calculator/calculator.o

.debug_macro    0x0000000000000000       0x22
 .debug_macro   0x0000000000000000       0x22 build/f7-firmware-C/.extapps/Calculator/calculator.o

.debug_macro    0x0000000000000000       0x5e
 .debug_macro   0x0000000000000000       0x5e build/f7-firmware-C/.extapps/Calculator/calculator.o

.debug_macro    0x0000000000000000       0xe6
 .debug_macro   0x0000000000000000       0xe6 build/f7-firmware-C/.extapps/Calculator/calculator.o

.debug_macro    0x0000000000000000       0x35
 .debug_macro   0x0000000000000000       0x35 build/f7-firmware-C/.extapps/Calculator/calculator.o

.debug_macro    0x0000000000000000       0x34
 .debug_macro   0x0000000000000000       0x34 build/f7-firmware-C/.extapps/Calculator/calculator.o

.debug_macro    0x0000000000000000       0x16
 .debug_macro   0x0000000000000000       0x16 build/f7-firmware-C/.extapps/Calculator/calculator.o

.debug_macro    0x0000000000000000      0x10e
 .debug_macro   0x0000000000000000      0x10e build/f7-firmware-C/.extapps/Calculator/calculator.o

.debug_macro    0x0000000000000000       0x8d
 .debug_macro   0x0000000000000000       0x8d build/f7-firmware-C/.extapps/Calculator/calculator.o

.debug_macro    0x0000000000000000       0x16
 .debug_macro   0x0000000000000000       0x16 build/f7-firmware-C/.extapps/Calculator/calculator.o

.debug_macro    0x0000000000000000       0x43
 .debug_macro   0x0000000000000000       0x43 build/f7-firmware-C/.extapps/Calculator/calculator.o

.debug_macro    0x0000000000000000       0x57
 .debug_macro   0x0000000000000000       0x57 build/f7-firmware-C/.extapps/Calculator/calculator.o

.debug_macro    0x0000000000000000       0x34
 .debug_macro   0x0000000000000000       0x34 build/f7-firmware-C/.extapps/Calculator/calculator.o

.debug_macro    0x0000000000000000       0x10
 .debug_macro   0x0000000000000000       0x10 build/f7-firmware-C/.extapps/Calculator/calculator.o

.debug_macro    0x0000000000000000       0x58
 .debug_macro   0x0000000000000000       0x58 build/f7-firmware-C/.extapps/Calculator/calculator.o

.debug_macro    0x0000000000000000      0x182
 .debug_macro   0x0000000000000000      0x182 build/f7-firmware-C/.extapps/Calculator/calculator.o

.debug_macro    0x0000000000000000      0x341
 .debug_macro   0x0000000000000000      0x341 build/f7-firmware-C/.extapps/Calculator/calculator.o

.debug_macro    0x0000000000000000       0x16
 .debug_macro   0x0000000000000000       0x16 build/f7-firmware-C/.extapps/Calculator/calculator.o

.debug_macro    0x0000000000000000       0x29
 .debug_macro   0x0000000000000000       0x29 build/f7-firmware-C/.extapps/Calculator/calculator.o

.debug_macro    0x0000000000000000       0x10
 .debug_macro   0x0000000000000000       0x10 build/f7-firmware-C/.extapps/Calculator/calculator.o

.debug_macro    0x0000000000000000       0x22
 .debug_macro   0x0000000000000000       0x22 build/f7-firmware-C/.extapps/Calculator/calculator.o

.debug_macro    0x0000000000000000       0x70
 .debug_macro   0x0000000000000000       0x70 build/f7-firmware-C/.extapps/Calculator/calculator.o

.debug_macro    0x0000000000000000       0x22
 .debug_macro   0x0000000000000000       0x22 build/f7-firmware-C/.extapps/Calculator/calculator.o

.debug_macro    0x0000000000000000      0x103
 .debug_macro   0x0000000000000000      0x103 build/f7-firmware-C/.extapps/Calculator/calculator.o

.debug_macro    0x0000000000000000       0x6a
 .debug_macro   0x0000000000000000       0x6a build/f7-firmware-C/.extapps/Calculator/calculator.o

.debug_macro    0x0000000000000000      0x1df
 .debug_macro   0x0000000000000000      0x1df build/f7-firmware-C/.extapps/Calculator/calculator.o

.debug_macro    0x0000000000000000      0x189
 .debug_macro   0x0000000000000000      0x189 build/f7-firmware-C/.extapps/Calculator/calculator.o

.debug_macro    0x0000000000000000      0x15a
 .debug_macro   0x0000000000000000      0x15a build/f7-firmware-C/.extapps/Calculator/calculator.o

.debug_macro    0x0000000000000000       0xdd
 .debug_macro   0x0000000000000000       0xdd build/f7-firmware-C/.extapps/Calculator/calculator.o

.debug_macro    0x0000000000000000       0x28
 .debug_macro   0x0000000000000000       0x28 build/f7-firmware-C/.extapps/Calculator/calculator.o

.debug_macro    0x0000000000000000       0x1f
 .debug_macro   0x0000000000000000       0x1f build/f7-firmware-C/.extapps/Calculator/calculator.o

.debug_macro    0x0000000000000000       0x12
 .debug_macro   0x0000000000000000       0x12 build/f7-firmware-C/.extapps/Calculator/calculator.o

.debug_macro    0x0000000000000000      0x409
 .debug_macro   0x0000000000000000      0x409 build/f7-firmware-C/.extapps/Calculator/calculator.o

.debug_macro    0x0000000000000000       0xc3
 .debug_macro   0x0000000000000000       0xc3 build/f7-firmware-C/.extapps/Calculator/calculator.o

.debug_macro    0x0000000000000000      0x120
 .debug_macro   0x0000000000000000      0x120 build/f7-firmware-C/.extapps/Calculator/calculator.o

.debug_macro    0x0000000000000000       0xfb
 .debug_macro   0x0000000000000000       0xfb build/f7-firmware-C/.extapps/Calculator/calculator.o

.debug_macro    0x0000000000000000       0x28
 .debug_macro   0x0000000000000000       0x28 build/f7-firmware-C/.extapps/Calculator/calculator.o

.debug_macro    0x0000000000000000       0x1c
 .debug_macro   0x0000000000000000       0x1c build/f7-firmware-C/.extapps/Calculator/calculator.o

.debug_macro    0x0000000000000000       0x35
 .debug_macro   0x0000000000000000       0x35 build/f7-firmware-C/.extapps/Calculator/calculator.o

.debug_macro    0x0000000000000000       0x10
 .debug_macro   0x0000000000000000       0x10 build/f7-firmware-C/.extapps/Calculator/calculator.o

.debug_macro    0x0000000000000000       0x10
 .debug_macro   0x0000000000000000       0x10 build/f7-firmware-C/.extapps/Calculator/calculator.o

.debug_macro    0x0000000000000000       0x1c
 .debug_macro   0x0000000000000000       0x1c build/f7-firmware-C/.extapps/Calculator/calculator.o

.debug_macro    0x0000000000000000       0x52
 .debug_macro   0x0000000000000000       0x52 build/f7-firmware-C/.extapps/Calculator/calculator.o

.debug_macro    0x0000000000000000       0x22
 .debug_macro   0x0000000000000000       0x22 build/f7-firmware-C/.extapps/Calculator/calculator.o

.debug_macro    0x0000000000000000       0x10
 .debug_macro   0x0000000000000000       0x10 build/f7-firmware-C/.extapps/Calculator/calculator.o

.debug_macro    0x0000000000000000       0x52
 .debug_macro   0x0000000000000000       0x52 build/f7-firmware-C/.extapps/Calculator/calculator.o

.debug_macro    0x0000000000000000       0xd5
 .debug_macro   0x0000000000000000       0xd5 build/f7-firmware-C/.extapps/Calculator/calculator.o

.debug_macro    0x0000000000000000       0x1c
 .debug_macro   0x0000000000000000       0x1c build/f7-firmware-C/.extapps/Calculator/calculator.o

.debug_macro    0x0000000000000000       0x3d
 .debug_macro   0x0000000000000000       0x3d build/f7-firmware-C/.extapps/Calculator/calculator.o

.debug_macro    0x0000000000000000       0x16
 .debug_macro   0x0000000000000000       0x16 build/f7-firmware-C/.extapps/Calculator/calculator.o

.debug_macro    0x0000000000000000      0x176
 .debug_macro   0x0000000000000000      0x176 build/f7-firmware-C/.extapps/Calculator/calculator.o

.debug_macro    0x0000000000000000       0x4c
 .debug_macro   0x0000000000000000       0x4c build/f7-firmware-C/.extapps/Calculator/calculator.o

.debug_macro    0x0000000000000000       0x70
 .debug_macro   0x0000000000000000       0x70 build/f7-firmware-C/.extapps/Calculator/calculator.o

.debug_macro    0x0000000000000000       0x16
 .debug_macro   0x0000000000000000       0x16 build/f7-firmware-C/.extapps/Calculator/calculator.o

.debug_macro    0x0000000000000000       0x19
 .debug_macro   0x0000000000000000       0x19 build/f7-firmware-C/.extapps/Calculator/calculator.o

.debug_macro    0x0000000000000000       0x7c
 .debug_macro   0x0000000000000000       0x7c build/f7-firmware-C/.extapps/Calculator/calculator.o

.debug_macro    0x0000000000000000       0x17
 .debug_macro   0x0000000000000000       0x17 build/f7-firmware-C/.extapps/Calculator/calculator.o

.debug_macro    0x0000000000000000      0x118
 .debug_macro   0x0000000000000000      0x118 build/f7-firmware-C/.extapps/Calculator/calculator.o

.debug_macro    0x0000000000000000      0x11f
 .debug_macro   0x0000000000000000      0x11f build/f7-firmware-C/.extapps/Calculator/calculator.o

.debug_macro    0x0000000000000000       0x16
 .debug_macro   0x0000000000000000       0x16 build/f7-firmware-C/.extapps/Calculator/calculator.o

.debug_macro    0x0000000000000000     0x2bf8
 .debug_macro   0x0000000000000000     0x2bf8 build/f7-firmware-C/.extapps/Calculator/calculator.o

.debug_macro    0x0000000000000000       0xb2
 .debug_macro   0x0000000000000000       0xb2 build/f7-firmware-C/.extapps/Calculator/calculator.o

.debug_macro    0x0000000000000000       0x28
 .debug_macro   0x0000000000000000       0x28 build/f7-firmware-C/.extapps/Calculator/calculator.o

.debug_macro    0x0000000000000000       0x2e
 .debug_macro   0x0000000000000000       0x2e build/f7-firmware-C/.extapps/Calculator/calculator.o

.debug_macro    0x0000000000000000       0x1c
 .debug_macro   0x0000000000000000       0x1c build/f7-firmware-C/.extapps/Calculator/calculator.o

.debug_macro    0x0000000000000000       0x22
 .debug_macro   0x0000000000000000       0x22 build/f7-firmware-C/.extapps/Calculator/calculator.o

.debug_macro    0x0000000000000000     0x1011
 .debug_macro   0x0000000000000000     0x1011 build/f7-firmware-C/.extapps/Calculator/calculator.o

.debug_macro    0x0000000000000000      0x11f
 .debug_macro   0x0000000000000000      0x11f build/f7-firmware-C/.extapps/Calculator/calculator.o

.debug_macro    0x0000000000000000    0x12ae9
 .debug_macro   0x0000000000000000    0x12ae9 build/f7-firmware-C/.extapps/Calculator/calculator.o

.debug_macro    0x0000000000000000       0x6c
 .debug_macro   0x0000000000000000       0x6c build/f7-firmware-C/.extapps/Calculator/calculator.o

.debug_macro    0x0000000000000000      0x147
 .debug_macro   0x0000000000000000      0x147 build/f7-firmware-C/.extapps/Calculator/calculator.o

.debug_macro    0x0000000000000000      0x557
 .debug_macro   0x0000000000000000      0x557 build/f7-firmware-C/.extapps/Calculator/calculator.o

.debug_macro    0x0000000000000000      0x175
 .debug_macro   0x0000000000000000      0x175 build/f7-firmware-C/.extapps/Calculator/calculator.o

.debug_macro    0x0000000000000000       0x91
 .debug_macro   0x0000000000000000       0x91 build/f7-firmware-C/.extapps/Calculator/calculator.o

.debug_macro    0x0000000000000000      0x89a
 .debug_macro   0x0000000000000000      0x89a build/f7-firmware-C/.extapps/Calculator/calculator.o

.debug_macro    0x0000000000000000      0x1d2
 .debug_macro   0x0000000000000000      0x1d2 build/f7-firmware-C/.extapps/Calculator/calculator.o

.debug_macro    0x0000000000000000      0x259
 .debug_macro   0x0000000000000000      0x259 build/f7-firmware-C/.extapps/Calculator/calculator.o

.debug_macro    0x0000000000000000      0x24d
 .debug_macro   0x0000000000000000      0x24d build/f7-firmware-C/.extapps/Calculator/calculator.o

.debug_macro    0x0000000000000000      0x24c
 .debug_macro   0x0000000000000000      0x24c build/f7-firmware-C/.extapps/Calculator/calculator.o

.debug_macro    0x0000000000000000      0x904
 .debug_macro   0x0000000000000000      0x904 build/f7-firmware-C/.extapps/Calculator/calculator.o

.debug_macro    0x0000000000000000       0x16
 .debug_macro   0x0000000000000000       0x16 build/f7-firmware-C/.extapps/Calculator/calculator.o

.debug_macro    0x0000000000000000       0x10
 .debug_macro   0x0000000000000000       0x10 build/f7-firmware-C/.extapps/Calculator/calculator.o

.debug_macro    0x0000000000000000       0x16
 .debug_macro   0x0000000000000000       0x16 build/f7-firmware-C/.extapps/Calculator/calculator.o

.debug_macro    0x0000000000000000       0x16
 .debug_macro   0x0000000000000000       0x16 build/f7-firmware-C/.extapps/Calculator/calculator.o

.debug_macro    0x0000000000000000       0x28
 .debug_macro   0x0000000000000000       0x28 build/f7-firmware-C/.extapps/Calculator/calculator.o

.debug_macro    0x0000000000000000       0x16
 .debug_macro   0x0000000000000000       0x16 build/f7-firmware-C/.extapps/Calculator/calculator.o

.debug_macro    0x0000000000000000       0xaa
 .debug_macro   0x0000000000000000       0xaa build/f7-firmware-C/.extapps/Calculator/calculator.o

.debug_macro    0x0000000000000000      0x19b
 .debug_macro   0x0000000000000000      0x19b build/f7-firmware-C/.extapps/Calculator/calculator.o

.debug_macro    0x0000000000000000      0x16f
 .debug_macro   0x0000000000000000      0x16f build/f7-firmware-C/.extapps/Calculator/calculator.o

.debug_macro    0x0000000000000000       0xd6
 .debug_macro   0x0000000000000000       0xd6 build/f7-firmware-C/.extapps/Calculator/calculator.o

.debug_macro    0x0000000000000000      0x255
 .debug_macro   0x0000000000000000      0x255 build/f7-firmware-C/.extapps/Calculator/calculator.o

.debug_macro    0x0000000000000000       0x22
 .debug_macro   0x0000000000000000       0x22 build/f7-firmware-C/.extapps/Calculator/calculator.o

.debug_macro    0x0000000000000000       0x6d
 .debug_macro   0x0000000000000000       0x6d build/f7-firmware-C/.extapps/Calculator/calculator.o

.debug_macro    0x0000000000000000       0xc0
 .debug_macro   0x0000000000000000       0xc0 build/f7-firmware-C/.extapps/Calculator/calculator.o

.debug_macro    0x0000000000000000       0xd1
 .debug_macro   0x0000000000000000       0xd1 build/f7-firmware-C/.extapps/Calculator/calculator.o

.debug_macro    0x0000000000000000       0x3a
 .debug_macro   0x0000000000000000       0x3a build/f7-firmware-C/.extapps/Calculator/calculator.o

.debug_macro    0x0000000000000000       0x22
 .debug_macro   0x0000000000000000       0x22 build/f7-firmware-C/.extapps/Calculator/calculator.o

.debug_macro    0x0000000000000000      0x1c2
 .debug_macro   0x0000000000000000      0x1c2 build/f7-firmware-C/.extapps/Calculator/calculator.o

.debug_macro    0x0000000000000000      0x1ce
 .debug_macro   0x0000000000000000      0x1ce build/f7-firmware-C/.extapps/Calculator/calculator.o

.debug_macro    0x0000000000000000       0x5e
 .debug_macro   0x0000000000000000       0x5e build/f7-firmware-C/.extapps/Calculator/calculator.o

.debug_macro    0x0000000000000000       0x1c
 .debug_macro   0x0000000000000000       0x1c build/f7-firmware-C/.extapps/Calculator/calculator.o

.debug_macro    0x0000000000000000       0xff
 .debug_macro   0x0000000000000000       0xff build/f7-firmware-C/.extapps/Calculator/calculator.o

.debug_macro    0x0000000000000000       0xe2
 .debug_macro   0x0000000000000000       0xe2 build/f7-firmware-C/.extapps/Calculator/calculator.o

.debug_macro    0x0000000000000000      0x5f6
 .debug_macro   0x0000000000000000      0x5f6 build/f7-firmware-C/.extapps/Calculator/calculator.o

.debug_macro    0x0000000000000000       0x12
 .debug_macro   0x0000000000000000       0x12 build/f7-firmware-C/.extapps/Calculator/calculator.o

.debug_macro    0x0000000000000000      0x1ba
 .debug_macro   0x0000000000000000      0x1ba build/f7-firmware-C/.extapps/Calculator/calculator.o

.debug_macro    0x0000000000000000       0x34
 .debug_macro   0x0000000000000000       0x34 build/f7-firmware-C/.extapps/Calculator/calculator.o

.debug_macro    0x0000000000000000      0x586
 .debug_macro   0x0000000000000000      0x586 build/f7-firmware-C/.extapps/Calculator/calculator.o

.debug_macro    0x0000000000000000      0x9b0
 .debug_macro   0x0000000000000000      0x9b0 build/f7-firmware-C/.extapps/Calculator/calculator.o

.debug_macro    0x0000000000000000      0x1de
 .debug_macro   0x0000000000000000      0x1de build/f7-firmware-C/.extapps/Calculator/calculator.o

.debug_macro    0x0000000000000000       0x11
 .debug_macro   0x0000000000000000       0x11 build/f7-firmware-C/.extapps/Calculator/calculator.o

.debug_macro    0x0000000000000000       0x10
 .debug_macro   0x0000000000000000       0x10 build/f7-firmware-C/.extapps/Calculator/calculator.o

.debug_line     0x0000000000000000     0x27d1
 .debug_line    0x0000000000000000     0x167c build/f7-firmware-C/.extapps/Calculator/calculator.o
 .debug_line    0x000000000000167c     0x1155 build/f7-firmware-C/.extapps/Calculator/tinyexpr.o

.debug_str      0x0000000000000000    0xf61a1
 .debug_str     0x0000000000000000    0xed568 build/f7-firmware-C/.extapps/Calculator/calculator.o
 .debug_str     0x00000000000ed568     0x8c39 build/f7-firmware-C/.extapps/Calculator/tinyexpr.o

.debug_frame    0x0000000000000000     0x1530
 .debug_frame   0x0000000000000000      0x108 build/f7-firmware-C/.extapps/Calculator/calculator.o
 .debug_frame   0x0000000000000108      0x4f0 build/f7-firmware-C/.extapps/Calculator/tinyexpr.o
 .debug_frame   0x00000000000005f8       0x38 d:/leoneware-flipper zero firmware/toolchain/x86_64-windows/bin/../lib/gcc/arm-none-eabi/10.3.1/../../../../arm-none-eabi/lib/thumb/v7e-m+fp/hard\libm.a(lib_a-s_atan.o)
 .debug_frame   0x0000000000000630       0x30 d:/leoneware-flipper zero firmware/toolchain/x86_64-windows/bin/../lib/gcc/arm-none-eabi/10.3.1/../../../../arm-none-eabi/lib/thumb/v7e-m+fp/hard\libm.a(lib_a-s_ceil.o)
 .debug_frame   0x0000000000000660       0x40 d:/leoneware-flipper zero firmware/toolchain/x86_64-windows/bin/../lib/gcc/arm-none-eabi/10.3.1/../../../../arm-none-eabi/lib/thumb/v7e-m+fp/hard\libm.a(lib_a-s_cos.o)
 .debug_frame   0x00000000000006a0       0x20 d:/leoneware-flipper zero firmware/toolchain/x86_64-windows/bin/../lib/gcc/arm-none-eabi/10.3.1/../../../../arm-none-eabi/lib/thumb/v7e-m+fp/hard\libm.a(lib_a-s_fabs.o)
 .debug_frame   0x00000000000006c0       0x30 d:/leoneware-flipper zero firmware/toolchain/x86_64-windows/bin/../lib/gcc/arm-none-eabi/10.3.1/../../../../arm-none-eabi/lib/thumb/v7e-m+fp/hard\libm.a(lib_a-s_floor.o)
 .debug_frame   0x00000000000006f0       0x3c d:/leoneware-flipper zero firmware/toolchain/x86_64-windows/bin/../lib/gcc/arm-none-eabi/10.3.1/../../../../arm-none-eabi/lib/thumb/v7e-m+fp/hard\libm.a(lib_a-s_sin.o)
 .debug_frame   0x000000000000072c       0x38 d:/leoneware-flipper zero firmware/toolchain/x86_64-windows/bin/../lib/gcc/arm-none-eabi/10.3.1/../../../../arm-none-eabi/lib/thumb/v7e-m+fp/hard\libm.a(lib_a-s_tan.o)
 .debug_frame   0x0000000000000764       0x2c d:/leoneware-flipper zero firmware/toolchain/x86_64-windows/bin/../lib/gcc/arm-none-eabi/10.3.1/../../../../arm-none-eabi/lib/thumb/v7e-m+fp/hard\libm.a(lib_a-s_tanh.o)
 .debug_frame   0x0000000000000790       0x4c d:/leoneware-flipper zero firmware/toolchain/x86_64-windows/bin/../lib/gcc/arm-none-eabi/10.3.1/../../../../arm-none-eabi/lib/thumb/v7e-m+fp/hard\libm.a(lib_a-w_acos.o)
 .debug_frame   0x00000000000007dc       0x4c d:/leoneware-flipper zero firmware/toolchain/x86_64-windows/bin/../lib/gcc/arm-none-eabi/10.3.1/../../../../arm-none-eabi/lib/thumb/v7e-m+fp/hard\libm.a(lib_a-w_asin.o)
 .debug_frame   0x0000000000000828       0x20 d:/leoneware-flipper zero firmware/toolchain/x86_64-windows/bin/../lib/gcc/arm-none-eabi/10.3.1/../../../../arm-none-eabi/lib/thumb/v7e-m+fp/hard\libm.a(lib_a-w_atan2.o)
 .debug_frame   0x0000000000000848       0x48 d:/leoneware-flipper zero firmware/toolchain/x86_64-windows/bin/../lib/gcc/arm-none-eabi/10.3.1/../../../../arm-none-eabi/lib/thumb/v7e-m+fp/hard\libm.a(lib_a-w_cosh.o)
 .debug_frame   0x0000000000000890       0x54 d:/leoneware-flipper zero firmware/toolchain/x86_64-windows/bin/../lib/gcc/arm-none-eabi/10.3.1/../../../../arm-none-eabi/lib/thumb/v7e-m+fp/hard\libm.a(lib_a-w_exp.o)
 .debug_frame   0x00000000000008e4       0x4c d:/leoneware-flipper zero firmware/toolchain/x86_64-windows/bin/../lib/gcc/arm-none-eabi/10.3.1/../../../../arm-none-eabi/lib/thumb/v7e-m+fp/hard\libm.a(lib_a-w_fmod.o)
 .debug_frame   0x0000000000000930       0x4c d:/leoneware-flipper zero firmware/toolchain/x86_64-windows/bin/../lib/gcc/arm-none-eabi/10.3.1/../../../../arm-none-eabi/lib/thumb/v7e-m+fp/hard\libm.a(lib_a-w_log.o)
 .debug_frame   0x000000000000097c       0x4c d:/leoneware-flipper zero firmware/toolchain/x86_64-windows/bin/../lib/gcc/arm-none-eabi/10.3.1/../../../../arm-none-eabi/lib/thumb/v7e-m+fp/hard\libm.a(lib_a-w_log10.o)
 .debug_frame   0x00000000000009c8       0x44 d:/leoneware-flipper zero firmware/toolchain/x86_64-windows/bin/../lib/gcc/arm-none-eabi/10.3.1/../../../../arm-none-eabi/lib/thumb/v7e-m+fp/hard\libm.a(lib_a-w_pow.o)
 .debug_frame   0x0000000000000a0c       0x44 d:/leoneware-flipper zero firmware/toolchain/x86_64-windows/bin/../lib/gcc/arm-none-eabi/10.3.1/../../../../arm-none-eabi/lib/thumb/v7e-m+fp/hard\libm.a(lib_a-w_sinh.o)
 .debug_frame   0x0000000000000a50       0x48 d:/leoneware-flipper zero firmware/toolchain/x86_64-windows/bin/../lib/gcc/arm-none-eabi/10.3.1/../../../../arm-none-eabi/lib/thumb/v7e-m+fp/hard\libm.a(lib_a-w_sqrt.o)
 .debug_frame   0x0000000000000a98       0x38 d:/leoneware-flipper zero firmware/toolchain/x86_64-windows/bin/../lib/gcc/arm-none-eabi/10.3.1/../../../../arm-none-eabi/lib/thumb/v7e-m+fp/hard\libm.a(lib_a-e_acos.o)
 .debug_frame   0x0000000000000ad0       0x80 d:/leoneware-flipper zero firmware/toolchain/x86_64-windows/bin/../lib/gcc/arm-none-eabi/10.3.1/../../../../arm-none-eabi/lib/thumb/v7e-m+fp/hard\libm.a(lib_a-e_asin.o)
 .debug_frame   0x0000000000000b50       0x44 d:/leoneware-flipper zero firmware/toolchain/x86_64-windows/bin/../lib/gcc/arm-none-eabi/10.3.1/../../../../arm-none-eabi/lib/thumb/v7e-m+fp/hard\libm.a(lib_a-e_atan2.o)
 .debug_frame   0x0000000000000b94       0x50 d:/leoneware-flipper zero firmware/toolchain/x86_64-windows/bin/../lib/gcc/arm-none-eabi/10.3.1/../../../../arm-none-eabi/lib/thumb/v7e-m+fp/hard\libm.a(lib_a-e_cosh.o)
 .debug_frame   0x0000000000000be4       0xa8 d:/leoneware-flipper zero firmware/toolchain/x86_64-windows/bin/../lib/gcc/arm-none-eabi/10.3.1/../../../../arm-none-eabi/lib/thumb/v7e-m+fp/hard\libm.a(lib_a-e_exp.o)
 .debug_frame   0x0000000000000c8c       0x34 d:/leoneware-flipper zero firmware/toolchain/x86_64-windows/bin/../lib/gcc/arm-none-eabi/10.3.1/../../../../arm-none-eabi/lib/thumb/v7e-m+fp/hard\libm.a(lib_a-e_fmod.o)
 .debug_frame   0x0000000000000cc0       0x78 d:/leoneware-flipper zero firmware/toolchain/x86_64-windows/bin/../lib/gcc/arm-none-eabi/10.3.1/../../../../arm-none-eabi/lib/thumb/v7e-m+fp/hard\libm.a(lib_a-e_log.o)
 .debug_frame   0x0000000000000d38       0x34 d:/leoneware-flipper zero firmware/toolchain/x86_64-windows/bin/../lib/gcc/arm-none-eabi/10.3.1/../../../../arm-none-eabi/lib/thumb/v7e-m+fp/hard\libm.a(lib_a-e_log10.o)
 .debug_frame   0x0000000000000d6c      0x12c d:/leoneware-flipper zero firmware/toolchain/x86_64-windows/bin/../lib/gcc/arm-none-eabi/10.3.1/../../../../arm-none-eabi/lib/thumb/v7e-m+fp/hard\libm.a(lib_a-e_pow.o)
 .debug_frame   0x0000000000000e98       0x7c d:/leoneware-flipper zero firmware/toolchain/x86_64-windows/bin/../lib/gcc/arm-none-eabi/10.3.1/../../../../arm-none-eabi/lib/thumb/v7e-m+fp/hard\libm.a(lib_a-e_rem_pio2.o)
 .debug_frame   0x0000000000000f14       0x34 d:/leoneware-flipper zero firmware/toolchain/x86_64-windows/bin/../lib/gcc/arm-none-eabi/10.3.1/../../../../arm-none-eabi/lib/thumb/v7e-m+fp/hard\libm.a(lib_a-e_sinh.o)
 .debug_frame   0x0000000000000f48       0x30 d:/leoneware-flipper zero firmware/toolchain/x86_64-windows/bin/../lib/gcc/arm-none-eabi/10.3.1/../../../../arm-none-eabi/lib/thumb/v7e-m+fp/hard\libm.a(lib_a-e_sqrt.o)
 .debug_frame   0x0000000000000f78       0x70 d:/leoneware-flipper zero firmware/toolchain/x86_64-windows/bin/../lib/gcc/arm-none-eabi/10.3.1/../../../../arm-none-eabi/lib/thumb/v7e-m+fp/hard\libm.a(lib_a-k_cos.o)
 .debug_frame   0x0000000000000fe8       0x58 d:/leoneware-flipper zero firmware/toolchain/x86_64-windows/bin/../lib/gcc/arm-none-eabi/10.3.1/../../../../arm-none-eabi/lib/thumb/v7e-m+fp/hard\libm.a(lib_a-k_rem_pio2.o)
 .debug_frame   0x0000000000001040       0x48 d:/leoneware-flipper zero firmware/toolchain/x86_64-windows/bin/../lib/gcc/arm-none-eabi/10.3.1/../../../../arm-none-eabi/lib/thumb/v7e-m+fp/hard\libm.a(lib_a-k_sin.o)
 .debug_frame   0x0000000000001088       0x7c d:/leoneware-flipper zero firmware/toolchain/x86_64-windows/bin/../lib/gcc/arm-none-eabi/10.3.1/../../../../arm-none-eabi/lib/thumb/v7e-m+fp/hard\libm.a(lib_a-k_tan.o)
 .debug_frame   0x0000000000001104      0x124 d:/leoneware-flipper zero firmware/toolchain/x86_64-windows/bin/../lib/gcc/arm-none-eabi/10.3.1/../../../../arm-none-eabi/lib/thumb/v7e-m+fp/hard\libm.a(lib_a-math_err.o)
 .debug_frame   0x0000000000001228       0x6c d:/leoneware-flipper zero firmware/toolchain/x86_64-windows/bin/../lib/gcc/arm-none-eabi/10.3.1/../../../../arm-none-eabi/lib/thumb/v7e-m+fp/hard\libm.a(lib_a-s_expm1.o)
 .debug_frame   0x0000000000001294       0x28 d:/leoneware-flipper zero firmware/toolchain/x86_64-windows/bin/../lib/gcc/arm-none-eabi/10.3.1/../../../../arm-none-eabi/lib/thumb/v7e-m+fp/hard\libm.a(lib_a-s_finite.o)
 .debug_frame   0x00000000000012bc       0x20 d:/leoneware-flipper zero firmware/toolchain/x86_64-windows/bin/../lib/gcc/arm-none-eabi/10.3.1/../../../../arm-none-eabi/lib/thumb/v7e-m+fp/hard\libm.a(lib_a-s_nan.o)
 .debug_frame   0x00000000000012dc       0x2c d:/leoneware-flipper zero firmware/toolchain/x86_64-windows/bin/../lib/gcc/arm-none-eabi/10.3.1/../../../../arm-none-eabi/lib/thumb/v7e-m+fp/hard\libm.a(lib_a-s_scalbn.o)
 .debug_frame   0x0000000000001308       0xac d:/leoneware-flipper zero firmware/toolchain/x86_64-windows/bin/../lib/gcc/arm-none-eabi/10.3.1/thumb/v7e-m+fp/hard\libgcc.a(_arm_addsubdf3.o)
 .debug_frame   0x00000000000013b4       0x50 d:/leoneware-flipper zero firmware/toolchain/x86_64-windows/bin/../lib/gcc/arm-none-eabi/10.3.1/thumb/v7e-m+fp/hard\libgcc.a(_arm_muldivdf3.o)
 .debug_frame   0x0000000000001404       0xc4 d:/leoneware-flipper zero firmware/toolchain/x86_64-windows/bin/../lib/gcc/arm-none-eabi/10.3.1/thumb/v7e-m+fp/hard\libgcc.a(_arm_cmpdf2.o)
 .debug_frame   0x00000000000014c8       0x20 d:/leoneware-flipper zero firmware/toolchain/x86_64-windows/bin/../lib/gcc/arm-none-eabi/10.3.1/thumb/v7e-m+fp/hard\libgcc.a(_arm_unorddf2.o)
 .debug_frame   0x00000000000014e8       0x24 d:/leoneware-flipper zero firmware/toolchain/x86_64-windows/bin/../lib/gcc/arm-none-eabi/10.3.1/thumb/v7e-m+fp/hard\libgcc.a(_arm_fixdfsi.o)
 .debug_frame   0x000000000000150c       0x24 d:/leoneware-flipper zero firmware/toolchain/x86_64-windows/bin/../lib/gcc/arm-none-eabi/10.3.1/thumb/v7e-m+fp/hard\libgcc.a(_arm_fixunsdfsi.o)
