Archive member included to satisfy reference by file (symbol)

d:/leoneware-flipper zero firmware/toolchain/x86_64-windows/bin/../lib/gcc/arm-none-eabi/10.3.1/../../../../arm-none-eabi/lib/thumb/v7e-m+fp/hard\libm.a(lib_a-s_ceil.o)
                              build/f7-firmware-C/.extapps/Flipagotchi/src/pwnagotchi.o (ceil)
d:/leoneware-flipper zero firmware/toolchain/x86_64-windows/bin/../lib/gcc/arm-none-eabi/10.3.1/../../../../arm-none-eabi/lib/thumb/v7e-m+fp/hard\libm.a(lib_a-s_floor.o)
                              build/f7-firmware-C/.extapps/Flipagotchi/src/pwnagotchi.o (floor)
d:/leoneware-flipper zero firmware/toolchain/x86_64-windows/bin/../lib/gcc/arm-none-eabi/10.3.1/thumb/v7e-m+fp/hard\libgcc.a(_arm_addsubdf3.o)
                              d:/leoneware-flipper zero firmware/toolchain/x86_64-windows/bin/../lib/gcc/arm-none-eabi/10.3.1/../../../../arm-none-eabi/lib/thumb/v7e-m+fp/hard\libm.a(lib_a-s_ceil.o) (__aeabi_dadd)
d:/leoneware-flipper zero firmware/toolchain/x86_64-windows/bin/../lib/gcc/arm-none-eabi/10.3.1/thumb/v7e-m+fp/hard\libgcc.a(_arm_muldivdf3.o)
                              build/f7-firmware-C/.extapps/Flipagotchi/src/pwnagotchi.o (__aeabi_ddiv)
d:/leoneware-flipper zero firmware/toolchain/x86_64-windows/bin/../lib/gcc/arm-none-eabi/10.3.1/thumb/v7e-m+fp/hard\libgcc.a(_arm_cmpdf2.o)
                              d:/leoneware-flipper zero firmware/toolchain/x86_64-windows/bin/../lib/gcc/arm-none-eabi/10.3.1/../../../../arm-none-eabi/lib/thumb/v7e-m+fp/hard\libm.a(lib_a-s_ceil.o) (__aeabi_dcmpgt)
d:/leoneware-flipper zero firmware/toolchain/x86_64-windows/bin/../lib/gcc/arm-none-eabi/10.3.1/thumb/v7e-m+fp/hard\libgcc.a(_arm_fixunsdfsi.o)
                              build/f7-firmware-C/.extapps/Flipagotchi/src/pwnagotchi.o (__aeabi_d2uiz)

Discarded input sections

 .text          0x0000000000000000        0x0 build/f7-firmware-C/.extapps/Flipagotchi/src/flipagotchi.o
 .data          0x0000000000000000        0x0 build/f7-firmware-C/.extapps/Flipagotchi/src/flipagotchi.o
 .bss           0x0000000000000000        0x0 build/f7-firmware-C/.extapps/Flipagotchi/src/flipagotchi.o
 .comment       0x0000000000000000       0x4a build/f7-firmware-C/.extapps/Flipagotchi/src/flipagotchi.o
 .group         0x0000000000000000        0xc build/f7-firmware-C/.extapps/Flipagotchi/src/message_queue.o
 .group         0x0000000000000000        0xc build/f7-firmware-C/.extapps/Flipagotchi/src/message_queue.o
 .group         0x0000000000000000        0xc build/f7-firmware-C/.extapps/Flipagotchi/src/message_queue.o
 .group         0x0000000000000000        0xc build/f7-firmware-C/.extapps/Flipagotchi/src/message_queue.o
 .group         0x0000000000000000        0xc build/f7-firmware-C/.extapps/Flipagotchi/src/message_queue.o
 .group         0x0000000000000000        0xc build/f7-firmware-C/.extapps/Flipagotchi/src/message_queue.o
 .group         0x0000000000000000        0xc build/f7-firmware-C/.extapps/Flipagotchi/src/message_queue.o
 .group         0x0000000000000000        0xc build/f7-firmware-C/.extapps/Flipagotchi/src/message_queue.o
 .group         0x0000000000000000        0xc build/f7-firmware-C/.extapps/Flipagotchi/src/message_queue.o
 .group         0x0000000000000000        0xc build/f7-firmware-C/.extapps/Flipagotchi/src/message_queue.o
 .group         0x0000000000000000        0xc build/f7-firmware-C/.extapps/Flipagotchi/src/message_queue.o
 .group         0x0000000000000000        0xc build/f7-firmware-C/.extapps/Flipagotchi/src/message_queue.o
 .group         0x0000000000000000        0xc build/f7-firmware-C/.extapps/Flipagotchi/src/message_queue.o
 .group         0x0000000000000000        0xc build/f7-firmware-C/.extapps/Flipagotchi/src/message_queue.o
 .group         0x0000000000000000        0xc build/f7-firmware-C/.extapps/Flipagotchi/src/message_queue.o
 .group         0x0000000000000000        0xc build/f7-firmware-C/.extapps/Flipagotchi/src/message_queue.o
 .group         0x0000000000000000        0xc build/f7-firmware-C/.extapps/Flipagotchi/src/message_queue.o
 .group         0x0000000000000000        0xc build/f7-firmware-C/.extapps/Flipagotchi/src/message_queue.o
 .group         0x0000000000000000        0xc build/f7-firmware-C/.extapps/Flipagotchi/src/message_queue.o
 .group         0x0000000000000000        0xc build/f7-firmware-C/.extapps/Flipagotchi/src/message_queue.o
 .group         0x0000000000000000        0xc build/f7-firmware-C/.extapps/Flipagotchi/src/message_queue.o
 .group         0x0000000000000000        0xc build/f7-firmware-C/.extapps/Flipagotchi/src/message_queue.o
 .group         0x0000000000000000        0xc build/f7-firmware-C/.extapps/Flipagotchi/src/message_queue.o
 .group         0x0000000000000000        0xc build/f7-firmware-C/.extapps/Flipagotchi/src/message_queue.o
 .group         0x0000000000000000        0xc build/f7-firmware-C/.extapps/Flipagotchi/src/message_queue.o
[...]
Memory Configuration

Name             Origin             Length             Attributes
*default*        0x0000000000000000 0xffffffffffffffff

Linker script and memory map

LOAD build/f7-firmware-C/.extapps/Flipagotchi/src/flipagotchi.o
LOAD build/f7-firmware-C/.extapps/Flipagotchi/src/message_queue.o
LOAD build/f7-firmware-C/.extapps/Flipagotchi/src/pwnagotchi.o
LOAD build/f7-firmware-C/.extapps/Flipagotchi/flipagotchi_icons.o
LOAD d:/leoneware-flipper zero firmware/toolchain/x86_64-windows/bin/../lib/gcc/arm-none-eabi/10.3.1/../../../../arm-none-eabi/lib/thumb/v7e-m+fp/hard\libm.a
LOAD d:/leoneware-flipper zero firmware/toolchain/x86_64-windows/bin/../lib/gcc/arm-none-eabi/10.3.1/thumb/v7e-m+fp/hard\libgcc.a
LOAD d:/leoneware-flipper zero firmware/toolchain/x86_64-windows/bin/../lib/gcc/arm-none-eabi/10.3.1/../../../../arm-none-eabi/lib/thumb/v7e-m+fp/hard\libstdc++_nano.a
LOAD d:/leoneware-flipper zero firmware/toolchain/x86_64-windows/bin/../lib/gcc/arm-none-eabi/10.3.1/../../../../arm-none-eabi/lib/thumb/v7e-m+fp/hard\libsupc++_nano.a

.text           0x0000000000000000     0x1520
 *(.text)
 .text          0x0000000000000000      0x378 d:/leoneware-flipper zero firmware/toolchain/x86_64-windows/bin/../lib/gcc/arm-none-eabi/10.3.1/thumb/v7e-m+fp/hard\libgcc.a(_arm_addsubdf3.o)
                0x0000000000000000                __aeabi_drsub
                0x0000000000000008                __aeabi_dsub
                0x0000000000000008                __subdf3
                0x000000000000000c                __aeabi_dadd
                0x000000000000000c                __adddf3
                0x0000000000000284                __floatunsidf
                0x0000000000000284                __aeabi_ui2d
                0x00000000000002a4                __floatsidf
                0x00000000000002a4                __aeabi_i2d
                0x00000000000002c8                __aeabi_f2d
                0x00000000000002c8                __extendsfdf2
                0x000000000000030c                __floatundidf
                0x000000000000030c                __aeabi_ul2d
                0x000000000000031c                __floatdidf
                0x000000000000031c                __aeabi_l2d
 .text          0x0000000000000378      0x424 d:/leoneware-flipper zero firmware/toolchain/x86_64-windows/bin/../lib/gcc/arm-none-eabi/10.3.1/thumb/v7e-m+fp/hard\libgcc.a(_arm_muldivdf3.o)
                0x0000000000000378                __aeabi_dmul
                0x0000000000000378                __muldf3
                0x00000000000005cc                __divdf3
                0x00000000000005cc                __aeabi_ddiv
 .text          0x000000000000079c      0x110 d:/leoneware-flipper zero firmware/toolchain/x86_64-windows/bin/../lib/gcc/arm-none-eabi/10.3.1/thumb/v7e-m+fp/hard\libgcc.a(_arm_cmpdf2.o)
                0x000000000000079c                __gtdf2
                0x000000000000079c                __gedf2
                0x00000000000007a4                __ltdf2
                0x00000000000007a4                __ledf2
                0x00000000000007ac                __nedf2
                0x00000000000007ac                __eqdf2
                0x00000000000007ac                __cmpdf2
                0x0000000000000828                __aeabi_cdrcmple
                0x0000000000000838                __aeabi_cdcmpeq
                0x0000000000000838                __aeabi_cdcmple
                0x0000000000000848                __aeabi_dcmpeq
                0x000000000000085c                __aeabi_dcmplt
                0x0000000000000870                __aeabi_dcmple
                0x0000000000000884                __aeabi_dcmpge
                0x0000000000000898                __aeabi_dcmpgt
 .text          0x00000000000008ac       0x40 d:/leoneware-flipper zero firmware/toolchain/x86_64-windows/bin/../lib/gcc/arm-none-eabi/10.3.1/thumb/v7e-m+fp/hard\libgcc.a(_arm_fixunsdfsi.o)
                0x00000000000008ac                __aeabi_d2uiz
                0x00000000000008ac                __fixunsdfsi
 *(.stub)
 *(.text*)
 .text.flipagotchi_view_input_callback
                0x00000000000008ec        0x4 build/f7-firmware-C/.extapps/Flipagotchi/src/flipagotchi.o
 .text.flipagotchi_exit
                0x00000000000008f0        0x6 build/f7-firmware-C/.extapps/Flipagotchi/src/flipagotchi.o
 *fill*         0x00000000000008f6        0x2 
 .text.flipagotchi_on_irq_cb
                0x00000000000008f8       0x34 build/f7-firmware-C/.extapps/Flipagotchi/src/flipagotchi.o
 .text.flipagotchi_view_draw_callback
                0x000000000000092c       0x10 build/f7-firmware-C/.extapps/Flipagotchi/src/flipagotchi.o
 .text.flipagotchi_worker
                0x000000000000093c      0x1fc build/f7-firmware-C/.extapps/Flipagotchi/src/flipagotchi.o
 .text.flipagotchi_app
                0x0000000000000b38      0x208 build/f7-firmware-C/.extapps/Flipagotchi/src/flipagotchi.o
                0x0000000000000b38                flipagotchi_app
 .text.message_queue_alloc
                0x0000000000000d40       0x34 build/f7-firmware-C/.extapps/Flipagotchi/src/message_queue.o
                0x0000000000000d40                message_queue_alloc
 .text.message_queue_free
                0x0000000000000d74       0x18 build/f7-firmware-C/.extapps/Flipagotchi/src/message_queue.o
                0x0000000000000d74                message_queue_free
 .text.message_queue_has_message
                0x0000000000000d8c       0x30 build/f7-firmware-C/.extapps/Flipagotchi/src/message_queue.o
                0x0000000000000d8c                message_queue_has_message
 .text.message_queue_push_byte
                0x0000000000000dbc       0x18 build/f7-firmware-C/.extapps/Flipagotchi/src/message_queue.o
                0x0000000000000dbc                message_queue_push_byte
 .text.message_queue_pop_message
                0x0000000000000dd4       0x78 build/f7-firmware-C/.extapps/Flipagotchi/src/message_queue.o
                0x0000000000000dd4                message_queue_pop_message
 .text.pwnagotchi_alloc
                0x0000000000000e4c       0x88 build/f7-firmware-C/.extapps/Flipagotchi/src/pwnagotchi.o
                0x0000000000000e4c                pwnagotchi_alloc
 .text.pwnagotchi_draw_face
                0x0000000000000ed4       0x34 build/f7-firmware-C/.extapps/Flipagotchi/src/pwnagotchi.o
                0x0000000000000ed4                pwnagotchi_draw_face
 .text.pwnagotchi_draw_name
                0x0000000000000f08       0x5c build/f7-firmware-C/.extapps/Flipagotchi/src/pwnagotchi.o
                0x0000000000000f08                pwnagotchi_draw_name
 .text.pwnagotchi_draw_channel
                0x0000000000000f64       0x54 build/f7-firmware-C/.extapps/Flipagotchi/src/pwnagotchi.o
                0x0000000000000f64                pwnagotchi_draw_channel
 .text.pwnagotchi_draw_aps
                0x0000000000000fb8       0x50 build/f7-firmware-C/.extapps/Flipagotchi/src/pwnagotchi.o
                0x0000000000000fb8                pwnagotchi_draw_aps
 .text.pwnagotchi_draw_uptime
                0x0000000000001008       0x58 build/f7-firmware-C/.extapps/Flipagotchi/src/pwnagotchi.o
                0x0000000000001008                pwnagotchi_draw_uptime
 .text.pwnagotchi_draw_lines
                0x0000000000001060       0x28 build/f7-firmware-C/.extapps/Flipagotchi/src/pwnagotchi.o
                0x0000000000001060                pwnagotchi_draw_lines
 .text.pwnagotchi_draw_handshakes
                0x0000000000001088       0x58 build/f7-firmware-C/.extapps/Flipagotchi/src/pwnagotchi.o
                0x0000000000001088                pwnagotchi_draw_handshakes
 .text.pwnagotchi_draw_mode
                0x00000000000010e0       0x58 build/f7-firmware-C/.extapps/Flipagotchi/src/pwnagotchi.o
                0x00000000000010e0                pwnagotchi_draw_mode
 .text.pwnagotchi_draw_message
                0x0000000000001138      0x160 build/f7-firmware-C/.extapps/Flipagotchi/src/pwnagotchi.o
                0x0000000000001138                pwnagotchi_draw_message
 .text.pwnagotchi_draw_all
                0x0000000000001298       0x74 build/f7-firmware-C/.extapps/Flipagotchi/src/pwnagotchi.o
                0x0000000000001298                pwnagotchi_draw_all
 .text.pwnagotchi_free
                0x000000000000130c        0x8 build/f7-firmware-C/.extapps/Flipagotchi/src/pwnagotchi.o
                0x000000000000130c                pwnagotchi_free
 *fill*         0x0000000000001314        0x4 
 .text.ceil     0x0000000000001318      0x100 d:/leoneware-flipper zero firmware/toolchain/x86_64-windows/bin/../lib/gcc/arm-none-eabi/10.3.1/../../../../arm-none-eabi/lib/thumb/v7e-m+fp/hard\libm.a(lib_a-s_ceil.o)
                0x0000000000001318                ceil
 .text.floor    0x0000000000001418      0x108 d:/leoneware-flipper zero firmware/toolchain/x86_64-windows/bin/../lib/gcc/arm-none-eabi/10.3.1/../../../../arm-none-eabi/lib/thumb/v7e-m+fp/hard\libm.a(lib_a-s_floor.o)
                0x0000000000001418                floor
 *(.text.*)
 *(.text._*)
 *(.init)
 *(.fini)

.rodata         0x0000000000001520      0x947
 *(.rodata)
 *(.rodata1)
 *(.rodata.*)
 .rodata.flipagotchi_worker.str1.1
                0x0000000000001520       0x3f build/f7-firmware-C/.extapps/Flipagotchi/src/flipagotchi.o
 .rodata.flipagotchi_app.str1.1
                0x000000000000155f       0x1f build/f7-firmware-C/.extapps/Flipagotchi/src/flipagotchi.o
 *fill*         0x000000000000157e        0x2 
 .rodata.sequence_notification
                0x0000000000001580       0x10 build/f7-firmware-C/.extapps/Flipagotchi/src/flipagotchi.o
                0x0000000000001580                sequence_notification
 .rodata.pwnagotchi_alloc.str1.1
                0x0000000000001590       0x26 build/f7-firmware-C/.extapps/Flipagotchi/src/pwnagotchi.o
 .rodata.pwnagotchi_draw_name.str1.1
                0x00000000000015b6        0x2 build/f7-firmware-C/.extapps/Flipagotchi/src/pwnagotchi.o
 .rodata.pwnagotchi_draw_channel.str1.1
                0x00000000000015b8        0x3 build/f7-firmware-C/.extapps/Flipagotchi/src/pwnagotchi.o
 .rodata.pwnagotchi_draw_uptime.str1.1
                0x00000000000015bb        0x3 build/f7-firmware-C/.extapps/Flipagotchi/src/pwnagotchi.o
 .rodata.pwnagotchi_draw_handshakes.str1.1
                0x00000000000015be        0x6 build/f7-firmware-C/.extapps/Flipagotchi/src/pwnagotchi.o
 .rodata.pwnagotchi_draw_mode.str1.1
                0x00000000000015c4        0xd build/f7-firmware-C/.extapps/Flipagotchi/src/pwnagotchi.o
 .rodata.pwnagotchi_draw_message.str1.1
                0x00000000000015d1        0x2 build/f7-firmware-C/.extapps/Flipagotchi/src/pwnagotchi.o
 *fill*         0x00000000000015d3        0x1 
 .rodata.CSWTCH.4
                0x00000000000015d4       0x68 build/f7-firmware-C/.extapps/Flipagotchi/src/pwnagotchi.o
 .rodata.I_angry_flipagotchi
                0x000000000000163c        0x8 build/f7-firmware-C/.extapps/Flipagotchi/flipagotchi_icons.o
                0x000000000000163c                I_angry_flipagotchi
 .rodata.I_awake_flipagotchi
                0x0000000000001644        0x8 build/f7-firmware-C/.extapps/Flipagotchi/flipagotchi_icons.o
                0x0000000000001644                I_awake_flipagotchi
 .rodata.I_bored_flipagotchi
                0x000000000000164c        0x8 build/f7-firmware-C/.extapps/Flipagotchi/flipagotchi_icons.o
                0x000000000000164c                I_bored_flipagotchi
 .rodata.I_broken_flipagotchi
                0x0000000000001654        0x8 build/f7-firmware-C/.extapps/Flipagotchi/flipagotchi_icons.o
                0x0000000000001654                I_broken_flipagotchi
 .rodata.I_cool_flipagotchi
                0x000000000000165c        0x8 build/f7-firmware-C/.extapps/Flipagotchi/flipagotchi_icons.o
                0x000000000000165c                I_cool_flipagotchi
 .rodata.I_debug_flipagotchi
                0x0000000000001664        0x8 build/f7-firmware-C/.extapps/Flipagotchi/flipagotchi_icons.o
                0x0000000000001664                I_debug_flipagotchi
 .rodata.I_demotivated_flipagotchi
                0x000000000000166c        0x8 build/f7-firmware-C/.extapps/Flipagotchi/flipagotchi_icons.o
                0x000000000000166c                I_demotivated_flipagotchi
 .rodata.I_excited_flipagotchi
                0x0000000000001674        0x8 build/f7-firmware-C/.extapps/Flipagotchi/flipagotchi_icons.o
                0x0000000000001674                I_excited_flipagotchi
 .rodata.I_friend_flipagotchi
                0x000000000000167c        0x8 build/f7-firmware-C/.extapps/Flipagotchi/flipagotchi_icons.o
                0x000000000000167c                I_friend_flipagotchi
 .rodata.I_grateful_flipagotchi
                0x0000000000001684        0x8 build/f7-firmware-C/.extapps/Flipagotchi/flipagotchi_icons.o
                0x0000000000001684                I_grateful_flipagotchi
 .rodata.I_happy_flipagotchi
                0x000000000000168c        0x8 build/f7-firmware-C/.extapps/Flipagotchi/flipagotchi_icons.o
                0x000000000000168c                I_happy_flipagotchi
 .rodata.I_intense_flipagotchi
                0x0000000000001694        0x8 build/f7-firmware-C/.extapps/Flipagotchi/flipagotchi_icons.o
                0x0000000000001694                I_intense_flipagotchi
 .rodata.I_lonely_flipagotchi
                0x000000000000169c        0x8 build/f7-firmware-C/.extapps/Flipagotchi/flipagotchi_icons.o
                0x000000000000169c                I_lonely_flipagotchi
 .rodata.I_look_l_flipagotchi
                0x00000000000016a4        0x8 build/f7-firmware-C/.extapps/Flipagotchi/flipagotchi_icons.o
                0x00000000000016a4                I_look_l_flipagotchi
 .rodata.I_look_l_happy_flipagotchi
                0x00000000000016ac        0x8 build/f7-firmware-C/.extapps/Flipagotchi/flipagotchi_icons.o
                0x00000000000016ac                I_look_l_happy_flipagotchi
 .rodata.I_look_r_flipagotchi
                0x00000000000016b4        0x8 build/f7-firmware-C/.extapps/Flipagotchi/flipagotchi_icons.o
                0x00000000000016b4                I_look_r_flipagotchi
 .rodata.I_look_r_happy_flipagotchi
                0x00000000000016bc        0x8 build/f7-firmware-C/.extapps/Flipagotchi/flipagotchi_icons.o
                0x00000000000016bc                I_look_r_happy_flipagotchi
 .rodata.I_motivated_flipagotchi
                0x00000000000016c4        0x8 build/f7-firmware-C/.extapps/Flipagotchi/flipagotchi_icons.o
                0x00000000000016c4                I_motivated_flipagotchi
 .rodata.I_sad_flipagotchi
                0x00000000000016cc        0x8 build/f7-firmware-C/.extapps/Flipagotchi/flipagotchi_icons.o
                0x00000000000016cc                I_sad_flipagotchi
 .rodata.I_sleep2_flipagotchi
                0x00000000000016d4        0x8 build/f7-firmware-C/.extapps/Flipagotchi/flipagotchi_icons.o
                0x00000000000016d4                I_sleep2_flipagotchi
 .rodata.I_sleep_flipagotchi
                0x00000000000016dc        0x8 build/f7-firmware-C/.extapps/Flipagotchi/flipagotchi_icons.o
                0x00000000000016dc                I_sleep_flipagotchi
 .rodata.I_smart_flipagotchi
                0x00000000000016e4        0x8 build/f7-firmware-C/.extapps/Flipagotchi/flipagotchi_icons.o
                0x00000000000016e4                I_smart_flipagotchi
 .rodata.I_upload1_flipagotchi
                0x00000000000016ec        0x8 build/f7-firmware-C/.extapps/Flipagotchi/flipagotchi_icons.o
                0x00000000000016ec                I_upload1_flipagotchi
 .rodata.I_upload2_flipagotchi
                0x00000000000016f4        0x8 build/f7-firmware-C/.extapps/Flipagotchi/flipagotchi_icons.o
                0x00000000000016f4                I_upload2_flipagotchi
 .rodata.I_upload_flipagotchi
                0x00000000000016fc        0x8 build/f7-firmware-C/.extapps/Flipagotchi/flipagotchi_icons.o
                0x00000000000016fc                I_upload_flipagotchi
 .rodata._I_angry_flipagotchi
                0x0000000000001704        0x4 build/f7-firmware-C/.extapps/Flipagotchi/flipagotchi_icons.o
                0x0000000000001704                _I_angry_flipagotchi
 .rodata._I_angry_flipagotchi_0
                0x0000000000001708       0x3d build/f7-firmware-C/.extapps/Flipagotchi/flipagotchi_icons.o
                0x0000000000001708                _I_angry_flipagotchi_0
 *fill*         0x0000000000001745        0x3 
 .rodata._I_awake_flipagotchi
                0x0000000000001748        0x4 build/f7-firmware-C/.extapps/Flipagotchi/flipagotchi_icons.o
                0x0000000000001748                _I_awake_flipagotchi
 .rodata._I_awake_flipagotchi_0
                0x000000000000174c       0x4a build/f7-firmware-C/.extapps/Flipagotchi/flipagotchi_icons.o
                0x000000000000174c                _I_awake_flipagotchi_0
 *fill*         0x0000000000001796        0x2 
 .rodata._I_bored_flipagotchi
                0x0000000000001798        0x4 build/f7-firmware-C/.extapps/Flipagotchi/flipagotchi_icons.o
                0x0000000000001798                _I_bored_flipagotchi
 .rodata._I_bored_flipagotchi_0
                0x000000000000179c       0x38 build/f7-firmware-C/.extapps/Flipagotchi/flipagotchi_icons.o
                0x000000000000179c                _I_bored_flipagotchi_0
 .rodata._I_broken_flipagotchi
                0x00000000000017d4        0x4 build/f7-firmware-C/.extapps/Flipagotchi/flipagotchi_icons.o
                0x00000000000017d4                _I_broken_flipagotchi
 .rodata._I_broken_flipagotchi_0
                0x00000000000017d8       0x50 build/f7-firmware-C/.extapps/Flipagotchi/flipagotchi_icons.o
                0x00000000000017d8                _I_broken_flipagotchi_0
 .rodata._I_cool_flipagotchi
                0x0000000000001828        0x4 build/f7-firmware-C/.extapps/Flipagotchi/flipagotchi_icons.o
                0x0000000000001828                _I_cool_flipagotchi
 .rodata._I_cool_flipagotchi_0
                0x000000000000182c       0x39 build/f7-firmware-C/.extapps/Flipagotchi/flipagotchi_icons.o
                0x000000000000182c                _I_cool_flipagotchi_0
 *fill*         0x0000000000001865        0x3 
 .rodata._I_debug_flipagotchi
                0x0000000000001868        0x4 build/f7-firmware-C/.extapps/Flipagotchi/flipagotchi_icons.o
                0x0000000000001868                _I_debug_flipagotchi
 .rodata._I_debug_flipagotchi_0
                0x000000000000186c       0x48 build/f7-firmware-C/.extapps/Flipagotchi/flipagotchi_icons.o
                0x000000000000186c                _I_debug_flipagotchi_0
 .rodata._I_demotivated_flipagotchi
                0x00000000000018b4        0x4 build/f7-firmware-C/.extapps/Flipagotchi/flipagotchi_icons.o
                0x00000000000018b4                _I_demotivated_flipagotchi
 .rodata._I_demotivated_flipagotchi_0
                0x00000000000018b8       0x3d build/f7-firmware-C/.extapps/Flipagotchi/flipagotchi_icons.o
                0x00000000000018b8                _I_demotivated_flipagotchi_0
 *fill*         0x00000000000018f5        0x3 
 .rodata._I_excited_flipagotchi
                0x00000000000018f8        0x4 build/f7-firmware-C/.extapps/Flipagotchi/flipagotchi_icons.o
                0x00000000000018f8                _I_excited_flipagotchi
 .rodata._I_excited_flipagotchi_0
                0x00000000000018fc       0x40 build/f7-firmware-C/.extapps/Flipagotchi/flipagotchi_icons.o
                0x00000000000018fc                _I_excited_flipagotchi_0
 .rodata._I_friend_flipagotchi
                0x000000000000193c        0x4 build/f7-firmware-C/.extapps/Flipagotchi/flipagotchi_icons.o
                0x000000000000193c                _I_friend_flipagotchi
 .rodata._I_friend_flipagotchi_0
                0x0000000000001940       0x50 build/f7-firmware-C/.extapps/Flipagotchi/flipagotchi_icons.o
                0x0000000000001940                _I_friend_flipagotchi_0
 .rodata._I_grateful_flipagotchi
                0x0000000000001990        0x4 build/f7-firmware-C/.extapps/Flipagotchi/flipagotchi_icons.o
                0x0000000000001990                _I_grateful_flipagotchi
 .rodata._I_grateful_flipagotchi_0
                0x0000000000001994       0x48 build/f7-firmware-C/.extapps/Flipagotchi/flipagotchi_icons.o
                0x0000000000001994                _I_grateful_flipagotchi_0
 .rodata._I_happy_flipagotchi
                0x00000000000019dc        0x4 build/f7-firmware-C/.extapps/Flipagotchi/flipagotchi_icons.o
                0x00000000000019dc                _I_happy_flipagotchi
 .rodata._I_happy_flipagotchi_0
                0x00000000000019e0       0x45 build/f7-firmware-C/.extapps/Flipagotchi/flipagotchi_icons.o
                0x00000000000019e0                _I_happy_flipagotchi_0
 *fill*         0x0000000000001a25        0x3 
 .rodata._I_intense_flipagotchi
                0x0000000000001a28        0x4 build/f7-firmware-C/.extapps/Flipagotchi/flipagotchi_icons.o
                0x0000000000001a28                _I_intense_flipagotchi
 .rodata._I_intense_flipagotchi_0
                0x0000000000001a2c       0x41 build/f7-firmware-C/.extapps/Flipagotchi/flipagotchi_icons.o
                0x0000000000001a2c                _I_intense_flipagotchi_0
 *fill*         0x0000000000001a6d        0x3 
 .rodata._I_lonely_flipagotchi
                0x0000000000001a70        0x4 build/f7-firmware-C/.extapps/Flipagotchi/flipagotchi_icons.o
                0x0000000000001a70                _I_lonely_flipagotchi
 .rodata._I_lonely_flipagotchi_0
                0x0000000000001a74       0x3f build/f7-firmware-C/.extapps/Flipagotchi/flipagotchi_icons.o
                0x0000000000001a74                _I_lonely_flipagotchi_0
 *fill*         0x0000000000001ab3        0x1 
 .rodata._I_look_l_flipagotchi
                0x0000000000001ab4        0x4 build/f7-firmware-C/.extapps/Flipagotchi/flipagotchi_icons.o
                0x0000000000001ab4                _I_look_l_flipagotchi
 .rodata._I_look_l_flipagotchi_0
                0x0000000000001ab8       0x4f build/f7-firmware-C/.extapps/Flipagotchi/flipagotchi_icons.o
                0x0000000000001ab8                _I_look_l_flipagotchi_0
 *fill*         0x0000000000001b07        0x1 
 .rodata._I_look_l_happy_flipagotchi
                0x0000000000001b08        0x4 build/f7-firmware-C/.extapps/Flipagotchi/flipagotchi_icons.o
                0x0000000000001b08                _I_look_l_happy_flipagotchi
 .rodata._I_look_l_happy_flipagotchi_0
                0x0000000000001b0c       0x4f build/f7-firmware-C/.extapps/Flipagotchi/flipagotchi_icons.o
                0x0000000000001b0c                _I_look_l_happy_flipagotchi_0
 *fill*         0x0000000000001b5b        0x1 
 .rodata._I_look_r_flipagotchi
                0x0000000000001b5c        0x4 build/f7-firmware-C/.extapps/Flipagotchi/flipagotchi_icons.o
                0x0000000000001b5c                _I_look_r_flipagotchi
 .rodata._I_look_r_flipagotchi_0
                0x0000000000001b60       0x52 build/f7-firmware-C/.extapps/Flipagotchi/flipagotchi_icons.o
                0x0000000000001b60                _I_look_r_flipagotchi_0
 *fill*         0x0000000000001bb2        0x2 
 .rodata._I_look_r_happy_flipagotchi
                0x0000000000001bb4        0x4 build/f7-firmware-C/.extapps/Flipagotchi/flipagotchi_icons.o
                0x0000000000001bb4                _I_look_r_happy_flipagotchi
 .rodata._I_look_r_happy_flipagotchi_0
                0x0000000000001bb8       0x4f build/f7-firmware-C/.extapps/Flipagotchi/flipagotchi_icons.o
                0x0000000000001bb8                _I_look_r_happy_flipagotchi_0
 *fill*         0x0000000000001c07        0x1 
 .rodata._I_motivated_flipagotchi
                0x0000000000001c08        0x4 build/f7-firmware-C/.extapps/Flipagotchi/flipagotchi_icons.o
                0x0000000000001c08                _I_motivated_flipagotchi
 .rodata._I_motivated_flipagotchi_0
                0x0000000000001c0c       0x4b build/f7-firmware-C/.extapps/Flipagotchi/flipagotchi_icons.o
                0x0000000000001c0c                _I_motivated_flipagotchi_0
 *fill*         0x0000000000001c57        0x1 
 .rodata._I_sad_flipagotchi
                0x0000000000001c58        0x4 build/f7-firmware-C/.extapps/Flipagotchi/flipagotchi_icons.o
                0x0000000000001c58                _I_sad_flipagotchi
 .rodata._I_sad_flipagotchi_0
                0x0000000000001c5c       0x47 build/f7-firmware-C/.extapps/Flipagotchi/flipagotchi_icons.o
                0x0000000000001c5c                _I_sad_flipagotchi_0
 *fill*         0x0000000000001ca3        0x1 
 .rodata._I_sleep2_flipagotchi
                0x0000000000001ca4        0x4 build/f7-firmware-C/.extapps/Flipagotchi/flipagotchi_icons.o
                0x0000000000001ca4                _I_sleep2_flipagotchi
 .rodata._I_sleep2_flipagotchi_0
                0x0000000000001ca8       0x46 build/f7-firmware-C/.extapps/Flipagotchi/flipagotchi_icons.o
                0x0000000000001ca8                _I_sleep2_flipagotchi_0
 *fill*         0x0000000000001cee        0x2 
 .rodata._I_sleep_flipagotchi
                0x0000000000001cf0        0x4 build/f7-firmware-C/.extapps/Flipagotchi/flipagotchi_icons.o
                0x0000000000001cf0                _I_sleep_flipagotchi
 .rodata._I_sleep_flipagotchi_0
                0x0000000000001cf4       0x46 build/f7-firmware-C/.extapps/Flipagotchi/flipagotchi_icons.o
                0x0000000000001cf4                _I_sleep_flipagotchi_0
 *fill*         0x0000000000001d3a        0x2 
 .rodata._I_smart_flipagotchi
                0x0000000000001d3c        0x4 build/f7-firmware-C/.extapps/Flipagotchi/flipagotchi_icons.o
                0x0000000000001d3c                _I_smart_flipagotchi
 .rodata._I_smart_flipagotchi_0
                0x0000000000001d40       0x49 build/f7-firmware-C/.extapps/Flipagotchi/flipagotchi_icons.o
                0x0000000000001d40                _I_smart_flipagotchi_0
 *fill*         0x0000000000001d89        0x3 
 .rodata._I_upload1_flipagotchi
                0x0000000000001d8c        0x4 build/f7-firmware-C/.extapps/Flipagotchi/flipagotchi_icons.o
                0x0000000000001d8c                _I_upload1_flipagotchi
 .rodata._I_upload1_flipagotchi_0
                0x0000000000001d90       0x40 build/f7-firmware-C/.extapps/Flipagotchi/flipagotchi_icons.o
                0x0000000000001d90                _I_upload1_flipagotchi_0
 .rodata._I_upload2_flipagotchi
                0x0000000000001dd0        0x4 build/f7-firmware-C/.extapps/Flipagotchi/flipagotchi_icons.o
                0x0000000000001dd0                _I_upload2_flipagotchi
 .rodata._I_upload2_flipagotchi_0
                0x0000000000001dd4       0x48 build/f7-firmware-C/.extapps/Flipagotchi/flipagotchi_icons.o
                0x0000000000001dd4                _I_upload2_flipagotchi_0
 .rodata._I_upload_flipagotchi
                0x0000000000001e1c        0x4 build/f7-firmware-C/.extapps/Flipagotchi/flipagotchi_icons.o
                0x0000000000001e1c                _I_upload_flipagotchi
 .rodata._I_upload_flipagotchi_0
                0x0000000000001e20       0x47 build/f7-firmware-C/.extapps/Flipagotchi/flipagotchi_icons.o
                0x0000000000001e20                _I_upload_flipagotchi_0

.data
 *(.data)
 *(.data1)
 *(.data.*)

.bss
 *(.bss)
 *(.bss*)
 *(.sbss)
 *(.sbss*)
 *(COMMON)

.ARM.attributes
                0x0000000000001e67       0x34
 *(.ARM.attributes)
 .ARM.attributes
                0x0000000000001e67       0x34 build/f7-firmware-C/.extapps/Flipagotchi/src/flipagotchi.o
 .ARM.attributes
                0x0000000000001e9b       0x34 build/f7-firmware-C/.extapps/Flipagotchi/src/message_queue.o
 .ARM.attributes
                0x0000000000001ecf       0x34 build/f7-firmware-C/.extapps/Flipagotchi/src/pwnagotchi.o
 .ARM.attributes
                0x0000000000001f03       0x34 build/f7-firmware-C/.extapps/Flipagotchi/flipagotchi_icons.o
 .ARM.attributes
                0x0000000000001f37       0x34 d:/leoneware-flipper zero firmware/toolchain/x86_64-windows/bin/../lib/gcc/arm-none-eabi/10.3.1/../../../../arm-none-eabi/lib/thumb/v7e-m+fp/hard\libm.a(lib_a-s_ceil.o)
 .ARM.attributes
                0x0000000000001f6b       0x34 d:/leoneware-flipper zero firmware/toolchain/x86_64-windows/bin/../lib/gcc/arm-none-eabi/10.3.1/../../../../arm-none-eabi/lib/thumb/v7e-m+fp/hard\libm.a(lib_a-s_floor.o)
 .ARM.attributes
                0x0000000000001f9f       0x1e d:/leoneware-flipper zero firmware/toolchain/x86_64-windows/bin/../lib/gcc/arm-none-eabi/10.3.1/thumb/v7e-m+fp/hard\libgcc.a(_arm_addsubdf3.o)
 .ARM.attributes
                0x0000000000001fbd       0x1e d:/leoneware-flipper zero firmware/toolchain/x86_64-windows/bin/../lib/gcc/arm-none-eabi/10.3.1/thumb/v7e-m+fp/hard\libgcc.a(_arm_muldivdf3.o)
 .ARM.attributes
                0x0000000000001fdb       0x1e d:/leoneware-flipper zero firmware/toolchain/x86_64-windows/bin/../lib/gcc/arm-none-eabi/10.3.1/thumb/v7e-m+fp/hard\libgcc.a(_arm_cmpdf2.o)
 .ARM.attributes
                0x0000000000001ff9       0x1e d:/leoneware-flipper zero firmware/toolchain/x86_64-windows/bin/../lib/gcc/arm-none-eabi/10.3.1/thumb/v7e-m+fp/hard\libgcc.a(_arm_fixunsdfsi.o)
 *(.ARM.attributes.*)

/DISCARD/
 *(.comment)
 *(.comment.*)
 *(.llvmbc)
 *(.llvmcmd)
OUTPUT(build/f7-firmware-C/.extapps/Flipagotchi_d.elf elf32-littlearm)
LOAD linker stubs

.group          0x0000000000000000        0xc
 .group         0x0000000000000000        0xc build/f7-firmware-C/.extapps/Flipagotchi/src/flipagotchi.o

.group          0x0000000000000000        0xc
 .group         0x0000000000000000        0xc build/f7-firmware-C/.extapps/Flipagotchi/src/flipagotchi.o

.group          0x0000000000000000        0xc
 .group         0x0000000000000000        0xc build/f7-firmware-C/.extapps/Flipagotchi/src/flipagotchi.o

.group          0x0000000000000000        0xc
 .group         0x0000000000000000        0xc build/f7-firmware-C/.extapps/Flipagotchi/src/flipagotchi.o

.group          0x0000000000000000        0xc
 .group         0x0000000000000000        0xc build/f7-firmware-C/.extapps/Flipagotchi/src/flipagotchi.o

.group          0x0000000000000000        0xc
 .group         0x0000000000000000        0xc build/f7-firmware-C/.extapps/Flipagotchi/src/flipagotchi.o

.group          0x0000000000000000        0xc
 .group         0x0000000000000000        0xc build/f7-firmware-C/.extapps/Flipagotchi/src/flipagotchi.o

.group          0x0000000000000000        0xc
 .group         0x0000000000000000        0xc build/f7-firmware-C/.extapps/Flipagotchi/src/flipagotchi.o

.group          0x0000000000000000        0xc
 .group         0x0000000000000000        0xc build/f7-firmware-C/.extapps/Flipagotchi/src/flipagotchi.o

.group          0x0000000000000000        0xc
 .group         0x0000000000000000        0xc build/f7-firmware-C/.extapps/Flipagotchi/src/flipagotchi.o

.group          0x0000000000000000        0xc
 .group         0x0000000000000000        0xc build/f7-firmware-C/.extapps/Flipagotchi/src/flipagotchi.o

.group          0x0000000000000000        0xc
 .group         0x0000000000000000        0xc build/f7-firmware-C/.extapps/Flipagotchi/src/flipagotchi.o

.group          0x0000000000000000        0xc
 .group         0x0000000000000000        0xc build/f7-firmware-C/.extapps/Flipagotchi/src/flipagotchi.o

.group          0x0000000000000000        0xc
 .group         0x0000000000000000        0xc build/f7-firmware-C/.extapps/Flipagotchi/src/flipagotchi.o

.group          0x0000000000000000        0xc
 .group         0x0000000000000000        0xc build/f7-firmware-C/.extapps/Flipagotchi/src/flipagotchi.o

.group          0x0000000000000000        0xc
 .group         0x0000000000000000        0xc build/f7-firmware-C/.extapps/Flipagotchi/src/flipagotchi.o

.group          0x0000000000000000        0xc
 .group         0x0000000000000000        0xc build/f7-firmware-C/.extapps/Flipagotchi/src/flipagotchi.o

.group          0x0000000000000000        0xc
 .group         0x0000000000000000        0xc build/f7-firmware-C/.extapps/Flipagotchi/src/flipagotchi.o

.group          0x0000000000000000        0xc
 .group         0x0000000000000000        0xc build/f7-firmware-C/.extapps/Flipagotchi/src/flipagotchi.o

.group          0x0000000000000000        0xc
 .group         0x0000000000000000        0xc build/f7-firmware-C/.extapps/Flipagotchi/src/flipagotchi.o

.group          0x0000000000000000        0xc
 .group         0x0000000000000000        0xc build/f7-firmware-C/.extapps/Flipagotchi/src/flipagotchi.o

.group          0x0000000000000000        0xc
 .group         0x0000000000000000        0xc build/f7-firmware-C/.extapps/Flipagotchi/src/flipagotchi.o

.group          0x0000000000000000        0xc
 .group         0x0000000000000000        0xc build/f7-firmware-C/.extapps/Flipagotchi/src/flipagotchi.o

.group          0x0000000000000000        0xc
 .group         0x0000000000000000        0xc build/f7-firmware-C/.extapps/Flipagotchi/src/flipagotchi.o

.group          0x0000000000000000        0xc
 .group         0x0000000000000000        0xc build/f7-firmware-C/.extapps/Flipagotchi/src/flipagotchi.o

.group          0x0000000000000000        0xc
 .group         0x0000000000000000        0xc build/f7-firmware-C/.extapps/Flipagotchi/src/flipagotchi.o

.group          0x0000000000000000        0xc
 .group         0x0000000000000000        0xc build/f7-firmware-C/.extapps/Flipagotchi/src/flipagotchi.o

.group          0x0000000000000000        0xc
 .group         0x0000000000000000        0xc build/f7-firmware-C/.extapps/Flipagotchi/src/flipagotchi.o

.group          0x0000000000000000        0xc
 .group         0x0000000000000000        0xc build/f7-firmware-C/.extapps/Flipagotchi/src/flipagotchi.o

.group          0x0000000000000000        0xc
 .group         0x0000000000000000        0xc build/f7-firmware-C/.extapps/Flipagotchi/src/flipagotchi.o

.group          0x0000000000000000        0xc
 .group         0x0000000000000000        0xc build/f7-firmware-C/.extapps/Flipagotchi/src/flipagotchi.o

.group          0x0000000000000000        0xc
 .group         0x0000000000000000        0xc build/f7-firmware-C/.extapps/Flipagotchi/src/flipagotchi.o

.group          0x0000000000000000        0xc
 .group         0x0000000000000000        0xc build/f7-firmware-C/.extapps/Flipagotchi/src/flipagotchi.o

.group          0x0000000000000000        0xc
 .group         0x0000000000000000        0xc build/f7-firmware-C/.extapps/Flipagotchi/src/flipagotchi.o

.group          0x0000000000000000        0xc
 .group         0x0000000000000000        0xc build/f7-firmware-C/.extapps/Flipagotchi/src/flipagotchi.o

.group          0x0000000000000000        0xc
 .group         0x0000000000000000        0xc build/f7-firmware-C/.extapps/Flipagotchi/src/flipagotchi.o

.group          0x0000000000000000        0xc
 .group         0x0000000000000000        0xc build/f7-firmware-C/.extapps/Flipagotchi/src/flipagotchi.o

.group          0x0000000000000000        0xc
 .group         0x0000000000000000        0xc build/f7-firmware-C/.extapps/Flipagotchi/src/flipagotchi.o

.group          0x0000000000000000        0xc
 .group         0x0000000000000000        0xc build/f7-firmware-C/.extapps/Flipagotchi/src/flipagotchi.o

.group          0x0000000000000000        0xc
 .group         0x0000000000000000        0xc build/f7-firmware-C/.extapps/Flipagotchi/src/flipagotchi.o

.group          0x0000000000000000        0xc
 .group         0x0000000000000000        0xc build/f7-firmware-C/.extapps/Flipagotchi/src/flipagotchi.o

.group          0x0000000000000000        0xc
 .group         0x0000000000000000        0xc build/f7-firmware-C/.extapps/Flipagotchi/src/flipagotchi.o

.group          0x0000000000000000        0xc
 .group         0x0000000000000000        0xc build/f7-firmware-C/.extapps/Flipagotchi/src/flipagotchi.o

.group          0x0000000000000000        0xc
 .group         0x0000000000000000        0xc build/f7-firmware-C/.extapps/Flipagotchi/src/flipagotchi.o

.group          0x0000000000000000        0xc
 .group         0x0000000000000000        0xc build/f7-firmware-C/.extapps/Flipagotchi/src/flipagotchi.o

.group          0x0000000000000000        0xc
 .group         0x0000000000000000        0xc build/f7-firmware-C/.extapps/Flipagotchi/src/flipagotchi.o

.group          0x0000000000000000        0xc
 .group         0x0000000000000000        0xc build/f7-firmware-C/.extapps/Flipagotchi/src/flipagotchi.o

.group          0x0000000000000000        0xc
 .group         0x0000000000000000        0xc build/f7-firmware-C/.extapps/Flipagotchi/src/flipagotchi.o

.group          0x0000000000000000        0xc
 .group         0x0000000000000000        0xc build/f7-firmware-C/.extapps/Flipagotchi/src/flipagotchi.o

.group          0x0000000000000000        0xc
 .group         0x0000000000000000        0xc build/f7-firmware-C/.extapps/Flipagotchi/src/flipagotchi.o

.group          0x0000000000000000        0xc
 .group         0x0000000000000000        0xc build/f7-firmware-C/.extapps/Flipagotchi/src/flipagotchi.o

.group          0x0000000000000000        0xc
 .group         0x0000000000000000        0xc build/f7-firmware-C/.extapps/Flipagotchi/src/flipagotchi.o

.group          0x0000000000000000        0xc
 .group         0x0000000000000000        0xc build/f7-firmware-C/.extapps/Flipagotchi/src/flipagotchi.o

.group          0x0000000000000000        0xc
 .group         0x0000000000000000        0xc build/f7-firmware-C/.extapps/Flipagotchi/src/flipagotchi.o

.group          0x0000000000000000        0xc
 .group         0x0000000000000000        0xc build/f7-firmware-C/.extapps/Flipagotchi/src/flipagotchi.o

.group          0x0000000000000000        0xc
 .group         0x0000000000000000        0xc build/f7-firmware-C/.extapps/Flipagotchi/src/flipagotchi.o

.group          0x0000000000000000        0xc
 .group         0x0000000000000000        0xc build/f7-firmware-C/.extapps/Flipagotchi/src/flipagotchi.o

.group          0x0000000000000000        0xc
 .group         0x0000000000000000        0xc build/f7-firmware-C/.extapps/Flipagotchi/src/flipagotchi.o

.group          0x0000000000000000        0xc
 .group         0x0000000000000000        0xc build/f7-firmware-C/.extapps/Flipagotchi/src/flipagotchi.o

.group          0x0000000000000000        0xc
 .group         0x0000000000000000        0xc build/f7-firmware-C/.extapps/Flipagotchi/src/flipagotchi.o

.group          0x0000000000000000        0xc
 .group         0x0000000000000000        0xc build/f7-firmware-C/.extapps/Flipagotchi/src/flipagotchi.o

.group          0x0000000000000000        0xc
 .group         0x0000000000000000        0xc build/f7-firmware-C/.extapps/Flipagotchi/src/flipagotchi.o

.group          0x0000000000000000        0xc
 .group         0x0000000000000000        0xc build/f7-firmware-C/.extapps/Flipagotchi/src/flipagotchi.o

.group          0x0000000000000000        0xc
 .group         0x0000000000000000        0xc build/f7-firmware-C/.extapps/Flipagotchi/src/flipagotchi.o

.group          0x0000000000000000        0xc
 .group         0x0000000000000000        0xc build/f7-firmware-C/.extapps/Flipagotchi/src/flipagotchi.o

.group          0x0000000000000000        0xc
 .group         0x0000000000000000        0xc build/f7-firmware-C/.extapps/Flipagotchi/src/flipagotchi.o

.group          0x0000000000000000        0xc
 .group         0x0000000000000000        0xc build/f7-firmware-C/.extapps/Flipagotchi/src/flipagotchi.o

.group          0x0000000000000000        0xc
 .group         0x0000000000000000        0xc build/f7-firmware-C/.extapps/Flipagotchi/src/flipagotchi.o

.group          0x0000000000000000        0xc
 .group         0x0000000000000000        0xc build/f7-firmware-C/.extapps/Flipagotchi/src/flipagotchi.o

.group          0x0000000000000000        0xc
 .group         0x0000000000000000        0xc build/f7-firmware-C/.extapps/Flipagotchi/src/flipagotchi.o

.group          0x0000000000000000        0xc
 .group         0x0000000000000000        0xc build/f7-firmware-C/.extapps/Flipagotchi/src/flipagotchi.o

.group          0x0000000000000000        0xc
 .group         0x0000000000000000        0xc build/f7-firmware-C/.extapps/Flipagotchi/src/flipagotchi.o

.group          0x0000000000000000        0xc
 .group         0x0000000000000000        0xc build/f7-firmware-C/.extapps/Flipagotchi/src/flipagotchi.o

.group          0x0000000000000000        0xc
 .group         0x0000000000000000        0xc build/f7-firmware-C/.extapps/Flipagotchi/src/flipagotchi.o

.group          0x0000000000000000        0xc
 .group         0x0000000000000000        0xc build/f7-firmware-C/.extapps/Flipagotchi/src/flipagotchi.o

.group          0x0000000000000000        0xc
 .group         0x0000000000000000        0xc build/f7-firmware-C/.extapps/Flipagotchi/src/flipagotchi.o

.group          0x0000000000000000        0xc
 .group         0x0000000000000000        0xc build/f7-firmware-C/.extapps/Flipagotchi/src/flipagotchi.o

.group          0x0000000000000000        0xc
 .group         0x0000000000000000        0xc build/f7-firmware-C/.extapps/Flipagotchi/src/flipagotchi.o

.group          0x0000000000000000        0xc
 .group         0x0000000000000000        0xc build/f7-firmware-C/.extapps/Flipagotchi/src/flipagotchi.o

.group          0x0000000000000000        0xc
 .group         0x0000000000000000        0xc build/f7-firmware-C/.extapps/Flipagotchi/src/flipagotchi.o

.group          0x0000000000000000        0xc
 .group         0x0000000000000000        0xc build/f7-firmware-C/.extapps/Flipagotchi/src/flipagotchi.o

.group          0x0000000000000000        0xc
 .group         0x0000000000000000        0xc build/f7-firmware-C/.extapps/Flipagotchi/src/flipagotchi.o

.group          0x0000000000000000        0xc
 .group         0x0000000000000000        0xc build/f7-firmware-C/.extapps/Flipagotchi/src/flipagotchi.o

.group          0x0000000000000000        0xc
 .group         0x0000000000000000        0xc build/f7-firmware-C/.extapps/Flipagotchi/src/pwnagotchi.o

.group          0x0000000000000000        0xc
 .group         0x0000000000000000        0xc build/f7-firmware-C/.extapps/Flipagotchi/flipagotchi_icons.o

.group          0x0000000000000000        0xc
 .group         0x0000000000000000        0xc build/f7-firmware-C/.extapps/Flipagotchi/flipagotchi_icons.o

.debug_info     0x0000000000000000     0x40df
 .debug_info    0x0000000000000000     0x1d8e build/f7-firmware-C/.extapps/Flipagotchi/src/flipagotchi.o
 .debug_info    0x0000000000001d8e      0x3fc build/f7-firmware-C/.extapps/Flipagotchi/src/message_queue.o
 .debug_info    0x000000000000218a     0x16ec build/f7-firmware-C/.extapps/Flipagotchi/src/pwnagotchi.o
 .debug_info    0x0000000000003876      0x869 build/f7-firmware-C/.extapps/Flipagotchi/flipagotchi_icons.o

.debug_abbrev   0x0000000000000000      0xa06
 .debug_abbrev  0x0000000000000000      0x4a5 build/f7-firmware-C/.extapps/Flipagotchi/src/flipagotchi.o
 .debug_abbrev  0x00000000000004a5      0x164 build/f7-firmware-C/.extapps/Flipagotchi/src/message_queue.o
 .debug_abbrev  0x0000000000000609      0x34c build/f7-firmware-C/.extapps/Flipagotchi/src/pwnagotchi.o
 .debug_abbrev  0x0000000000000955       0xb1 build/f7-firmware-C/.extapps/Flipagotchi/flipagotchi_icons.o

.debug_loc      0x0000000000000000      0xf72
 .debug_loc     0x0000000000000000      0x538 build/f7-firmware-C/.extapps/Flipagotchi/src/flipagotchi.o
 .debug_loc     0x0000000000000538      0x28f build/f7-firmware-C/.extapps/Flipagotchi/src/message_queue.o
 .debug_loc     0x00000000000007c7      0x7ab build/f7-firmware-C/.extapps/Flipagotchi/src/pwnagotchi.o

.debug_aranges  0x0000000000000000      0x138
 .debug_aranges
                0x0000000000000000       0x48 build/f7-firmware-C/.extapps/Flipagotchi/src/flipagotchi.o
 .debug_aranges
                0x0000000000000048       0x50 build/f7-firmware-C/.extapps/Flipagotchi/src/message_queue.o
 .debug_aranges
                0x0000000000000098       0x88 build/f7-firmware-C/.extapps/Flipagotchi/src/pwnagotchi.o
 .debug_aranges
                0x0000000000000120       0x18 build/f7-firmware-C/.extapps/Flipagotchi/flipagotchi_icons.o

.debug_ranges   0x0000000000000000      0x2a0
 .debug_ranges  0x0000000000000000      0x148 build/f7-firmware-C/.extapps/Flipagotchi/src/flipagotchi.o
 .debug_ranges  0x0000000000000148       0x88 build/f7-firmware-C/.extapps/Flipagotchi/src/message_queue.o
 .debug_ranges  0x00000000000001d0       0xd0 build/f7-firmware-C/.extapps/Flipagotchi/src/pwnagotchi.o

.debug_macro    0x0000000000000000      0xe48
 .debug_macro   0x0000000000000000      0x4fc build/f7-firmware-C/.extapps/Flipagotchi/src/flipagotchi.o
 .debug_macro   0x00000000000004fc      0x44a build/f7-firmware-C/.extapps/Flipagotchi/src/message_queue.o
 .debug_macro   0x0000000000000946      0x493 build/f7-firmware-C/.extapps/Flipagotchi/src/pwnagotchi.o
 .debug_macro   0x0000000000000dd9       0x6f build/f7-firmware-C/.extapps/Flipagotchi/flipagotchi_icons.o

.debug_macro    0x0000000000000000      0xaba
 .debug_macro   0x0000000000000000      0xaba build/f7-firmware-C/.extapps/Flipagotchi/src/flipagotchi.o

.debug_macro    0x0000000000000000       0x1e
 .debug_macro   0x0000000000000000       0x1e build/f7-firmware-C/.extapps/Flipagotchi/src/flipagotchi.o

.debug_macro    0x0000000000000000       0x22
 .debug_macro   0x0000000000000000       0x22 build/f7-firmware-C/.extapps/Flipagotchi/src/flipagotchi.o

.debug_macro    0x0000000000000000       0x5e
 .debug_macro   0x0000000000000000       0x5e build/f7-firmware-C/.extapps/Flipagotchi/src/flipagotchi.o

.debug_macro    0x0000000000000000       0xe6
 .debug_macro   0x0000000000000000       0xe6 build/f7-firmware-C/.extapps/Flipagotchi/src/flipagotchi.o

.debug_macro    0x0000000000000000       0x35
 .debug_macro   0x0000000000000000       0x35 build/f7-firmware-C/.extapps/Flipagotchi/src/flipagotchi.o

.debug_macro    0x0000000000000000       0x34
 .debug_macro   0x0000000000000000       0x34 build/f7-firmware-C/.extapps/Flipagotchi/src/flipagotchi.o

.debug_macro    0x0000000000000000       0x16
 .debug_macro   0x0000000000000000       0x16 build/f7-firmware-C/.extapps/Flipagotchi/src/flipagotchi.o

.debug_macro    0x0000000000000000      0x10e
 .debug_macro   0x0000000000000000      0x10e build/f7-firmware-C/.extapps/Flipagotchi/src/flipagotchi.o

.debug_macro    0x0000000000000000       0x8d
 .debug_macro   0x0000000000000000       0x8d build/f7-firmware-C/.extapps/Flipagotchi/src/flipagotchi.o

.debug_macro    0x0000000000000000       0x16
 .debug_macro   0x0000000000000000       0x16 build/f7-firmware-C/.extapps/Flipagotchi/src/flipagotchi.o

.debug_macro    0x0000000000000000       0x43
 .debug_macro   0x0000000000000000       0x43 build/f7-firmware-C/.extapps/Flipagotchi/src/flipagotchi.o

.debug_macro    0x0000000000000000       0x57
 .debug_macro   0x0000000000000000       0x57 build/f7-firmware-C/.extapps/Flipagotchi/src/flipagotchi.o

.debug_macro    0x0000000000000000       0x34
 .debug_macro   0x0000000000000000       0x34 build/f7-firmware-C/.extapps/Flipagotchi/src/flipagotchi.o

.debug_macro    0x0000000000000000       0x10
 .debug_macro   0x0000000000000000       0x10 build/f7-firmware-C/.extapps/Flipagotchi/src/flipagotchi.o

.debug_macro    0x0000000000000000       0x58
 .debug_macro   0x0000000000000000       0x58 build/f7-firmware-C/.extapps/Flipagotchi/src/flipagotchi.o

.debug_macro    0x0000000000000000      0x182
 .debug_macro   0x0000000000000000      0x182 build/f7-firmware-C/.extapps/Flipagotchi/src/flipagotchi.o

.debug_macro    0x0000000000000000      0x341
 .debug_macro   0x0000000000000000      0x341 build/f7-firmware-C/.extapps/Flipagotchi/src/flipagotchi.o

.debug_macro    0x0000000000000000       0x16
 .debug_macro   0x0000000000000000       0x16 build/f7-firmware-C/.extapps/Flipagotchi/src/flipagotchi.o

.debug_macro    0x0000000000000000       0x29
 .debug_macro   0x0000000000000000       0x29 build/f7-firmware-C/.extapps/Flipagotchi/src/flipagotchi.o

.debug_macro    0x0000000000000000       0x10
 .debug_macro   0x0000000000000000       0x10 build/f7-firmware-C/.extapps/Flipagotchi/src/flipagotchi.o

.debug_macro    0x0000000000000000       0x22
 .debug_macro   0x0000000000000000       0x22 build/f7-firmware-C/.extapps/Flipagotchi/src/flipagotchi.o

.debug_macro    0x0000000000000000       0x70
 .debug_macro   0x0000000000000000       0x70 build/f7-firmware-C/.extapps/Flipagotchi/src/flipagotchi.o

.debug_macro    0x0000000000000000       0x22
 .debug_macro   0x0000000000000000       0x22 build/f7-firmware-C/.extapps/Flipagotchi/src/flipagotchi.o

.debug_macro    0x0000000000000000      0x103
 .debug_macro   0x0000000000000000      0x103 build/f7-firmware-C/.extapps/Flipagotchi/src/flipagotchi.o

.debug_macro    0x0000000000000000       0x6a
 .debug_macro   0x0000000000000000       0x6a build/f7-firmware-C/.extapps/Flipagotchi/src/flipagotchi.o

.debug_macro    0x0000000000000000      0x1df
 .debug_macro   0x0000000000000000      0x1df build/f7-firmware-C/.extapps/Flipagotchi/src/flipagotchi.o

.debug_macro    0x0000000000000000      0x189
 .debug_macro   0x0000000000000000      0x189 build/f7-firmware-C/.extapps/Flipagotchi/src/flipagotchi.o

.debug_macro    0x0000000000000000      0x15a
 .debug_macro   0x0000000000000000      0x15a build/f7-firmware-C/.extapps/Flipagotchi/src/flipagotchi.o

.debug_macro    0x0000000000000000       0xdd
 .debug_macro   0x0000000000000000       0xdd build/f7-firmware-C/.extapps/Flipagotchi/src/flipagotchi.o

.debug_macro    0x0000000000000000       0x28
 .debug_macro   0x0000000000000000       0x28 build/f7-firmware-C/.extapps/Flipagotchi/src/flipagotchi.o

.debug_macro    0x0000000000000000       0x1f
 .debug_macro   0x0000000000000000       0x1f build/f7-firmware-C/.extapps/Flipagotchi/src/flipagotchi.o

.debug_macro    0x0000000000000000       0x12
 .debug_macro   0x0000000000000000       0x12 build/f7-firmware-C/.extapps/Flipagotchi/src/flipagotchi.o

.debug_macro    0x0000000000000000      0x409
 .debug_macro   0x0000000000000000      0x409 build/f7-firmware-C/.extapps/Flipagotchi/src/flipagotchi.o

.debug_macro    0x0000000000000000       0xc3
 .debug_macro   0x0000000000000000       0xc3 build/f7-firmware-C/.extapps/Flipagotchi/src/flipagotchi.o

.debug_macro    0x0000000000000000      0x120
 .debug_macro   0x0000000000000000      0x120 build/f7-firmware-C/.extapps/Flipagotchi/src/flipagotchi.o

.debug_macro    0x0000000000000000       0xfb
 .debug_macro   0x0000000000000000       0xfb build/f7-firmware-C/.extapps/Flipagotchi/src/flipagotchi.o

.debug_macro    0x0000000000000000       0x28
 .debug_macro   0x0000000000000000       0x28 build/f7-firmware-C/.extapps/Flipagotchi/src/flipagotchi.o

.debug_macro    0x0000000000000000       0x1c
 .debug_macro   0x0000000000000000       0x1c build/f7-firmware-C/.extapps/Flipagotchi/src/flipagotchi.o

.debug_macro    0x0000000000000000       0x35
 .debug_macro   0x0000000000000000       0x35 build/f7-firmware-C/.extapps/Flipagotchi/src/flipagotchi.o

.debug_macro    0x0000000000000000       0x10
 .debug_macro   0x0000000000000000       0x10 build/f7-firmware-C/.extapps/Flipagotchi/src/flipagotchi.o

.debug_macro    0x0000000000000000       0x10
 .debug_macro   0x0000000000000000       0x10 build/f7-firmware-C/.extapps/Flipagotchi/src/flipagotchi.o

.debug_macro    0x0000000000000000       0x1c
 .debug_macro   0x0000000000000000       0x1c build/f7-firmware-C/.extapps/Flipagotchi/src/flipagotchi.o

.debug_macro    0x0000000000000000       0x52
 .debug_macro   0x0000000000000000       0x52 build/f7-firmware-C/.extapps/Flipagotchi/src/flipagotchi.o

.debug_macro    0x0000000000000000       0x22
 .debug_macro   0x0000000000000000       0x22 build/f7-firmware-C/.extapps/Flipagotchi/src/flipagotchi.o

.debug_macro    0x0000000000000000       0x10
 .debug_macro   0x0000000000000000       0x10 build/f7-firmware-C/.extapps/Flipagotchi/src/flipagotchi.o

.debug_macro    0x0000000000000000       0x52
 .debug_macro   0x0000000000000000       0x52 build/f7-firmware-C/.extapps/Flipagotchi/src/flipagotchi.o

.debug_macro    0x0000000000000000       0xd5
 .debug_macro   0x0000000000000000       0xd5 build/f7-firmware-C/.extapps/Flipagotchi/src/flipagotchi.o

.debug_macro    0x0000000000000000       0x1c
 .debug_macro   0x0000000000000000       0x1c build/f7-firmware-C/.extapps/Flipagotchi/src/flipagotchi.o

.debug_macro    0x0000000000000000       0x3d
 .debug_macro   0x0000000000000000       0x3d build/f7-firmware-C/.extapps/Flipagotchi/src/flipagotchi.o

.debug_macro    0x0000000000000000       0x16
 .debug_macro   0x0000000000000000       0x16 build/f7-firmware-C/.extapps/Flipagotchi/src/flipagotchi.o

.debug_macro    0x0000000000000000      0x176
 .debug_macro   0x0000000000000000      0x176 build/f7-firmware-C/.extapps/Flipagotchi/src/flipagotchi.o

.debug_macro    0x0000000000000000       0x4c
 .debug_macro   0x0000000000000000       0x4c build/f7-firmware-C/.extapps/Flipagotchi/src/flipagotchi.o

.debug_macro    0x0000000000000000       0x70
 .debug_macro   0x0000000000000000       0x70 build/f7-firmware-C/.extapps/Flipagotchi/src/flipagotchi.o

.debug_macro    0x0000000000000000       0x16
 .debug_macro   0x0000000000000000       0x16 build/f7-firmware-C/.extapps/Flipagotchi/src/flipagotchi.o

.debug_macro    0x0000000000000000       0x19
 .debug_macro   0x0000000000000000       0x19 build/f7-firmware-C/.extapps/Flipagotchi/src/flipagotchi.o

.debug_macro    0x0000000000000000       0x7c
 .debug_macro   0x0000000000000000       0x7c build/f7-firmware-C/.extapps/Flipagotchi/src/flipagotchi.o

.debug_macro    0x0000000000000000       0x17
 .debug_macro   0x0000000000000000       0x17 build/f7-firmware-C/.extapps/Flipagotchi/src/flipagotchi.o

.debug_macro    0x0000000000000000      0x118
 .debug_macro   0x0000000000000000      0x118 build/f7-firmware-C/.extapps/Flipagotchi/src/flipagotchi.o

.debug_macro    0x0000000000000000      0x11f
 .debug_macro   0x0000000000000000      0x11f build/f7-firmware-C/.extapps/Flipagotchi/src/flipagotchi.o

.debug_macro    0x0000000000000000       0x16
 .debug_macro   0x0000000000000000       0x16 build/f7-firmware-C/.extapps/Flipagotchi/src/flipagotchi.o

.debug_macro    0x0000000000000000     0x2bf8
 .debug_macro   0x0000000000000000     0x2bf8 build/f7-firmware-C/.extapps/Flipagotchi/src/flipagotchi.o

.debug_macro    0x0000000000000000       0xb2
 .debug_macro   0x0000000000000000       0xb2 build/f7-firmware-C/.extapps/Flipagotchi/src/flipagotchi.o

.debug_macro    0x0000000000000000       0x28
 .debug_macro   0x0000000000000000       0x28 build/f7-firmware-C/.extapps/Flipagotchi/src/flipagotchi.o

.debug_macro    0x0000000000000000       0x2e
 .debug_macro   0x0000000000000000       0x2e build/f7-firmware-C/.extapps/Flipagotchi/src/flipagotchi.o

.debug_macro    0x0000000000000000       0x1c
 .debug_macro   0x0000000000000000       0x1c build/f7-firmware-C/.extapps/Flipagotchi/src/flipagotchi.o

.debug_macro    0x0000000000000000       0x22
 .debug_macro   0x0000000000000000       0x22 build/f7-firmware-C/.extapps/Flipagotchi/src/flipagotchi.o

.debug_macro    0x0000000000000000     0x1011
 .debug_macro   0x0000000000000000     0x1011 build/f7-firmware-C/.extapps/Flipagotchi/src/flipagotchi.o

.debug_macro    0x0000000000000000      0x11f
 .debug_macro   0x0000000000000000      0x11f build/f7-firmware-C/.extapps/Flipagotchi/src/flipagotchi.o

.debug_macro    0x0000000000000000    0x12ae9
 .debug_macro   0x0000000000000000    0x12ae9 build/f7-firmware-C/.extapps/Flipagotchi/src/flipagotchi.o

.debug_macro    0x0000000000000000       0x6c
 .debug_macro   0x0000000000000000       0x6c build/f7-firmware-C/.extapps/Flipagotchi/src/flipagotchi.o

.debug_macro    0x0000000000000000      0x147
 .debug_macro   0x0000000000000000      0x147 build/f7-firmware-C/.extapps/Flipagotchi/src/flipagotchi.o

.debug_macro    0x0000000000000000      0x557
 .debug_macro   0x0000000000000000      0x557 build/f7-firmware-C/.extapps/Flipagotchi/src/flipagotchi.o

.debug_macro    0x0000000000000000      0x175
 .debug_macro   0x0000000000000000      0x175 build/f7-firmware-C/.extapps/Flipagotchi/src/flipagotchi.o

.debug_macro    0x0000000000000000       0x91
 .debug_macro   0x0000000000000000       0x91 build/f7-firmware-C/.extapps/Flipagotchi/src/flipagotchi.o

.debug_macro    0x0000000000000000      0x24c
 .debug_macro   0x0000000000000000      0x24c build/f7-firmware-C/.extapps/Flipagotchi/src/flipagotchi.o

.debug_macro    0x0000000000000000       0x1c
 .debug_macro   0x0000000000000000       0x1c build/f7-firmware-C/.extapps/Flipagotchi/src/flipagotchi.o

.debug_macro    0x0000000000000000       0x17
 .debug_macro   0x0000000000000000       0x17 build/f7-firmware-C/.extapps/Flipagotchi/src/flipagotchi.o

.debug_macro    0x0000000000000000      0x330
 .debug_macro   0x0000000000000000      0x330 build/f7-firmware-C/.extapps/Flipagotchi/src/flipagotchi.o

.debug_macro    0x0000000000000000      0x67b
 .debug_macro   0x0000000000000000      0x67b build/f7-firmware-C/.extapps/Flipagotchi/src/flipagotchi.o

.debug_macro    0x0000000000000000       0x4c
 .debug_macro   0x0000000000000000       0x4c build/f7-firmware-C/.extapps/Flipagotchi/src/flipagotchi.o

.debug_macro    0x0000000000000000      0x16c
 .debug_macro   0x0000000000000000      0x16c build/f7-firmware-C/.extapps/Flipagotchi/src/flipagotchi.o

.debug_macro    0x0000000000000000       0x1c
 .debug_macro   0x0000000000000000       0x1c build/f7-firmware-C/.extapps/Flipagotchi/src/flipagotchi.o

.debug_line     0x0000000000000000     0x2964
 .debug_line    0x0000000000000000      0xe86 build/f7-firmware-C/.extapps/Flipagotchi/src/flipagotchi.o
 .debug_line    0x0000000000000e86      0xaf1 build/f7-firmware-C/.extapps/Flipagotchi/src/message_queue.o
 .debug_line    0x0000000000001977      0xd7d build/f7-firmware-C/.extapps/Flipagotchi/src/pwnagotchi.o
 .debug_line    0x00000000000026f4      0x270 build/f7-firmware-C/.extapps/Flipagotchi/flipagotchi_icons.o

.debug_str      0x0000000000000000   0x28a020
 .debug_str     0x0000000000000000    0xd976b build/f7-firmware-C/.extapps/Flipagotchi/src/flipagotchi.o
 .debug_str     0x00000000000d976b    0xd3860 build/f7-firmware-C/.extapps/Flipagotchi/src/message_queue.o
 .debug_str     0x00000000001acfcb    0xd8b9e build/f7-firmware-C/.extapps/Flipagotchi/src/pwnagotchi.o
 .debug_str     0x0000000000285b69     0x44b7 build/f7-firmware-C/.extapps/Flipagotchi/flipagotchi_icons.o

.debug_frame    0x0000000000000000      0x574
 .debug_frame   0x0000000000000000       0xac build/f7-firmware-C/.extapps/Flipagotchi/src/flipagotchi.o
 .debug_frame   0x00000000000000ac       0xc0 build/f7-firmware-C/.extapps/Flipagotchi/src/message_queue.o
 .debug_frame   0x000000000000016c      0x1c4 build/f7-firmware-C/.extapps/Flipagotchi/src/pwnagotchi.o
 .debug_frame   0x0000000000000330       0x30 d:/leoneware-flipper zero firmware/toolchain/x86_64-windows/bin/../lib/gcc/arm-none-eabi/10.3.1/../../../../arm-none-eabi/lib/thumb/v7e-m+fp/hard\libm.a(lib_a-s_ceil.o)
 .debug_frame   0x0000000000000360       0x30 d:/leoneware-flipper zero firmware/toolchain/x86_64-windows/bin/../lib/gcc/arm-none-eabi/10.3.1/../../../../arm-none-eabi/lib/thumb/v7e-m+fp/hard\libm.a(lib_a-s_floor.o)
 .debug_frame   0x0000000000000390       0xac d:/leoneware-flipper zero firmware/toolchain/x86_64-windows/bin/../lib/gcc/arm-none-eabi/10.3.1/thumb/v7e-m+fp/hard\libgcc.a(_arm_addsubdf3.o)
 .debug_frame   0x000000000000043c       0x50 d:/leoneware-flipper zero firmware/toolchain/x86_64-windows/bin/../lib/gcc/arm-none-eabi/10.3.1/thumb/v7e-m+fp/hard\libgcc.a(_arm_muldivdf3.o)
 .debug_frame   0x000000000000048c       0xc4 d:/leoneware-flipper zero firmware/toolchain/x86_64-windows/bin/../lib/gcc/arm-none-eabi/10.3.1/thumb/v7e-m+fp/hard\libgcc.a(_arm_cmpdf2.o)
 .debug_frame   0x0000000000000550       0x24 d:/leoneware-flipper zero firmware/toolchain/x86_64-windows/bin/../lib/gcc/arm-none-eabi/10.3.1/thumb/v7e-m+fp/hard\libgcc.a(_arm_fixunsdfsi.o)

.debug_macro    0x0000000000000000      0x19b
 .debug_macro   0x0000000000000000      0x19b build/f7-firmware-C/.extapps/Flipagotchi/src/pwnagotchi.o

.debug_macro    0x0000000000000000       0xe0
 .debug_macro   0x0000000000000000       0xe0 build/f7-firmware-C/.extapps/Flipagotchi/flipagotchi_icons.o

.debug_macro    0x0000000000000000       0x51
 .debug_macro   0x0000000000000000       0x51 build/f7-firmware-C/.extapps/Flipagotchi/flipagotchi_icons.o
