Archive member included to satisfy reference by file (symbol)

d:/leoneware-flipper zero firmware/toolchain/x86_64-windows/bin/../lib/gcc/arm-none-eabi/10.3.1/thumb/v7e-m+fp/hard\libgcc.a(_paritysi2.o)
                              build/f7-firmware-C/.extapps/Mfkey32/mfkey32.o (__paritysi2)

Discarded input sections

 .text          0x0000000000000000        0x0 build/f7-firmware-C/.extapps/Mfkey32/mfkey32.o
 .data          0x0000000000000000        0x0 build/f7-firmware-C/.extapps/Mfkey32/mfkey32.o
 .bss           0x0000000000000000        0x0 build/f7-firmware-C/.extapps/Mfkey32/mfkey32.o
 .text.napi_mf_classic_dict_get_total_keys
                0x0000000000000000        0x4 build/f7-firmware-C/.extapps/Mfkey32/mfkey32.o
 .text.napi_mf_classic_dict_is_key_present_str
                0x0000000000000000       0x7c build/f7-firmware-C/.extapps/Mfkey32/mfkey32.o
 .rodata.napi_mf_classic_dict_is_key_present.str1.1
                0x0000000000000000        0x5 build/f7-firmware-C/.extapps/Mfkey32/mfkey32.o
 .text.napi_mf_classic_dict_is_key_present
                0x0000000000000000       0x5c build/f7-firmware-C/.extapps/Mfkey32/mfkey32.o
 .comment       0x0000000000000000       0x4a build/f7-firmware-C/.extapps/Mfkey32/mfkey32.o
 .group         0x0000000000000000        0xc build/f7-firmware-C/.extapps/Mfkey32/mfkey32_icons.o
 .group         0x0000000000000000        0xc build/f7-firmware-C/.extapps/Mfkey32/mfkey32_icons.o
 .group         0x0000000000000000        0xc build/f7-firmware-C/.extapps/Mfkey32/mfkey32_icons.o
 .group         0x0000000000000000        0xc build/f7-firmware-C/.extapps/Mfkey32/mfkey32_icons.o
 .group         0x0000000000000000        0xc build/f7-firmware-C/.extapps/Mfkey32/mfkey32_icons.o
 .text          0x0000000000000000        0x0 build/f7-firmware-C/.extapps/Mfkey32/mfkey32_icons.o
 .data          0x0000000000000000        0x0 build/f7-firmware-C/.extapps/Mfkey32/mfkey32_icons.o
 .bss           0x0000000000000000        0x0 build/f7-firmware-C/.extapps/Mfkey32/mfkey32_icons.o
 .debug_macro   0x0000000000000000      0xaba build/f7-firmware-C/.extapps/Mfkey32/mfkey32_icons.o
 .debug_macro   0x0000000000000000       0x22 build/f7-firmware-C/.extapps/Mfkey32/mfkey32_icons.o
 .debug_macro   0x0000000000000000      0x103 build/f7-firmware-C/.extapps/Mfkey32/mfkey32_icons.o
 .debug_macro   0x0000000000000000       0x6a build/f7-firmware-C/.extapps/Mfkey32/mfkey32_icons.o
 .debug_macro   0x0000000000000000      0x1df build/f7-firmware-C/.extapps/Mfkey32/mfkey32_icons.o
 .comment       0x0000000000000000       0x4a build/f7-firmware-C/.extapps/Mfkey32/mfkey32_icons.o
 .data          0x0000000000000000        0x0 d:/leoneware-flipper zero firmware/toolchain/x86_64-windows/bin/../lib/gcc/arm-none-eabi/10.3.1/thumb/v7e-m+fp/hard\libgcc.a(_paritysi2.o)
 .bss           0x0000000000000000        0x0 d:/leoneware-flipper zero firmware/toolchain/x86_64-windows/bin/../lib/gcc/arm-none-eabi/10.3.1/thumb/v7e-m+fp/hard\libgcc.a(_paritysi2.o)

Memory Configuration

Name             Origin             Length             Attributes
*default*        0x0000000000000000 0xffffffffffffffff

Linker script and memory map

LOAD build/f7-firmware-C/.extapps/Mfkey32/mfkey32.o
LOAD build/f7-firmware-C/.extapps/Mfkey32/mfkey32_icons.o
LOAD d:/leoneware-flipper zero firmware/toolchain/x86_64-windows/bin/../lib/gcc/arm-none-eabi/10.3.1/../../../../arm-none-eabi/lib/thumb/v7e-m+fp/hard\libm.a
LOAD d:/leoneware-flipper zero firmware/toolchain/x86_64-windows/bin/../lib/gcc/arm-none-eabi/10.3.1/thumb/v7e-m+fp/hard\libgcc.a
LOAD d:/leoneware-flipper zero firmware/toolchain/x86_64-windows/bin/../lib/gcc/arm-none-eabi/10.3.1/../../../../arm-none-eabi/lib/thumb/v7e-m+fp/hard\libstdc++_nano.a
LOAD d:/leoneware-flipper zero firmware/toolchain/x86_64-windows/bin/../lib/gcc/arm-none-eabi/10.3.1/../../../../arm-none-eabi/lib/thumb/v7e-m+fp/hard\libsupc++_nano.a

.text           0x0000000000000000     0x179c
 *(.text)
 .text          0x0000000000000000       0x20 d:/leoneware-flipper zero firmware/toolchain/x86_64-windows/bin/../lib/gcc/arm-none-eabi/10.3.1/thumb/v7e-m+fp/hard\libgcc.a(_paritysi2.o)
                0x0000000000000000                __paritysi2
 *(.stub)
 *(.text*)
 .text.filter   0x0000000000000020       0x68 build/f7-firmware-C/.extapps/Mfkey32/mfkey32.o
 .text.input_callback
                0x0000000000000088       0x28 build/f7-firmware-C/.extapps/Mfkey32/mfkey32.o
 .text.render_callback
                0x00000000000000b0      0x16c build/f7-firmware-C/.extapps/Mfkey32/mfkey32.o
 .text.file_calloc
                0x000000000000021c       0x44 build/f7-firmware-C/.extapps/Mfkey32/mfkey32.o
                0x000000000000021c                file_calloc
 .text.file_write_at_offset
                0x0000000000000260       0x2c build/f7-firmware-C/.extapps/Mfkey32/mfkey32.o
                0x0000000000000260                file_write_at_offset
 .text.file_read_at_offset
                0x000000000000028c       0x34 build/f7-firmware-C/.extapps/Mfkey32/mfkey32.o
                0x000000000000028c                file_read_at_offset
 .text.file_read_int_at_offset
                0x00000000000002c0       0x2c build/f7-firmware-C/.extapps/Mfkey32/mfkey32.o
                0x00000000000002c0                file_read_int_at_offset
 .text.prng_successor
                0x00000000000002ec       0x20 build/f7-firmware-C/.extapps/Mfkey32/mfkey32.o
                0x00000000000002ec                prng_successor
 .text.binsearch
                0x000000000000030c       0x58 build/f7-firmware-C/.extapps/Mfkey32/mfkey32.o
                0x000000000000030c                binsearch
 .text.quicksort
                0x0000000000000364       0xd0 build/f7-firmware-C/.extapps/Mfkey32/mfkey32.o
                0x0000000000000364                quicksort
 .text.update_contribution
                0x0000000000000434       0x60 build/f7-firmware-C/.extapps/Mfkey32/mfkey32.o
                0x0000000000000434                update_contribution
 .text.extend_table
                0x0000000000000494      0x130 build/f7-firmware-C/.extapps/Mfkey32/mfkey32.o
                0x0000000000000494                extend_table
 .text.extend_table_simple
                0x00000000000005c4       0xfc build/f7-firmware-C/.extapps/Mfkey32/mfkey32.o
                0x00000000000005c4                extend_table_simple
 .text.recover  0x00000000000006c0      0x208 build/f7-firmware-C/.extapps/Mfkey32/mfkey32.o
                0x00000000000006c0                recover
 .text.lfsr_recovery32
                0x00000000000008c8      0x130 build/f7-firmware-C/.extapps/Mfkey32/mfkey32.o
                0x00000000000008c8                lfsr_recovery32
 .text.crypto1_get_lfsr
                0x00000000000009f8       0x3a build/f7-firmware-C/.extapps/Mfkey32/mfkey32.o
                0x00000000000009f8                crypto1_get_lfsr
 *fill*         0x0000000000000a32        0x2 
 .text.crypt_or_rollback_bit
                0x0000000000000a34       0x88 build/f7-firmware-C/.extapps/Mfkey32/mfkey32.o
                0x0000000000000a34                crypt_or_rollback_bit
 .text.crypt_or_rollback_word.part.0
                0x0000000000000abc       0x3c build/f7-firmware-C/.extapps/Mfkey32/mfkey32.o
 .text.crypt_or_rollback_word
                0x0000000000000af8       0x4c build/f7-firmware-C/.extapps/Mfkey32/mfkey32.o
                0x0000000000000af8                crypt_or_rollback_word
 .text.key_already_found_for_nonce
                0x0000000000000b44       0xd0 build/f7-firmware-C/.extapps/Mfkey32/mfkey32.o
                0x0000000000000b44                key_already_found_for_nonce
 .text.napi_mf_classic_dict_check_presence
                0x0000000000000c14       0x4c build/f7-firmware-C/.extapps/Mfkey32/mfkey32.o
                0x0000000000000c14                napi_mf_classic_dict_check_presence
 .text.napi_mf_classic_dict_alloc
                0x0000000000000c60      0x18c build/f7-firmware-C/.extapps/Mfkey32/mfkey32.o
                0x0000000000000c60                napi_mf_classic_dict_alloc
 .text.napi_mf_classic_dict_free
                0x0000000000000dec       0x28 build/f7-firmware-C/.extapps/Mfkey32/mfkey32.o
                0x0000000000000dec                napi_mf_classic_dict_free
 .text.napi_mf_classic_dict_rewind
                0x0000000000000e14        0xc build/f7-firmware-C/.extapps/Mfkey32/mfkey32.o
                0x0000000000000e14                napi_mf_classic_dict_rewind
 .text.napi_mf_classic_dict_get_next_key_str
                0x0000000000000e20       0x54 build/f7-firmware-C/.extapps/Mfkey32/mfkey32.o
                0x0000000000000e20                napi_mf_classic_dict_get_next_key_str
 .text.napi_mf_classic_dict_get_next_key
                0x0000000000000e74       0xa4 build/f7-firmware-C/.extapps/Mfkey32/mfkey32.o
                0x0000000000000e74                napi_mf_classic_dict_get_next_key
 .text.napi_key_already_found_for_nonce
                0x0000000000000f18       0xd8 build/f7-firmware-C/.extapps/Mfkey32/mfkey32.o
                0x0000000000000f18                napi_key_already_found_for_nonce
 .text.napi_mf_classic_nonces_check_presence
                0x0000000000000ff0       0x38 build/f7-firmware-C/.extapps/Mfkey32/mfkey32.o
                0x0000000000000ff0                napi_mf_classic_nonces_check_presence
 .text.napi_mf_classic_nonce_array_alloc
                0x0000000000001028      0x298 build/f7-firmware-C/.extapps/Mfkey32/mfkey32.o
                0x0000000000001028                napi_mf_classic_nonce_array_alloc
 .text.napi_mf_classic_nonce_array_free
                0x00000000000012c0       0x28 build/f7-firmware-C/.extapps/Mfkey32/mfkey32.o
                0x00000000000012c0                napi_mf_classic_nonce_array_free
 .text.mfkey32  0x00000000000012e8      0x330 build/f7-firmware-C/.extapps/Mfkey32/mfkey32.o
                0x00000000000012e8                mfkey32
 .text.mfkey32_main
                0x0000000000001618      0x184 build/f7-firmware-C/.extapps/Mfkey32/mfkey32.o
                0x0000000000001618                mfkey32_main
 *(.text.*)
 *(.text._*)
 *(.init)
 *(.fini)

.rodata         0x000000000000179c      0x229
 *(.rodata)
 *(.rodata1)
 *(.rodata.*)
 .rodata.render_callback.str1.1
                0x000000000000179c       0x3c build/f7-firmware-C/.extapps/Mfkey32/mfkey32.o
 .rodata.napi_mf_classic_dict_check_presence.str1.1
                0x00000000000017d8       0x55 build/f7-firmware-C/.extapps/Mfkey32/mfkey32.o
 .rodata.napi_mf_classic_dict_alloc.str1.1
                0x000000000000182d       0x64 build/f7-firmware-C/.extapps/Mfkey32/mfkey32.o
 .rodata.napi_mf_classic_nonces_check_presence.str1.1
                0x0000000000001891       0x16 build/f7-firmware-C/.extapps/Mfkey32/mfkey32.o
 .rodata.napi_mf_classic_nonce_array_alloc.str1.1
                0x00000000000018a7       0x45 build/f7-firmware-C/.extapps/Mfkey32/mfkey32.o
 .rodata.mfkey32.str1.1
                0x00000000000018ec       0x7b build/f7-firmware-C/.extapps/Mfkey32/mfkey32.o
 .rodata.mfkey32_main.str1.1
                0x0000000000001967       0x3a build/f7-firmware-C/.extapps/Mfkey32/mfkey32.o
 *fill*         0x00000000000019a1        0x3 
 .rodata.I_mfkey
                0x00000000000019a4        0x8 build/f7-firmware-C/.extapps/Mfkey32/mfkey32_icons.o
                0x00000000000019a4                I_mfkey
 .rodata._I_mfkey
                0x00000000000019ac        0x4 build/f7-firmware-C/.extapps/Mfkey32/mfkey32_icons.o
                0x00000000000019ac                _I_mfkey
 .rodata._I_mfkey_0
                0x00000000000019b0       0x15 build/f7-firmware-C/.extapps/Mfkey32/mfkey32_icons.o
                0x00000000000019b0                _I_mfkey_0

.data
 *(.data)
 *(.data1)
 *(.data.*)

.bss
 *(.bss)
 *(.bss*)
 *(.sbss)
 *(.sbss*)
 *(COMMON)

.ARM.attributes
                0x00000000000019c5       0x34
 *(.ARM.attributes)
 .ARM.attributes
                0x00000000000019c5       0x34 build/f7-firmware-C/.extapps/Mfkey32/mfkey32.o
 .ARM.attributes
                0x00000000000019f9       0x34 build/f7-firmware-C/.extapps/Mfkey32/mfkey32_icons.o
 .ARM.attributes
                0x0000000000001a2d       0x34 d:/leoneware-flipper zero firmware/toolchain/x86_64-windows/bin/../lib/gcc/arm-none-eabi/10.3.1/thumb/v7e-m+fp/hard\libgcc.a(_paritysi2.o)
 *(.ARM.attributes.*)

/DISCARD/
 *(.comment)
 *(.comment.*)
 *(.llvmbc)
 *(.llvmcmd)
OUTPUT(build/f7-firmware-C/.extapps/Mfkey32_d.elf elf32-littlearm)
LOAD linker stubs

.group          0x0000000000000000        0xc
 .group         0x0000000000000000        0xc build/f7-firmware-C/.extapps/Mfkey32/mfkey32.o

.group          0x0000000000000000        0xc
 .group         0x0000000000000000        0xc build/f7-firmware-C/.extapps/Mfkey32/mfkey32.o

.group          0x0000000000000000        0xc
 .group         0x0000000000000000        0xc build/f7-firmware-C/.extapps/Mfkey32/mfkey32.o

.group          0x0000000000000000        0xc
 .group         0x0000000000000000        0xc build/f7-firmware-C/.extapps/Mfkey32/mfkey32.o

.group          0x0000000000000000        0xc
 .group         0x0000000000000000        0xc build/f7-firmware-C/.extapps/Mfkey32/mfkey32.o

.group          0x0000000000000000        0xc
 .group         0x0000000000000000        0xc build/f7-firmware-C/.extapps/Mfkey32/mfkey32.o

.group          0x0000000000000000        0xc
 .group         0x0000000000000000        0xc build/f7-firmware-C/.extapps/Mfkey32/mfkey32.o

.group          0x0000000000000000        0xc
 .group         0x0000000000000000        0xc build/f7-firmware-C/.extapps/Mfkey32/mfkey32.o

.group          0x0000000000000000        0xc
 .group         0x0000000000000000        0xc build/f7-firmware-C/.extapps/Mfkey32/mfkey32.o

.group          0x0000000000000000        0xc
 .group         0x0000000000000000        0xc build/f7-firmware-C/.extapps/Mfkey32/mfkey32.o

.group          0x0000000000000000        0xc
 .group         0x0000000000000000        0xc build/f7-firmware-C/.extapps/Mfkey32/mfkey32.o

.group          0x0000000000000000        0xc
 .group         0x0000000000000000        0xc build/f7-firmware-C/.extapps/Mfkey32/mfkey32.o

.group          0x0000000000000000        0xc
 .group         0x0000000000000000        0xc build/f7-firmware-C/.extapps/Mfkey32/mfkey32.o

.group          0x0000000000000000        0xc
 .group         0x0000000000000000        0xc build/f7-firmware-C/.extapps/Mfkey32/mfkey32.o

.group          0x0000000000000000        0xc
 .group         0x0000000000000000        0xc build/f7-firmware-C/.extapps/Mfkey32/mfkey32.o

.group          0x0000000000000000        0xc
 .group         0x0000000000000000        0xc build/f7-firmware-C/.extapps/Mfkey32/mfkey32.o

.group          0x0000000000000000        0xc
 .group         0x0000000000000000        0xc build/f7-firmware-C/.extapps/Mfkey32/mfkey32.o

.group          0x0000000000000000        0xc
 .group         0x0000000000000000        0xc build/f7-firmware-C/.extapps/Mfkey32/mfkey32.o

.group          0x0000000000000000        0xc
 .group         0x0000000000000000        0xc build/f7-firmware-C/.extapps/Mfkey32/mfkey32.o

.group          0x0000000000000000        0xc
 .group         0x0000000000000000        0xc build/f7-firmware-C/.extapps/Mfkey32/mfkey32.o

.group          0x0000000000000000        0xc
 .group         0x0000000000000000        0xc build/f7-firmware-C/.extapps/Mfkey32/mfkey32.o

.group          0x0000000000000000        0xc
 .group         0x0000000000000000        0xc build/f7-firmware-C/.extapps/Mfkey32/mfkey32.o

.group          0x0000000000000000        0xc
 .group         0x0000000000000000        0xc build/f7-firmware-C/.extapps/Mfkey32/mfkey32.o

.group          0x0000000000000000        0xc
 .group         0x0000000000000000        0xc build/f7-firmware-C/.extapps/Mfkey32/mfkey32.o

.group          0x0000000000000000        0xc
 .group         0x0000000000000000        0xc build/f7-firmware-C/.extapps/Mfkey32/mfkey32.o

.group          0x0000000000000000        0xc
 .group         0x0000000000000000        0xc build/f7-firmware-C/.extapps/Mfkey32/mfkey32.o

.group          0x0000000000000000        0xc
 .group         0x0000000000000000        0xc build/f7-firmware-C/.extapps/Mfkey32/mfkey32.o

.group          0x0000000000000000        0xc
 .group         0x0000000000000000        0xc build/f7-firmware-C/.extapps/Mfkey32/mfkey32.o

.group          0x0000000000000000        0xc
 .group         0x0000000000000000        0xc build/f7-firmware-C/.extapps/Mfkey32/mfkey32.o

.group          0x0000000000000000        0xc
 .group         0x0000000000000000        0xc build/f7-firmware-C/.extapps/Mfkey32/mfkey32.o

.group          0x0000000000000000        0xc
 .group         0x0000000000000000        0xc build/f7-firmware-C/.extapps/Mfkey32/mfkey32.o

.group          0x0000000000000000        0xc
 .group         0x0000000000000000        0xc build/f7-firmware-C/.extapps/Mfkey32/mfkey32.o

.group          0x0000000000000000        0xc
 .group         0x0000000000000000        0xc build/f7-firmware-C/.extapps/Mfkey32/mfkey32.o

.group          0x0000000000000000        0xc
 .group         0x0000000000000000        0xc build/f7-firmware-C/.extapps/Mfkey32/mfkey32.o

.group          0x0000000000000000        0xc
 .group         0x0000000000000000        0xc build/f7-firmware-C/.extapps/Mfkey32/mfkey32.o

.group          0x0000000000000000        0xc
 .group         0x0000000000000000        0xc build/f7-firmware-C/.extapps/Mfkey32/mfkey32.o

.group          0x0000000000000000        0xc
 .group         0x0000000000000000        0xc build/f7-firmware-C/.extapps/Mfkey32/mfkey32.o

.group          0x0000000000000000        0xc
 .group         0x0000000000000000        0xc build/f7-firmware-C/.extapps/Mfkey32/mfkey32.o

.group          0x0000000000000000        0xc
 .group         0x0000000000000000        0xc build/f7-firmware-C/.extapps/Mfkey32/mfkey32.o

.group          0x0000000000000000        0xc
 .group         0x0000000000000000        0xc build/f7-firmware-C/.extapps/Mfkey32/mfkey32.o

.group          0x0000000000000000        0xc
 .group         0x0000000000000000        0xc build/f7-firmware-C/.extapps/Mfkey32/mfkey32.o

.group          0x0000000000000000        0xc
 .group         0x0000000000000000        0xc build/f7-firmware-C/.extapps/Mfkey32/mfkey32.o

.group          0x0000000000000000        0xc
 .group         0x0000000000000000        0xc build/f7-firmware-C/.extapps/Mfkey32/mfkey32.o

.group          0x0000000000000000        0xc
 .group         0x0000000000000000        0xc build/f7-firmware-C/.extapps/Mfkey32/mfkey32.o

.group          0x0000000000000000        0xc
 .group         0x0000000000000000        0xc build/f7-firmware-C/.extapps/Mfkey32/mfkey32.o

.group          0x0000000000000000        0xc
 .group         0x0000000000000000        0xc build/f7-firmware-C/.extapps/Mfkey32/mfkey32.o

.group          0x0000000000000000        0xc
 .group         0x0000000000000000        0xc build/f7-firmware-C/.extapps/Mfkey32/mfkey32.o

.group          0x0000000000000000        0xc
 .group         0x0000000000000000        0xc build/f7-firmware-C/.extapps/Mfkey32/mfkey32.o

.group          0x0000000000000000        0xc
 .group         0x0000000000000000        0xc build/f7-firmware-C/.extapps/Mfkey32/mfkey32.o

.group          0x0000000000000000        0xc
 .group         0x0000000000000000        0xc build/f7-firmware-C/.extapps/Mfkey32/mfkey32.o

.group          0x0000000000000000        0xc
 .group         0x0000000000000000        0xc build/f7-firmware-C/.extapps/Mfkey32/mfkey32.o

.group          0x0000000000000000        0xc
 .group         0x0000000000000000        0xc build/f7-firmware-C/.extapps/Mfkey32/mfkey32.o

.group          0x0000000000000000        0xc
 .group         0x0000000000000000        0xc build/f7-firmware-C/.extapps/Mfkey32/mfkey32.o

.group          0x0000000000000000        0xc
 .group         0x0000000000000000        0xc build/f7-firmware-C/.extapps/Mfkey32/mfkey32.o

.group          0x0000000000000000        0xc
 .group         0x0000000000000000        0xc build/f7-firmware-C/.extapps/Mfkey32/mfkey32.o

.group          0x0000000000000000        0xc
 .group         0x0000000000000000        0xc build/f7-firmware-C/.extapps/Mfkey32/mfkey32.o

.group          0x0000000000000000        0xc
 .group         0x0000000000000000        0xc build/f7-firmware-C/.extapps/Mfkey32/mfkey32.o

.group          0x0000000000000000        0xc
 .group         0x0000000000000000        0xc build/f7-firmware-C/.extapps/Mfkey32/mfkey32.o

.group          0x0000000000000000        0xc
 .group         0x0000000000000000        0xc build/f7-firmware-C/.extapps/Mfkey32/mfkey32.o

.group          0x0000000000000000        0xc
 .group         0x0000000000000000        0xc build/f7-firmware-C/.extapps/Mfkey32/mfkey32.o

.group          0x0000000000000000        0xc
 .group         0x0000000000000000        0xc build/f7-firmware-C/.extapps/Mfkey32/mfkey32.o

.group          0x0000000000000000        0xc
 .group         0x0000000000000000        0xc build/f7-firmware-C/.extapps/Mfkey32/mfkey32.o

.group          0x0000000000000000        0xc
 .group         0x0000000000000000        0xc build/f7-firmware-C/.extapps/Mfkey32/mfkey32.o

.group          0x0000000000000000        0xc
 .group         0x0000000000000000        0xc build/f7-firmware-C/.extapps/Mfkey32/mfkey32.o

.group          0x0000000000000000        0xc
 .group         0x0000000000000000        0xc build/f7-firmware-C/.extapps/Mfkey32/mfkey32.o

.group          0x0000000000000000        0xc
 .group         0x0000000000000000        0xc build/f7-firmware-C/.extapps/Mfkey32/mfkey32.o

.group          0x0000000000000000        0xc
 .group         0x0000000000000000        0xc build/f7-firmware-C/.extapps/Mfkey32/mfkey32.o

.group          0x0000000000000000        0xc
 .group         0x0000000000000000        0xc build/f7-firmware-C/.extapps/Mfkey32/mfkey32.o

.group          0x0000000000000000        0xc
 .group         0x0000000000000000        0xc build/f7-firmware-C/.extapps/Mfkey32/mfkey32.o

.group          0x0000000000000000        0xc
 .group         0x0000000000000000        0xc build/f7-firmware-C/.extapps/Mfkey32/mfkey32.o

.group          0x0000000000000000        0xc
 .group         0x0000000000000000        0xc build/f7-firmware-C/.extapps/Mfkey32/mfkey32.o

.group          0x0000000000000000        0xc
 .group         0x0000000000000000        0xc build/f7-firmware-C/.extapps/Mfkey32/mfkey32.o

.group          0x0000000000000000        0xc
 .group         0x0000000000000000        0xc build/f7-firmware-C/.extapps/Mfkey32/mfkey32.o

.group          0x0000000000000000        0xc
 .group         0x0000000000000000        0xc build/f7-firmware-C/.extapps/Mfkey32/mfkey32.o

.group          0x0000000000000000        0xc
 .group         0x0000000000000000        0xc build/f7-firmware-C/.extapps/Mfkey32/mfkey32.o

.group          0x0000000000000000        0xc
 .group         0x0000000000000000        0xc build/f7-firmware-C/.extapps/Mfkey32/mfkey32.o

.group          0x0000000000000000        0xc
 .group         0x0000000000000000        0xc build/f7-firmware-C/.extapps/Mfkey32/mfkey32.o

.group          0x0000000000000000        0xc
 .group         0x0000000000000000        0xc build/f7-firmware-C/.extapps/Mfkey32/mfkey32.o

.group          0x0000000000000000        0xc
 .group         0x0000000000000000        0xc build/f7-firmware-C/.extapps/Mfkey32/mfkey32.o

.group          0x0000000000000000        0xc
 .group         0x0000000000000000        0xc build/f7-firmware-C/.extapps/Mfkey32/mfkey32.o

.group          0x0000000000000000        0xc
 .group         0x0000000000000000        0xc build/f7-firmware-C/.extapps/Mfkey32/mfkey32.o

.group          0x0000000000000000        0xc
 .group         0x0000000000000000        0xc build/f7-firmware-C/.extapps/Mfkey32/mfkey32.o

.group          0x0000000000000000        0xc
 .group         0x0000000000000000        0xc build/f7-firmware-C/.extapps/Mfkey32/mfkey32_icons.o

.group          0x0000000000000000        0xc
 .group         0x0000000000000000        0xc build/f7-firmware-C/.extapps/Mfkey32/mfkey32_icons.o

.debug_info     0x0000000000000000     0x433e
 .debug_info    0x0000000000000000     0x41e0 build/f7-firmware-C/.extapps/Mfkey32/mfkey32.o
 .debug_info    0x00000000000041e0      0x15e build/f7-firmware-C/.extapps/Mfkey32/mfkey32_icons.o

.debug_abbrev   0x0000000000000000      0x598
 .debug_abbrev  0x0000000000000000      0x4e7 build/f7-firmware-C/.extapps/Mfkey32/mfkey32.o
 .debug_abbrev  0x00000000000004e7       0xb1 build/f7-firmware-C/.extapps/Mfkey32/mfkey32_icons.o

.debug_loc      0x0000000000000000     0x2ce2
 .debug_loc     0x0000000000000000     0x2ce2 build/f7-firmware-C/.extapps/Mfkey32/mfkey32.o

.debug_aranges  0x0000000000000000      0x148
 .debug_aranges
                0x0000000000000000      0x130 build/f7-firmware-C/.extapps/Mfkey32/mfkey32.o
 .debug_aranges
                0x0000000000000130       0x18 build/f7-firmware-C/.extapps/Mfkey32/mfkey32_icons.o

.debug_ranges   0x0000000000000000      0x450
 .debug_ranges  0x0000000000000000      0x450 build/f7-firmware-C/.extapps/Mfkey32/mfkey32.o

.debug_macro    0x0000000000000000      0x584
 .debug_macro   0x0000000000000000      0x515 build/f7-firmware-C/.extapps/Mfkey32/mfkey32.o
 .debug_macro   0x0000000000000515       0x6f build/f7-firmware-C/.extapps/Mfkey32/mfkey32_icons.o

.debug_macro    0x0000000000000000      0xaba
 .debug_macro   0x0000000000000000      0xaba build/f7-firmware-C/.extapps/Mfkey32/mfkey32.o

.debug_macro    0x0000000000000000       0x1e
 .debug_macro   0x0000000000000000       0x1e build/f7-firmware-C/.extapps/Mfkey32/mfkey32.o

.debug_macro    0x0000000000000000       0x22
 .debug_macro   0x0000000000000000       0x22 build/f7-firmware-C/.extapps/Mfkey32/mfkey32.o

.debug_macro    0x0000000000000000       0x5e
 .debug_macro   0x0000000000000000       0x5e build/f7-firmware-C/.extapps/Mfkey32/mfkey32.o

.debug_macro    0x0000000000000000       0xe6
 .debug_macro   0x0000000000000000       0xe6 build/f7-firmware-C/.extapps/Mfkey32/mfkey32.o

.debug_macro    0x0000000000000000       0x35
 .debug_macro   0x0000000000000000       0x35 build/f7-firmware-C/.extapps/Mfkey32/mfkey32.o

.debug_macro    0x0000000000000000       0x34
 .debug_macro   0x0000000000000000       0x34 build/f7-firmware-C/.extapps/Mfkey32/mfkey32.o

.debug_macro    0x0000000000000000       0x16
 .debug_macro   0x0000000000000000       0x16 build/f7-firmware-C/.extapps/Mfkey32/mfkey32.o

.debug_macro    0x0000000000000000      0x10e
 .debug_macro   0x0000000000000000      0x10e build/f7-firmware-C/.extapps/Mfkey32/mfkey32.o

.debug_macro    0x0000000000000000       0x8d
 .debug_macro   0x0000000000000000       0x8d build/f7-firmware-C/.extapps/Mfkey32/mfkey32.o

.debug_macro    0x0000000000000000       0x16
 .debug_macro   0x0000000000000000       0x16 build/f7-firmware-C/.extapps/Mfkey32/mfkey32.o

.debug_macro    0x0000000000000000       0x43
 .debug_macro   0x0000000000000000       0x43 build/f7-firmware-C/.extapps/Mfkey32/mfkey32.o

.debug_macro    0x0000000000000000       0x57
 .debug_macro   0x0000000000000000       0x57 build/f7-firmware-C/.extapps/Mfkey32/mfkey32.o

.debug_macro    0x0000000000000000       0x34
 .debug_macro   0x0000000000000000       0x34 build/f7-firmware-C/.extapps/Mfkey32/mfkey32.o

.debug_macro    0x0000000000000000       0x10
 .debug_macro   0x0000000000000000       0x10 build/f7-firmware-C/.extapps/Mfkey32/mfkey32.o

.debug_macro    0x0000000000000000       0x58
 .debug_macro   0x0000000000000000       0x58 build/f7-firmware-C/.extapps/Mfkey32/mfkey32.o

.debug_macro    0x0000000000000000      0x182
 .debug_macro   0x0000000000000000      0x182 build/f7-firmware-C/.extapps/Mfkey32/mfkey32.o

.debug_macro    0x0000000000000000      0x341
 .debug_macro   0x0000000000000000      0x341 build/f7-firmware-C/.extapps/Mfkey32/mfkey32.o

.debug_macro    0x0000000000000000       0x16
 .debug_macro   0x0000000000000000       0x16 build/f7-firmware-C/.extapps/Mfkey32/mfkey32.o

.debug_macro    0x0000000000000000       0x29
 .debug_macro   0x0000000000000000       0x29 build/f7-firmware-C/.extapps/Mfkey32/mfkey32.o

.debug_macro    0x0000000000000000       0x10
 .debug_macro   0x0000000000000000       0x10 build/f7-firmware-C/.extapps/Mfkey32/mfkey32.o

.debug_macro    0x0000000000000000       0x22
 .debug_macro   0x0000000000000000       0x22 build/f7-firmware-C/.extapps/Mfkey32/mfkey32.o

.debug_macro    0x0000000000000000       0x70
 .debug_macro   0x0000000000000000       0x70 build/f7-firmware-C/.extapps/Mfkey32/mfkey32.o

.debug_macro    0x0000000000000000       0x22
 .debug_macro   0x0000000000000000       0x22 build/f7-firmware-C/.extapps/Mfkey32/mfkey32.o

.debug_macro    0x0000000000000000      0x103
 .debug_macro   0x0000000000000000      0x103 build/f7-firmware-C/.extapps/Mfkey32/mfkey32.o

.debug_macro    0x0000000000000000       0x6a
 .debug_macro   0x0000000000000000       0x6a build/f7-firmware-C/.extapps/Mfkey32/mfkey32.o

.debug_macro    0x0000000000000000      0x1df
 .debug_macro   0x0000000000000000      0x1df build/f7-firmware-C/.extapps/Mfkey32/mfkey32.o

.debug_macro    0x0000000000000000      0x189
 .debug_macro   0x0000000000000000      0x189 build/f7-firmware-C/.extapps/Mfkey32/mfkey32.o

.debug_macro    0x0000000000000000      0x15a
 .debug_macro   0x0000000000000000      0x15a build/f7-firmware-C/.extapps/Mfkey32/mfkey32.o

.debug_macro    0x0000000000000000       0xdd
 .debug_macro   0x0000000000000000       0xdd build/f7-firmware-C/.extapps/Mfkey32/mfkey32.o

.debug_macro    0x0000000000000000       0x28
 .debug_macro   0x0000000000000000       0x28 build/f7-firmware-C/.extapps/Mfkey32/mfkey32.o

.debug_macro    0x0000000000000000       0x1f
 .debug_macro   0x0000000000000000       0x1f build/f7-firmware-C/.extapps/Mfkey32/mfkey32.o

.debug_macro    0x0000000000000000       0x12
 .debug_macro   0x0000000000000000       0x12 build/f7-firmware-C/.extapps/Mfkey32/mfkey32.o

.debug_macro    0x0000000000000000      0x409
 .debug_macro   0x0000000000000000      0x409 build/f7-firmware-C/.extapps/Mfkey32/mfkey32.o

.debug_macro    0x0000000000000000       0xc3
 .debug_macro   0x0000000000000000       0xc3 build/f7-firmware-C/.extapps/Mfkey32/mfkey32.o

.debug_macro    0x0000000000000000      0x120
 .debug_macro   0x0000000000000000      0x120 build/f7-firmware-C/.extapps/Mfkey32/mfkey32.o

.debug_macro    0x0000000000000000       0xfb
 .debug_macro   0x0000000000000000       0xfb build/f7-firmware-C/.extapps/Mfkey32/mfkey32.o

.debug_macro    0x0000000000000000       0x28
 .debug_macro   0x0000000000000000       0x28 build/f7-firmware-C/.extapps/Mfkey32/mfkey32.o

.debug_macro    0x0000000000000000       0x1c
 .debug_macro   0x0000000000000000       0x1c build/f7-firmware-C/.extapps/Mfkey32/mfkey32.o

.debug_macro    0x0000000000000000       0x35
 .debug_macro   0x0000000000000000       0x35 build/f7-firmware-C/.extapps/Mfkey32/mfkey32.o

.debug_macro    0x0000000000000000       0x10
 .debug_macro   0x0000000000000000       0x10 build/f7-firmware-C/.extapps/Mfkey32/mfkey32.o

.debug_macro    0x0000000000000000       0x10
 .debug_macro   0x0000000000000000       0x10 build/f7-firmware-C/.extapps/Mfkey32/mfkey32.o

.debug_macro    0x0000000000000000       0x1c
 .debug_macro   0x0000000000000000       0x1c build/f7-firmware-C/.extapps/Mfkey32/mfkey32.o

.debug_macro    0x0000000000000000       0x52
 .debug_macro   0x0000000000000000       0x52 build/f7-firmware-C/.extapps/Mfkey32/mfkey32.o

.debug_macro    0x0000000000000000       0x22
 .debug_macro   0x0000000000000000       0x22 build/f7-firmware-C/.extapps/Mfkey32/mfkey32.o

.debug_macro    0x0000000000000000       0x10
 .debug_macro   0x0000000000000000       0x10 build/f7-firmware-C/.extapps/Mfkey32/mfkey32.o

.debug_macro    0x0000000000000000       0x52
 .debug_macro   0x0000000000000000       0x52 build/f7-firmware-C/.extapps/Mfkey32/mfkey32.o

.debug_macro    0x0000000000000000       0xd5
 .debug_macro   0x0000000000000000       0xd5 build/f7-firmware-C/.extapps/Mfkey32/mfkey32.o

.debug_macro    0x0000000000000000       0x1c
 .debug_macro   0x0000000000000000       0x1c build/f7-firmware-C/.extapps/Mfkey32/mfkey32.o

.debug_macro    0x0000000000000000       0x3d
 .debug_macro   0x0000000000000000       0x3d build/f7-firmware-C/.extapps/Mfkey32/mfkey32.o

.debug_macro    0x0000000000000000       0x16
 .debug_macro   0x0000000000000000       0x16 build/f7-firmware-C/.extapps/Mfkey32/mfkey32.o

.debug_macro    0x0000000000000000      0x176
 .debug_macro   0x0000000000000000      0x176 build/f7-firmware-C/.extapps/Mfkey32/mfkey32.o

.debug_macro    0x0000000000000000       0x4c
 .debug_macro   0x0000000000000000       0x4c build/f7-firmware-C/.extapps/Mfkey32/mfkey32.o

.debug_macro    0x0000000000000000       0x70
 .debug_macro   0x0000000000000000       0x70 build/f7-firmware-C/.extapps/Mfkey32/mfkey32.o

.debug_macro    0x0000000000000000       0x16
 .debug_macro   0x0000000000000000       0x16 build/f7-firmware-C/.extapps/Mfkey32/mfkey32.o

.debug_macro    0x0000000000000000       0x19
 .debug_macro   0x0000000000000000       0x19 build/f7-firmware-C/.extapps/Mfkey32/mfkey32.o

.debug_macro    0x0000000000000000       0x7c
 .debug_macro   0x0000000000000000       0x7c build/f7-firmware-C/.extapps/Mfkey32/mfkey32.o

.debug_macro    0x0000000000000000       0x17
 .debug_macro   0x0000000000000000       0x17 build/f7-firmware-C/.extapps/Mfkey32/mfkey32.o

.debug_macro    0x0000000000000000      0x118
 .debug_macro   0x0000000000000000      0x118 build/f7-firmware-C/.extapps/Mfkey32/mfkey32.o

.debug_macro    0x0000000000000000      0x11f
 .debug_macro   0x0000000000000000      0x11f build/f7-firmware-C/.extapps/Mfkey32/mfkey32.o

.debug_macro    0x0000000000000000       0x16
 .debug_macro   0x0000000000000000       0x16 build/f7-firmware-C/.extapps/Mfkey32/mfkey32.o

.debug_macro    0x0000000000000000     0x2bf8
 .debug_macro   0x0000000000000000     0x2bf8 build/f7-firmware-C/.extapps/Mfkey32/mfkey32.o

.debug_macro    0x0000000000000000       0xb2
 .debug_macro   0x0000000000000000       0xb2 build/f7-firmware-C/.extapps/Mfkey32/mfkey32.o

.debug_macro    0x0000000000000000       0x28
 .debug_macro   0x0000000000000000       0x28 build/f7-firmware-C/.extapps/Mfkey32/mfkey32.o

.debug_macro    0x0000000000000000       0x2e
 .debug_macro   0x0000000000000000       0x2e build/f7-firmware-C/.extapps/Mfkey32/mfkey32.o

.debug_macro    0x0000000000000000       0x1c
 .debug_macro   0x0000000000000000       0x1c build/f7-firmware-C/.extapps/Mfkey32/mfkey32.o

.debug_macro    0x0000000000000000       0x22
 .debug_macro   0x0000000000000000       0x22 build/f7-firmware-C/.extapps/Mfkey32/mfkey32.o

.debug_macro    0x0000000000000000     0x1011
 .debug_macro   0x0000000000000000     0x1011 build/f7-firmware-C/.extapps/Mfkey32/mfkey32.o

.debug_macro    0x0000000000000000      0x11f
 .debug_macro   0x0000000000000000      0x11f build/f7-firmware-C/.extapps/Mfkey32/mfkey32.o

.debug_macro    0x0000000000000000    0x12ae9
 .debug_macro   0x0000000000000000    0x12ae9 build/f7-firmware-C/.extapps/Mfkey32/mfkey32.o

.debug_macro    0x0000000000000000       0x6c
 .debug_macro   0x0000000000000000       0x6c build/f7-firmware-C/.extapps/Mfkey32/mfkey32.o

.debug_macro    0x0000000000000000      0x147
 .debug_macro   0x0000000000000000      0x147 build/f7-firmware-C/.extapps/Mfkey32/mfkey32.o

.debug_macro    0x0000000000000000      0x557
 .debug_macro   0x0000000000000000      0x557 build/f7-firmware-C/.extapps/Mfkey32/mfkey32.o

.debug_macro    0x0000000000000000      0x175
 .debug_macro   0x0000000000000000      0x175 build/f7-firmware-C/.extapps/Mfkey32/mfkey32.o

.debug_macro    0x0000000000000000       0x91
 .debug_macro   0x0000000000000000       0x91 build/f7-firmware-C/.extapps/Mfkey32/mfkey32.o

.debug_macro    0x0000000000000000      0x24c
 .debug_macro   0x0000000000000000      0x24c build/f7-firmware-C/.extapps/Mfkey32/mfkey32.o

.debug_macro    0x0000000000000000       0x1c
 .debug_macro   0x0000000000000000       0x1c build/f7-firmware-C/.extapps/Mfkey32/mfkey32.o

.debug_macro    0x0000000000000000       0x10
 .debug_macro   0x0000000000000000       0x10 build/f7-firmware-C/.extapps/Mfkey32/mfkey32.o

.debug_macro    0x0000000000000000      0x4cc
 .debug_macro   0x0000000000000000      0x4cc build/f7-firmware-C/.extapps/Mfkey32/mfkey32.o

.debug_macro    0x0000000000000000       0x16
 .debug_macro   0x0000000000000000       0x16 build/f7-firmware-C/.extapps/Mfkey32/mfkey32.o

.debug_macro    0x0000000000000000      0x51a
 .debug_macro   0x0000000000000000      0x51a build/f7-firmware-C/.extapps/Mfkey32/mfkey32.o

.debug_macro    0x0000000000000000       0x2e
 .debug_macro   0x0000000000000000       0x2e build/f7-firmware-C/.extapps/Mfkey32/mfkey32.o

.debug_line     0x0000000000000000     0x26b1
 .debug_line    0x0000000000000000     0x244d build/f7-firmware-C/.extapps/Mfkey32/mfkey32.o
 .debug_line    0x000000000000244d      0x264 build/f7-firmware-C/.extapps/Mfkey32/mfkey32_icons.o

.debug_str      0x0000000000000000    0xdb351
 .debug_str     0x0000000000000000    0xd753b build/f7-firmware-C/.extapps/Mfkey32/mfkey32.o
 .debug_str     0x00000000000d753b     0x3e16 build/f7-firmware-C/.extapps/Mfkey32/mfkey32_icons.o

.debug_frame    0x0000000000000000      0x5a4
 .debug_frame   0x0000000000000000      0x584 build/f7-firmware-C/.extapps/Mfkey32/mfkey32.o
 .debug_frame   0x0000000000000584       0x20 d:/leoneware-flipper zero firmware/toolchain/x86_64-windows/bin/../lib/gcc/arm-none-eabi/10.3.1/thumb/v7e-m+fp/hard\libgcc.a(_paritysi2.o)

.debug_macro    0x0000000000000000       0xe0
 .debug_macro   0x0000000000000000       0xe0 build/f7-firmware-C/.extapps/Mfkey32/mfkey32_icons.o

.debug_macro    0x0000000000000000       0x51
 .debug_macro   0x0000000000000000       0x51 build/f7-firmware-C/.extapps/Mfkey32/mfkey32_icons.o
