
Discarded input sections

 .text          0x0000000000000000        0x0 build/f7-firmware-C/.extapps/Password_Generator/passgen.o
 .data          0x0000000000000000        0x0 build/f7-firmware-C/.extapps/Password_Generator/passgen.o
 .bss           0x0000000000000000        0x0 build/f7-firmware-C/.extapps/Password_Generator/passgen.o
 .rodata.AlphabetLevelsCount
                0x0000000000000000        0x4 build/f7-firmware-C/.extapps/Password_Generator/passgen.o
 .comment       0x0000000000000000       0x4a build/f7-firmware-C/.extapps/Password_Generator/passgen.o
 .group         0x0000000000000000        0xc build/f7-firmware-C/.extapps/Password_Generator/Password_Generator_icons.o
 .group         0x0000000000000000        0xc build/f7-firmware-C/.extapps/Password_Generator/Password_Generator_icons.o
 .group         0x0000000000000000        0xc build/f7-firmware-C/.extapps/Password_Generator/Password_Generator_icons.o
 .group         0x0000000000000000        0xc build/f7-firmware-C/.extapps/Password_Generator/Password_Generator_icons.o
 .group         0x0000000000000000        0xc build/f7-firmware-C/.extapps/Password_Generator/Password_Generator_icons.o
 .text          0x0000000000000000        0x0 build/f7-firmware-C/.extapps/Password_Generator/Password_Generator_icons.o
 .data          0x0000000000000000        0x0 build/f7-firmware-C/.extapps/Password_Generator/Password_Generator_icons.o
 .bss           0x0000000000000000        0x0 build/f7-firmware-C/.extapps/Password_Generator/Password_Generator_icons.o
 .rodata.I_Ok_btn_9x9
                0x0000000000000000        0x8 build/f7-firmware-C/.extapps/Password_Generator/Password_Generator_icons.o
 .rodata.I_passgen_icon
                0x0000000000000000        0x8 build/f7-firmware-C/.extapps/Password_Generator/Password_Generator_icons.o
 .rodata._I_Ok_btn_9x9
                0x0000000000000000        0x4 build/f7-firmware-C/.extapps/Password_Generator/Password_Generator_icons.o
 .rodata._I_Ok_btn_9x9_0
                0x0000000000000000       0x13 build/f7-firmware-C/.extapps/Password_Generator/Password_Generator_icons.o
 .rodata._I_passgen_icon
                0x0000000000000000        0x4 build/f7-firmware-C/.extapps/Password_Generator/Password_Generator_icons.o
 .rodata._I_passgen_icon_0
                0x0000000000000000       0x14 build/f7-firmware-C/.extapps/Password_Generator/Password_Generator_icons.o
 .debug_macro   0x0000000000000000      0xaba build/f7-firmware-C/.extapps/Password_Generator/Password_Generator_icons.o
 .debug_macro   0x0000000000000000       0x22 build/f7-firmware-C/.extapps/Password_Generator/Password_Generator_icons.o
 .debug_macro   0x0000000000000000      0x103 build/f7-firmware-C/.extapps/Password_Generator/Password_Generator_icons.o
 .debug_macro   0x0000000000000000       0x6a build/f7-firmware-C/.extapps/Password_Generator/Password_Generator_icons.o
 .debug_macro   0x0000000000000000      0x1df build/f7-firmware-C/.extapps/Password_Generator/Password_Generator_icons.o
 .comment       0x0000000000000000       0x4a build/f7-firmware-C/.extapps/Password_Generator/Password_Generator_icons.o

Memory Configuration

Name             Origin             Length             Attributes
*default*        0x0000000000000000 0xffffffffffffffff

Linker script and memory map

LOAD build/f7-firmware-C/.extapps/Password_Generator/passgen.o
LOAD build/f7-firmware-C/.extapps/Password_Generator/Password_Generator_icons.o
LOAD d:/leoneware-flipper zero firmware/toolchain/x86_64-windows/bin/../lib/gcc/arm-none-eabi/10.3.1/../../../../arm-none-eabi/lib/thumb/v7e-m+fp/hard\libm.a
LOAD d:/leoneware-flipper zero firmware/toolchain/x86_64-windows/bin/../lib/gcc/arm-none-eabi/10.3.1/thumb/v7e-m+fp/hard\libgcc.a
LOAD d:/leoneware-flipper zero firmware/toolchain/x86_64-windows/bin/../lib/gcc/arm-none-eabi/10.3.1/../../../../arm-none-eabi/lib/thumb/v7e-m+fp/hard\libstdc++_nano.a
LOAD d:/leoneware-flipper zero firmware/toolchain/x86_64-windows/bin/../lib/gcc/arm-none-eabi/10.3.1/../../../../arm-none-eabi/lib/thumb/v7e-m+fp/hard\libsupc++_nano.a

.text           0x0000000000000000      0x404
 *(.text)
 *(.stub)
 *(.text*)
 .text.render_callback
                0x0000000000000000      0x12c build/f7-firmware-C/.extapps/Password_Generator/passgen.o
 .text.input_callback
                0x000000000000012c       0x18 build/f7-firmware-C/.extapps/Password_Generator/passgen.o
 .text.state_free
                0x0000000000000144       0x54 build/f7-firmware-C/.extapps/Password_Generator/passgen.o
                0x0000000000000144                state_free
 .text.build_alphabet
                0x0000000000000198       0x6c build/f7-firmware-C/.extapps/Password_Generator/passgen.o
                0x0000000000000198                build_alphabet
 .text.state_init
                0x0000000000000204       0x94 build/f7-firmware-C/.extapps/Password_Generator/passgen.o
                0x0000000000000204                state_init
 .text.generate
                0x0000000000000298       0x50 build/f7-firmware-C/.extapps/Password_Generator/passgen.o
                0x0000000000000298                generate
 .text.update_password
                0x00000000000002e8       0x38 build/f7-firmware-C/.extapps/Password_Generator/passgen.o
                0x00000000000002e8                update_password
 .text.passgenapp
                0x0000000000000320       0xe4 build/f7-firmware-C/.extapps/Password_Generator/passgen.o
                0x0000000000000320                passgenapp
 *(.text.*)
 *(.text._*)
 *(.init)
 *(.fini)

.rodata         0x0000000000000404      0x126
 *(.rodata)
 *(.rodata1)
 *(.rodata.*)
 .rodata.render_callback.str1.1
                0x0000000000000404       0x34 build/f7-firmware-C/.extapps/Password_Generator/passgen.o
 .rodata.state_free.str1.1
                0x0000000000000438       0x11 build/f7-firmware-C/.extapps/Password_Generator/passgen.o
 .rodata.build_alphabet.str1.1
                0x0000000000000449       0x4c build/f7-firmware-C/.extapps/Password_Generator/passgen.o
 .rodata.str1.1
                0x0000000000000495       0x19 build/f7-firmware-C/.extapps/Password_Generator/passgen.o
 *fill*         0x00000000000004ae        0x2 
 .rodata.AlphabetLevels
                0x00000000000004b0       0x14 build/f7-firmware-C/.extapps/Password_Generator/passgen.o
                0x00000000000004b0                AlphabetLevels
 .rodata.PassGen_Alert_vibro
                0x00000000000004c4       0x14 build/f7-firmware-C/.extapps/Password_Generator/passgen.o
                0x00000000000004c4                PassGen_Alert_vibro
 .rodata.I_Horizontal_arrow_9x7
                0x00000000000004d8        0x8 build/f7-firmware-C/.extapps/Password_Generator/Password_Generator_icons.o
                0x00000000000004d8                I_Horizontal_arrow_9x7
 .rodata.I_Pin_back_arrow_10x8
                0x00000000000004e0        0x8 build/f7-firmware-C/.extapps/Password_Generator/Password_Generator_icons.o
                0x00000000000004e0                I_Pin_back_arrow_10x8
 .rodata.I_Vertical_arrow_7x9
                0x00000000000004e8        0x8 build/f7-firmware-C/.extapps/Password_Generator/Password_Generator_icons.o
                0x00000000000004e8                I_Vertical_arrow_7x9
 .rodata._I_Horizontal_arrow_9x7
                0x00000000000004f0        0x4 build/f7-firmware-C/.extapps/Password_Generator/Password_Generator_icons.o
                0x00000000000004f0                _I_Horizontal_arrow_9x7
 .rodata._I_Horizontal_arrow_9x7_0
                0x00000000000004f4        0xf build/f7-firmware-C/.extapps/Password_Generator/Password_Generator_icons.o
                0x00000000000004f4                _I_Horizontal_arrow_9x7_0
 *fill*         0x0000000000000503        0x1 
 .rodata._I_Pin_back_arrow_10x8
                0x0000000000000504        0x4 build/f7-firmware-C/.extapps/Password_Generator/Password_Generator_icons.o
                0x0000000000000504                _I_Pin_back_arrow_10x8
 .rodata._I_Pin_back_arrow_10x8_0
                0x0000000000000508       0x11 build/f7-firmware-C/.extapps/Password_Generator/Password_Generator_icons.o
                0x0000000000000508                _I_Pin_back_arrow_10x8_0
 *fill*         0x0000000000000519        0x3 
 .rodata._I_Vertical_arrow_7x9
                0x000000000000051c        0x4 build/f7-firmware-C/.extapps/Password_Generator/Password_Generator_icons.o
                0x000000000000051c                _I_Vertical_arrow_7x9
 .rodata._I_Vertical_arrow_7x9_0
                0x0000000000000520        0xa build/f7-firmware-C/.extapps/Password_Generator/Password_Generator_icons.o
                0x0000000000000520                _I_Vertical_arrow_7x9_0

.data           0x000000000000052c       0x14
 *(.data)
 *(.data1)
 *(.data.*)
 .data.AlphabetLevelNames
                0x000000000000052c       0x14 build/f7-firmware-C/.extapps/Password_Generator/passgen.o
                0x000000000000052c                AlphabetLevelNames

.bss
 *(.bss)
 *(.bss*)
 *(.sbss)
 *(.sbss*)
 *(COMMON)

.ARM.attributes
                0x0000000000000540       0x34
 *(.ARM.attributes)
 .ARM.attributes
                0x0000000000000540       0x34 build/f7-firmware-C/.extapps/Password_Generator/passgen.o
 .ARM.attributes
                0x0000000000000574       0x34 build/f7-firmware-C/.extapps/Password_Generator/Password_Generator_icons.o
 *(.ARM.attributes.*)

/DISCARD/
 *(.comment)
 *(.comment.*)
 *(.llvmbc)
 *(.llvmcmd)
OUTPUT(build/f7-firmware-C/.extapps/Password_Generator_d.elf elf32-littlearm)
LOAD linker stubs

.group          0x0000000000000000        0xc
 .group         0x0000000000000000        0xc build/f7-firmware-C/.extapps/Password_Generator/passgen.o

.group          0x0000000000000000        0xc
 .group         0x0000000000000000        0xc build/f7-firmware-C/.extapps/Password_Generator/passgen.o

.group          0x0000000000000000        0xc
 .group         0x0000000000000000        0xc build/f7-firmware-C/.extapps/Password_Generator/passgen.o

.group          0x0000000000000000        0xc
 .group         0x0000000000000000        0xc build/f7-firmware-C/.extapps/Password_Generator/passgen.o

.group          0x0000000000000000        0xc
 .group         0x0000000000000000        0xc build/f7-firmware-C/.extapps/Password_Generator/passgen.o

.group          0x0000000000000000        0xc
 .group         0x0000000000000000        0xc build/f7-firmware-C/.extapps/Password_Generator/passgen.o

.group          0x0000000000000000        0xc
 .group         0x0000000000000000        0xc build/f7-firmware-C/.extapps/Password_Generator/passgen.o

.group          0x0000000000000000        0xc
 .group         0x0000000000000000        0xc build/f7-firmware-C/.extapps/Password_Generator/passgen.o

.group          0x0000000000000000        0xc
 .group         0x0000000000000000        0xc build/f7-firmware-C/.extapps/Password_Generator/passgen.o

.group          0x0000000000000000        0xc
 .group         0x0000000000000000        0xc build/f7-firmware-C/.extapps/Password_Generator/passgen.o

.group          0x0000000000000000        0xc
 .group         0x0000000000000000        0xc build/f7-firmware-C/.extapps/Password_Generator/passgen.o

.group          0x0000000000000000        0xc
 .group         0x0000000000000000        0xc build/f7-firmware-C/.extapps/Password_Generator/passgen.o

.group          0x0000000000000000        0xc
 .group         0x0000000000000000        0xc build/f7-firmware-C/.extapps/Password_Generator/passgen.o

.group          0x0000000000000000        0xc
 .group         0x0000000000000000        0xc build/f7-firmware-C/.extapps/Password_Generator/passgen.o

.group          0x0000000000000000        0xc
 .group         0x0000000000000000        0xc build/f7-firmware-C/.extapps/Password_Generator/passgen.o

.group          0x0000000000000000        0xc
 .group         0x0000000000000000        0xc build/f7-firmware-C/.extapps/Password_Generator/passgen.o

.group          0x0000000000000000        0xc
 .group         0x0000000000000000        0xc build/f7-firmware-C/.extapps/Password_Generator/passgen.o

.group          0x0000000000000000        0xc
 .group         0x0000000000000000        0xc build/f7-firmware-C/.extapps/Password_Generator/passgen.o

.group          0x0000000000000000        0xc
 .group         0x0000000000000000        0xc build/f7-firmware-C/.extapps/Password_Generator/passgen.o

.group          0x0000000000000000        0xc
 .group         0x0000000000000000        0xc build/f7-firmware-C/.extapps/Password_Generator/passgen.o

.group          0x0000000000000000        0xc
 .group         0x0000000000000000        0xc build/f7-firmware-C/.extapps/Password_Generator/passgen.o

.group          0x0000000000000000        0xc
 .group         0x0000000000000000        0xc build/f7-firmware-C/.extapps/Password_Generator/passgen.o

.group          0x0000000000000000        0xc
 .group         0x0000000000000000        0xc build/f7-firmware-C/.extapps/Password_Generator/passgen.o

.group          0x0000000000000000        0xc
 .group         0x0000000000000000        0xc build/f7-firmware-C/.extapps/Password_Generator/passgen.o

.group          0x0000000000000000        0xc
 .group         0x0000000000000000        0xc build/f7-firmware-C/.extapps/Password_Generator/passgen.o

.group          0x0000000000000000        0xc
 .group         0x0000000000000000        0xc build/f7-firmware-C/.extapps/Password_Generator/passgen.o

.group          0x0000000000000000        0xc
 .group         0x0000000000000000        0xc build/f7-firmware-C/.extapps/Password_Generator/passgen.o

.group          0x0000000000000000        0xc
 .group         0x0000000000000000        0xc build/f7-firmware-C/.extapps/Password_Generator/passgen.o

.group          0x0000000000000000        0xc
 .group         0x0000000000000000        0xc build/f7-firmware-C/.extapps/Password_Generator/passgen.o

.group          0x0000000000000000        0xc
 .group         0x0000000000000000        0xc build/f7-firmware-C/.extapps/Password_Generator/passgen.o

.group          0x0000000000000000        0xc
 .group         0x0000000000000000        0xc build/f7-firmware-C/.extapps/Password_Generator/passgen.o

.group          0x0000000000000000        0xc
 .group         0x0000000000000000        0xc build/f7-firmware-C/.extapps/Password_Generator/passgen.o

.group          0x0000000000000000        0xc
 .group         0x0000000000000000        0xc build/f7-firmware-C/.extapps/Password_Generator/passgen.o

.group          0x0000000000000000        0xc
 .group         0x0000000000000000        0xc build/f7-firmware-C/.extapps/Password_Generator/passgen.o

.group          0x0000000000000000        0xc
 .group         0x0000000000000000        0xc build/f7-firmware-C/.extapps/Password_Generator/passgen.o

.group          0x0000000000000000        0xc
 .group         0x0000000000000000        0xc build/f7-firmware-C/.extapps/Password_Generator/passgen.o

.group          0x0000000000000000        0xc
 .group         0x0000000000000000        0xc build/f7-firmware-C/.extapps/Password_Generator/passgen.o

.group          0x0000000000000000        0xc
 .group         0x0000000000000000        0xc build/f7-firmware-C/.extapps/Password_Generator/passgen.o

.group          0x0000000000000000        0xc
 .group         0x0000000000000000        0xc build/f7-firmware-C/.extapps/Password_Generator/passgen.o

.group          0x0000000000000000        0xc
 .group         0x0000000000000000        0xc build/f7-firmware-C/.extapps/Password_Generator/passgen.o

.group          0x0000000000000000        0xc
 .group         0x0000000000000000        0xc build/f7-firmware-C/.extapps/Password_Generator/passgen.o

.group          0x0000000000000000        0xc
 .group         0x0000000000000000        0xc build/f7-firmware-C/.extapps/Password_Generator/passgen.o

.group          0x0000000000000000        0xc
 .group         0x0000000000000000        0xc build/f7-firmware-C/.extapps/Password_Generator/passgen.o

.group          0x0000000000000000        0xc
 .group         0x0000000000000000        0xc build/f7-firmware-C/.extapps/Password_Generator/passgen.o

.group          0x0000000000000000        0xc
 .group         0x0000000000000000        0xc build/f7-firmware-C/.extapps/Password_Generator/passgen.o

.group          0x0000000000000000        0xc
 .group         0x0000000000000000        0xc build/f7-firmware-C/.extapps/Password_Generator/passgen.o

.group          0x0000000000000000        0xc
 .group         0x0000000000000000        0xc build/f7-firmware-C/.extapps/Password_Generator/passgen.o

.group          0x0000000000000000        0xc
 .group         0x0000000000000000        0xc build/f7-firmware-C/.extapps/Password_Generator/passgen.o

.group          0x0000000000000000        0xc
 .group         0x0000000000000000        0xc build/f7-firmware-C/.extapps/Password_Generator/passgen.o

.group          0x0000000000000000        0xc
 .group         0x0000000000000000        0xc build/f7-firmware-C/.extapps/Password_Generator/passgen.o

.group          0x0000000000000000        0xc
 .group         0x0000000000000000        0xc build/f7-firmware-C/.extapps/Password_Generator/passgen.o

.group          0x0000000000000000        0xc
 .group         0x0000000000000000        0xc build/f7-firmware-C/.extapps/Password_Generator/passgen.o

.group          0x0000000000000000        0xc
 .group         0x0000000000000000        0xc build/f7-firmware-C/.extapps/Password_Generator/passgen.o

.group          0x0000000000000000        0xc
 .group         0x0000000000000000        0xc build/f7-firmware-C/.extapps/Password_Generator/passgen.o

.group          0x0000000000000000        0xc
 .group         0x0000000000000000        0xc build/f7-firmware-C/.extapps/Password_Generator/passgen.o

.group          0x0000000000000000        0xc
 .group         0x0000000000000000        0xc build/f7-firmware-C/.extapps/Password_Generator/passgen.o

.group          0x0000000000000000        0xc
 .group         0x0000000000000000        0xc build/f7-firmware-C/.extapps/Password_Generator/passgen.o

.group          0x0000000000000000        0xc
 .group         0x0000000000000000        0xc build/f7-firmware-C/.extapps/Password_Generator/passgen.o

.group          0x0000000000000000        0xc
 .group         0x0000000000000000        0xc build/f7-firmware-C/.extapps/Password_Generator/passgen.o

.group          0x0000000000000000        0xc
 .group         0x0000000000000000        0xc build/f7-firmware-C/.extapps/Password_Generator/passgen.o

.group          0x0000000000000000        0xc
 .group         0x0000000000000000        0xc build/f7-firmware-C/.extapps/Password_Generator/passgen.o

.group          0x0000000000000000        0xc
 .group         0x0000000000000000        0xc build/f7-firmware-C/.extapps/Password_Generator/passgen.o

.group          0x0000000000000000        0xc
 .group         0x0000000000000000        0xc build/f7-firmware-C/.extapps/Password_Generator/passgen.o

.group          0x0000000000000000        0xc
 .group         0x0000000000000000        0xc build/f7-firmware-C/.extapps/Password_Generator/passgen.o

.group          0x0000000000000000        0xc
 .group         0x0000000000000000        0xc build/f7-firmware-C/.extapps/Password_Generator/passgen.o

.group          0x0000000000000000        0xc
 .group         0x0000000000000000        0xc build/f7-firmware-C/.extapps/Password_Generator/passgen.o

.group          0x0000000000000000        0xc
 .group         0x0000000000000000        0xc build/f7-firmware-C/.extapps/Password_Generator/passgen.o

.group          0x0000000000000000        0xc
 .group         0x0000000000000000        0xc build/f7-firmware-C/.extapps/Password_Generator/passgen.o

.group          0x0000000000000000        0xc
 .group         0x0000000000000000        0xc build/f7-firmware-C/.extapps/Password_Generator/passgen.o

.group          0x0000000000000000        0xc
 .group         0x0000000000000000        0xc build/f7-firmware-C/.extapps/Password_Generator/passgen.o

.group          0x0000000000000000        0xc
 .group         0x0000000000000000        0xc build/f7-firmware-C/.extapps/Password_Generator/passgen.o

.group          0x0000000000000000        0xc
 .group         0x0000000000000000        0xc build/f7-firmware-C/.extapps/Password_Generator/passgen.o

.group          0x0000000000000000        0xc
 .group         0x0000000000000000        0xc build/f7-firmware-C/.extapps/Password_Generator/passgen.o

.group          0x0000000000000000        0xc
 .group         0x0000000000000000        0xc build/f7-firmware-C/.extapps/Password_Generator/passgen.o

.group          0x0000000000000000        0xc
 .group         0x0000000000000000        0xc build/f7-firmware-C/.extapps/Password_Generator/passgen.o

.group          0x0000000000000000        0xc
 .group         0x0000000000000000        0xc build/f7-firmware-C/.extapps/Password_Generator/passgen.o

.group          0x0000000000000000        0xc
 .group         0x0000000000000000        0xc build/f7-firmware-C/.extapps/Password_Generator/passgen.o

.group          0x0000000000000000        0xc
 .group         0x0000000000000000        0xc build/f7-firmware-C/.extapps/Password_Generator/Password_Generator_icons.o

.group          0x0000000000000000        0xc
 .group         0x0000000000000000        0xc build/f7-firmware-C/.extapps/Password_Generator/Password_Generator_icons.o

.debug_info     0x0000000000000000     0x13b8
 .debug_info    0x0000000000000000     0x110e build/f7-firmware-C/.extapps/Password_Generator/passgen.o
 .debug_info    0x000000000000110e      0x2aa build/f7-firmware-C/.extapps/Password_Generator/Password_Generator_icons.o

.debug_abbrev   0x0000000000000000      0x41b
 .debug_abbrev  0x0000000000000000      0x36a build/f7-firmware-C/.extapps/Password_Generator/passgen.o
 .debug_abbrev  0x000000000000036a       0xb1 build/f7-firmware-C/.extapps/Password_Generator/Password_Generator_icons.o

.debug_loc      0x0000000000000000      0x425
 .debug_loc     0x0000000000000000      0x425 build/f7-firmware-C/.extapps/Password_Generator/passgen.o

.debug_aranges  0x0000000000000000       0x70
 .debug_aranges
                0x0000000000000000       0x58 build/f7-firmware-C/.extapps/Password_Generator/passgen.o
 .debug_aranges
                0x0000000000000058       0x18 build/f7-firmware-C/.extapps/Password_Generator/Password_Generator_icons.o

.debug_ranges   0x0000000000000000       0xa0
 .debug_ranges  0x0000000000000000       0xa0 build/f7-firmware-C/.extapps/Password_Generator/passgen.o

.debug_macro    0x0000000000000000      0x50b
 .debug_macro   0x0000000000000000      0x49c build/f7-firmware-C/.extapps/Password_Generator/passgen.o
 .debug_macro   0x000000000000049c       0x6f build/f7-firmware-C/.extapps/Password_Generator/Password_Generator_icons.o

.debug_macro    0x0000000000000000      0xaba
 .debug_macro   0x0000000000000000      0xaba build/f7-firmware-C/.extapps/Password_Generator/passgen.o

.debug_macro    0x0000000000000000       0x1e
 .debug_macro   0x0000000000000000       0x1e build/f7-firmware-C/.extapps/Password_Generator/passgen.o

.debug_macro    0x0000000000000000       0x22
 .debug_macro   0x0000000000000000       0x22 build/f7-firmware-C/.extapps/Password_Generator/passgen.o

.debug_macro    0x0000000000000000       0x5e
 .debug_macro   0x0000000000000000       0x5e build/f7-firmware-C/.extapps/Password_Generator/passgen.o

.debug_macro    0x0000000000000000       0xe6
 .debug_macro   0x0000000000000000       0xe6 build/f7-firmware-C/.extapps/Password_Generator/passgen.o

.debug_macro    0x0000000000000000       0x35
 .debug_macro   0x0000000000000000       0x35 build/f7-firmware-C/.extapps/Password_Generator/passgen.o

.debug_macro    0x0000000000000000       0x34
 .debug_macro   0x0000000000000000       0x34 build/f7-firmware-C/.extapps/Password_Generator/passgen.o

.debug_macro    0x0000000000000000       0x16
 .debug_macro   0x0000000000000000       0x16 build/f7-firmware-C/.extapps/Password_Generator/passgen.o

.debug_macro    0x0000000000000000      0x10e
 .debug_macro   0x0000000000000000      0x10e build/f7-firmware-C/.extapps/Password_Generator/passgen.o

.debug_macro    0x0000000000000000       0x8d
 .debug_macro   0x0000000000000000       0x8d build/f7-firmware-C/.extapps/Password_Generator/passgen.o

.debug_macro    0x0000000000000000       0x16
 .debug_macro   0x0000000000000000       0x16 build/f7-firmware-C/.extapps/Password_Generator/passgen.o

.debug_macro    0x0000000000000000       0x43
 .debug_macro   0x0000000000000000       0x43 build/f7-firmware-C/.extapps/Password_Generator/passgen.o

.debug_macro    0x0000000000000000       0x57
 .debug_macro   0x0000000000000000       0x57 build/f7-firmware-C/.extapps/Password_Generator/passgen.o

.debug_macro    0x0000000000000000       0x34
 .debug_macro   0x0000000000000000       0x34 build/f7-firmware-C/.extapps/Password_Generator/passgen.o

.debug_macro    0x0000000000000000       0x10
 .debug_macro   0x0000000000000000       0x10 build/f7-firmware-C/.extapps/Password_Generator/passgen.o

.debug_macro    0x0000000000000000       0x58
 .debug_macro   0x0000000000000000       0x58 build/f7-firmware-C/.extapps/Password_Generator/passgen.o

.debug_macro    0x0000000000000000      0x182
 .debug_macro   0x0000000000000000      0x182 build/f7-firmware-C/.extapps/Password_Generator/passgen.o

.debug_macro    0x0000000000000000      0x341
 .debug_macro   0x0000000000000000      0x341 build/f7-firmware-C/.extapps/Password_Generator/passgen.o

.debug_macro    0x0000000000000000       0x16
 .debug_macro   0x0000000000000000       0x16 build/f7-firmware-C/.extapps/Password_Generator/passgen.o

.debug_macro    0x0000000000000000       0x29
 .debug_macro   0x0000000000000000       0x29 build/f7-firmware-C/.extapps/Password_Generator/passgen.o

.debug_macro    0x0000000000000000       0x10
 .debug_macro   0x0000000000000000       0x10 build/f7-firmware-C/.extapps/Password_Generator/passgen.o

.debug_macro    0x0000000000000000       0x22
 .debug_macro   0x0000000000000000       0x22 build/f7-firmware-C/.extapps/Password_Generator/passgen.o

.debug_macro    0x0000000000000000       0x70
 .debug_macro   0x0000000000000000       0x70 build/f7-firmware-C/.extapps/Password_Generator/passgen.o

.debug_macro    0x0000000000000000       0x22
 .debug_macro   0x0000000000000000       0x22 build/f7-firmware-C/.extapps/Password_Generator/passgen.o

.debug_macro    0x0000000000000000      0x103
 .debug_macro   0x0000000000000000      0x103 build/f7-firmware-C/.extapps/Password_Generator/passgen.o

.debug_macro    0x0000000000000000       0x6a
 .debug_macro   0x0000000000000000       0x6a build/f7-firmware-C/.extapps/Password_Generator/passgen.o

.debug_macro    0x0000000000000000      0x1df
 .debug_macro   0x0000000000000000      0x1df build/f7-firmware-C/.extapps/Password_Generator/passgen.o

.debug_macro    0x0000000000000000      0x189
 .debug_macro   0x0000000000000000      0x189 build/f7-firmware-C/.extapps/Password_Generator/passgen.o

.debug_macro    0x0000000000000000      0x15a
 .debug_macro   0x0000000000000000      0x15a build/f7-firmware-C/.extapps/Password_Generator/passgen.o

.debug_macro    0x0000000000000000       0xdd
 .debug_macro   0x0000000000000000       0xdd build/f7-firmware-C/.extapps/Password_Generator/passgen.o

.debug_macro    0x0000000000000000       0x28
 .debug_macro   0x0000000000000000       0x28 build/f7-firmware-C/.extapps/Password_Generator/passgen.o

.debug_macro    0x0000000000000000       0x1f
 .debug_macro   0x0000000000000000       0x1f build/f7-firmware-C/.extapps/Password_Generator/passgen.o

.debug_macro    0x0000000000000000       0x12
 .debug_macro   0x0000000000000000       0x12 build/f7-firmware-C/.extapps/Password_Generator/passgen.o

.debug_macro    0x0000000000000000      0x409
 .debug_macro   0x0000000000000000      0x409 build/f7-firmware-C/.extapps/Password_Generator/passgen.o

.debug_macro    0x0000000000000000       0xc3
 .debug_macro   0x0000000000000000       0xc3 build/f7-firmware-C/.extapps/Password_Generator/passgen.o

.debug_macro    0x0000000000000000      0x120
 .debug_macro   0x0000000000000000      0x120 build/f7-firmware-C/.extapps/Password_Generator/passgen.o

.debug_macro    0x0000000000000000       0xfb
 .debug_macro   0x0000000000000000       0xfb build/f7-firmware-C/.extapps/Password_Generator/passgen.o

.debug_macro    0x0000000000000000       0x28
 .debug_macro   0x0000000000000000       0x28 build/f7-firmware-C/.extapps/Password_Generator/passgen.o

.debug_macro    0x0000000000000000       0x1c
 .debug_macro   0x0000000000000000       0x1c build/f7-firmware-C/.extapps/Password_Generator/passgen.o

.debug_macro    0x0000000000000000       0x35
 .debug_macro   0x0000000000000000       0x35 build/f7-firmware-C/.extapps/Password_Generator/passgen.o

.debug_macro    0x0000000000000000       0x10
 .debug_macro   0x0000000000000000       0x10 build/f7-firmware-C/.extapps/Password_Generator/passgen.o

.debug_macro    0x0000000000000000       0x10
 .debug_macro   0x0000000000000000       0x10 build/f7-firmware-C/.extapps/Password_Generator/passgen.o

.debug_macro    0x0000000000000000       0x1c
 .debug_macro   0x0000000000000000       0x1c build/f7-firmware-C/.extapps/Password_Generator/passgen.o

.debug_macro    0x0000000000000000       0x52
 .debug_macro   0x0000000000000000       0x52 build/f7-firmware-C/.extapps/Password_Generator/passgen.o

.debug_macro    0x0000000000000000       0x22
 .debug_macro   0x0000000000000000       0x22 build/f7-firmware-C/.extapps/Password_Generator/passgen.o

.debug_macro    0x0000000000000000       0x10
 .debug_macro   0x0000000000000000       0x10 build/f7-firmware-C/.extapps/Password_Generator/passgen.o

.debug_macro    0x0000000000000000       0x52
 .debug_macro   0x0000000000000000       0x52 build/f7-firmware-C/.extapps/Password_Generator/passgen.o

.debug_macro    0x0000000000000000       0xd5
 .debug_macro   0x0000000000000000       0xd5 build/f7-firmware-C/.extapps/Password_Generator/passgen.o

.debug_macro    0x0000000000000000       0x1c
 .debug_macro   0x0000000000000000       0x1c build/f7-firmware-C/.extapps/Password_Generator/passgen.o

.debug_macro    0x0000000000000000       0x3d
 .debug_macro   0x0000000000000000       0x3d build/f7-firmware-C/.extapps/Password_Generator/passgen.o

.debug_macro    0x0000000000000000       0x16
 .debug_macro   0x0000000000000000       0x16 build/f7-firmware-C/.extapps/Password_Generator/passgen.o

.debug_macro    0x0000000000000000      0x176
 .debug_macro   0x0000000000000000      0x176 build/f7-firmware-C/.extapps/Password_Generator/passgen.o

.debug_macro    0x0000000000000000       0x4c
 .debug_macro   0x0000000000000000       0x4c build/f7-firmware-C/.extapps/Password_Generator/passgen.o

.debug_macro    0x0000000000000000       0x70
 .debug_macro   0x0000000000000000       0x70 build/f7-firmware-C/.extapps/Password_Generator/passgen.o

.debug_macro    0x0000000000000000       0x16
 .debug_macro   0x0000000000000000       0x16 build/f7-firmware-C/.extapps/Password_Generator/passgen.o

.debug_macro    0x0000000000000000       0x19
 .debug_macro   0x0000000000000000       0x19 build/f7-firmware-C/.extapps/Password_Generator/passgen.o

.debug_macro    0x0000000000000000       0x7c
 .debug_macro   0x0000000000000000       0x7c build/f7-firmware-C/.extapps/Password_Generator/passgen.o

.debug_macro    0x0000000000000000       0x17
 .debug_macro   0x0000000000000000       0x17 build/f7-firmware-C/.extapps/Password_Generator/passgen.o

.debug_macro    0x0000000000000000      0x118
 .debug_macro   0x0000000000000000      0x118 build/f7-firmware-C/.extapps/Password_Generator/passgen.o

.debug_macro    0x0000000000000000      0x11f
 .debug_macro   0x0000000000000000      0x11f build/f7-firmware-C/.extapps/Password_Generator/passgen.o

.debug_macro    0x0000000000000000       0x16
 .debug_macro   0x0000000000000000       0x16 build/f7-firmware-C/.extapps/Password_Generator/passgen.o

.debug_macro    0x0000000000000000     0x2bf8
 .debug_macro   0x0000000000000000     0x2bf8 build/f7-firmware-C/.extapps/Password_Generator/passgen.o

.debug_macro    0x0000000000000000       0xb2
 .debug_macro   0x0000000000000000       0xb2 build/f7-firmware-C/.extapps/Password_Generator/passgen.o

.debug_macro    0x0000000000000000       0x28
 .debug_macro   0x0000000000000000       0x28 build/f7-firmware-C/.extapps/Password_Generator/passgen.o

.debug_macro    0x0000000000000000       0x2e
 .debug_macro   0x0000000000000000       0x2e build/f7-firmware-C/.extapps/Password_Generator/passgen.o

.debug_macro    0x0000000000000000       0x1c
 .debug_macro   0x0000000000000000       0x1c build/f7-firmware-C/.extapps/Password_Generator/passgen.o

.debug_macro    0x0000000000000000       0x22
 .debug_macro   0x0000000000000000       0x22 build/f7-firmware-C/.extapps/Password_Generator/passgen.o

.debug_macro    0x0000000000000000     0x1011
 .debug_macro   0x0000000000000000     0x1011 build/f7-firmware-C/.extapps/Password_Generator/passgen.o

.debug_macro    0x0000000000000000      0x11f
 .debug_macro   0x0000000000000000      0x11f build/f7-firmware-C/.extapps/Password_Generator/passgen.o

.debug_macro    0x0000000000000000    0x12ae9
 .debug_macro   0x0000000000000000    0x12ae9 build/f7-firmware-C/.extapps/Password_Generator/passgen.o

.debug_macro    0x0000000000000000       0x6c
 .debug_macro   0x0000000000000000       0x6c build/f7-firmware-C/.extapps/Password_Generator/passgen.o

.debug_macro    0x0000000000000000      0x147
 .debug_macro   0x0000000000000000      0x147 build/f7-firmware-C/.extapps/Password_Generator/passgen.o

.debug_macro    0x0000000000000000      0x557
 .debug_macro   0x0000000000000000      0x557 build/f7-firmware-C/.extapps/Password_Generator/passgen.o

.debug_macro    0x0000000000000000      0x175
 .debug_macro   0x0000000000000000      0x175 build/f7-firmware-C/.extapps/Password_Generator/passgen.o

.debug_macro    0x0000000000000000       0x91
 .debug_macro   0x0000000000000000       0x91 build/f7-firmware-C/.extapps/Password_Generator/passgen.o

.debug_macro    0x0000000000000000      0x24c
 .debug_macro   0x0000000000000000      0x24c build/f7-firmware-C/.extapps/Password_Generator/passgen.o

.debug_macro    0x0000000000000000       0x1c
 .debug_macro   0x0000000000000000       0x1c build/f7-firmware-C/.extapps/Password_Generator/passgen.o

.debug_line     0x0000000000000000     0x1019
 .debug_line    0x0000000000000000      0xd94 build/f7-firmware-C/.extapps/Password_Generator/passgen.o
 .debug_line    0x0000000000000d94      0x285 build/f7-firmware-C/.extapps/Password_Generator/Password_Generator_icons.o

.debug_str      0x0000000000000000    0xd8ae6
 .debug_str     0x0000000000000000    0xd4ba8 build/f7-firmware-C/.extapps/Password_Generator/passgen.o
 .debug_str     0x00000000000d4ba8     0x3f3e build/f7-firmware-C/.extapps/Password_Generator/Password_Generator_icons.o

.debug_frame    0x0000000000000000      0x11c
 .debug_frame   0x0000000000000000      0x11c build/f7-firmware-C/.extapps/Password_Generator/passgen.o

.debug_macro    0x0000000000000000       0xe0
 .debug_macro   0x0000000000000000       0xe0 build/f7-firmware-C/.extapps/Password_Generator/Password_Generator_icons.o

.debug_macro    0x0000000000000000       0x51
 .debug_macro   0x0000000000000000       0x51 build/f7-firmware-C/.extapps/Password_Generator/Password_Generator_icons.o
