
Discarded input sections

 .text          0x0000000000000000        0x0 build/f7-firmware-C/.extapps/USB_HID_Autofire/tools.o
 .data          0x0000000000000000        0x0 build/f7-firmware-C/.extapps/USB_HID_Autofire/tools.o
 .bss           0x0000000000000000        0x0 build/f7-firmware-C/.extapps/USB_HID_Autofire/tools.o
 .comment       0x0000000000000000       0x4a build/f7-firmware-C/.extapps/USB_HID_Autofire/tools.o
 .group         0x0000000000000000        0xc build/f7-firmware-C/.extapps/USB_HID_Autofire/usb_hid_autofire.o
 .text          0x0000000000000000        0x0 build/f7-firmware-C/.extapps/USB_HID_Autofire/usb_hid_autofire.o
 .data          0x0000000000000000        0x0 build/f7-firmware-C/.extapps/USB_HID_Autofire/usb_hid_autofire.o
 .bss           0x0000000000000000        0x0 build/f7-firmware-C/.extapps/USB_HID_Autofire/usb_hid_autofire.o
 .debug_macro   0x0000000000000000      0xaba build/f7-firmware-C/.extapps/USB_HID_Autofire/usb_hid_autofire.o
 .comment       0x0000000000000000       0x4a build/f7-firmware-C/.extapps/USB_HID_Autofire/usb_hid_autofire.o

Memory Configuration

Name             Origin             Length             Attributes
*default*        0x0000000000000000 0xffffffffffffffff

Linker script and memory map

LOAD build/f7-firmware-C/.extapps/USB_HID_Autofire/tools.o
LOAD build/f7-firmware-C/.extapps/USB_HID_Autofire/usb_hid_autofire.o
LOAD d:/leoneware-flipper zero firmware/toolchain/x86_64-windows/bin/../lib/gcc/arm-none-eabi/10.3.1/../../../../arm-none-eabi/lib/thumb/v7e-m+fp/hard\libm.a
LOAD d:/leoneware-flipper zero firmware/toolchain/x86_64-windows/bin/../lib/gcc/arm-none-eabi/10.3.1/thumb/v7e-m+fp/hard\libgcc.a
LOAD d:/leoneware-flipper zero firmware/toolchain/x86_64-windows/bin/../lib/gcc/arm-none-eabi/10.3.1/../../../../arm-none-eabi/lib/thumb/v7e-m+fp/hard\libstdc++_nano.a
LOAD d:/leoneware-flipper zero firmware/toolchain/x86_64-windows/bin/../lib/gcc/arm-none-eabi/10.3.1/../../../../arm-none-eabi/lib/thumb/v7e-m+fp/hard\libsupc++_nano.a

.text           0x0000000000000000      0x2dc
 *(.text)
 *(.stub)
 *(.text*)
 .text.strrev   0x0000000000000000       0x20 build/f7-firmware-C/.extapps/USB_HID_Autofire/tools.o
                0x0000000000000000                strrev
 .text.itoa     0x0000000000000020       0x64 build/f7-firmware-C/.extapps/USB_HID_Autofire/tools.o
                0x0000000000000020                itoa
 .text.usb_hid_autofire_input_callback
                0x0000000000000084       0x28 build/f7-firmware-C/.extapps/USB_HID_Autofire/usb_hid_autofire.o
 .text.usb_hid_autofire_render_callback
                0x00000000000000ac       0xc0 build/f7-firmware-C/.extapps/USB_HID_Autofire/usb_hid_autofire.o
 .text.usb_hid_autofire_app
                0x000000000000016c      0x170 build/f7-firmware-C/.extapps/USB_HID_Autofire/usb_hid_autofire.o
                0x000000000000016c                usb_hid_autofire_app
 *(.text.*)
 *(.text._*)
 *(.init)
 *(.fini)

.rodata         0x00000000000002dc       0x86
 *(.rodata)
 *(.rodata1)
 *(.rodata.*)
 .rodata.usb_hid_autofire_render_callback.str1.1
                0x00000000000002dc       0x6e build/f7-firmware-C/.extapps/USB_HID_Autofire/usb_hid_autofire.o
 .rodata.usb_hid_autofire_app.str1.1
                0x000000000000034a       0x18 build/f7-firmware-C/.extapps/USB_HID_Autofire/usb_hid_autofire.o

.data           0x0000000000000364        0x4
 *(.data)
 *(.data1)
 *(.data.*)
 .data.autofire_delay
                0x0000000000000364        0x4 build/f7-firmware-C/.extapps/USB_HID_Autofire/usb_hid_autofire.o
                0x0000000000000364                autofire_delay

.bss            0x0000000000000368        0x1
 *(.bss)
 *(.bss*)
 .bss.btn_left_autofire
                0x0000000000000368        0x1 build/f7-firmware-C/.extapps/USB_HID_Autofire/usb_hid_autofire.o
                0x0000000000000368                btn_left_autofire
 *(.sbss)
 *(.sbss*)
 *(COMMON)

.ARM.attributes
                0x0000000000000369       0x34
 *(.ARM.attributes)
 .ARM.attributes
                0x0000000000000369       0x34 build/f7-firmware-C/.extapps/USB_HID_Autofire/tools.o
 .ARM.attributes
                0x000000000000039d       0x34 build/f7-firmware-C/.extapps/USB_HID_Autofire/usb_hid_autofire.o
 *(.ARM.attributes.*)

/DISCARD/
 *(.comment)
 *(.comment.*)
 *(.llvmbc)
 *(.llvmcmd)
OUTPUT(build/f7-firmware-C/.extapps/USB_HID_Autofire_d.elf elf32-littlearm)
LOAD linker stubs

.group          0x0000000000000000        0xc
 .group         0x0000000000000000        0xc build/f7-firmware-C/.extapps/USB_HID_Autofire/tools.o

.group          0x0000000000000000        0xc
 .group         0x0000000000000000        0xc build/f7-firmware-C/.extapps/USB_HID_Autofire/usb_hid_autofire.o

.group          0x0000000000000000        0xc
 .group         0x0000000000000000        0xc build/f7-firmware-C/.extapps/USB_HID_Autofire/usb_hid_autofire.o

.group          0x0000000000000000        0xc
 .group         0x0000000000000000        0xc build/f7-firmware-C/.extapps/USB_HID_Autofire/usb_hid_autofire.o

.group          0x0000000000000000        0xc
 .group         0x0000000000000000        0xc build/f7-firmware-C/.extapps/USB_HID_Autofire/usb_hid_autofire.o

.group          0x0000000000000000        0xc
 .group         0x0000000000000000        0xc build/f7-firmware-C/.extapps/USB_HID_Autofire/usb_hid_autofire.o

.group          0x0000000000000000        0xc
 .group         0x0000000000000000        0xc build/f7-firmware-C/.extapps/USB_HID_Autofire/usb_hid_autofire.o

.group          0x0000000000000000        0xc
 .group         0x0000000000000000        0xc build/f7-firmware-C/.extapps/USB_HID_Autofire/usb_hid_autofire.o

.group          0x0000000000000000        0xc
 .group         0x0000000000000000        0xc build/f7-firmware-C/.extapps/USB_HID_Autofire/usb_hid_autofire.o

.group          0x0000000000000000        0xc
 .group         0x0000000000000000        0xc build/f7-firmware-C/.extapps/USB_HID_Autofire/usb_hid_autofire.o

.group          0x0000000000000000        0xc
 .group         0x0000000000000000        0xc build/f7-firmware-C/.extapps/USB_HID_Autofire/usb_hid_autofire.o

.group          0x0000000000000000        0xc
 .group         0x0000000000000000        0xc build/f7-firmware-C/.extapps/USB_HID_Autofire/usb_hid_autofire.o

.group          0x0000000000000000        0xc
 .group         0x0000000000000000        0xc build/f7-firmware-C/.extapps/USB_HID_Autofire/usb_hid_autofire.o

.group          0x0000000000000000        0xc
 .group         0x0000000000000000        0xc build/f7-firmware-C/.extapps/USB_HID_Autofire/usb_hid_autofire.o

.group          0x0000000000000000        0xc
 .group         0x0000000000000000        0xc build/f7-firmware-C/.extapps/USB_HID_Autofire/usb_hid_autofire.o

.group          0x0000000000000000        0xc
 .group         0x0000000000000000        0xc build/f7-firmware-C/.extapps/USB_HID_Autofire/usb_hid_autofire.o

.group          0x0000000000000000        0xc
 .group         0x0000000000000000        0xc build/f7-firmware-C/.extapps/USB_HID_Autofire/usb_hid_autofire.o

.group          0x0000000000000000        0xc
 .group         0x0000000000000000        0xc build/f7-firmware-C/.extapps/USB_HID_Autofire/usb_hid_autofire.o

.group          0x0000000000000000        0xc
 .group         0x0000000000000000        0xc build/f7-firmware-C/.extapps/USB_HID_Autofire/usb_hid_autofire.o

.group          0x0000000000000000        0xc
 .group         0x0000000000000000        0xc build/f7-firmware-C/.extapps/USB_HID_Autofire/usb_hid_autofire.o

.group          0x0000000000000000        0xc
 .group         0x0000000000000000        0xc build/f7-firmware-C/.extapps/USB_HID_Autofire/usb_hid_autofire.o

.group          0x0000000000000000        0xc
 .group         0x0000000000000000        0xc build/f7-firmware-C/.extapps/USB_HID_Autofire/usb_hid_autofire.o

.group          0x0000000000000000        0xc
 .group         0x0000000000000000        0xc build/f7-firmware-C/.extapps/USB_HID_Autofire/usb_hid_autofire.o

.group          0x0000000000000000        0xc
 .group         0x0000000000000000        0xc build/f7-firmware-C/.extapps/USB_HID_Autofire/usb_hid_autofire.o

.group          0x0000000000000000        0xc
 .group         0x0000000000000000        0xc build/f7-firmware-C/.extapps/USB_HID_Autofire/usb_hid_autofire.o

.group          0x0000000000000000        0xc
 .group         0x0000000000000000        0xc build/f7-firmware-C/.extapps/USB_HID_Autofire/usb_hid_autofire.o

.group          0x0000000000000000        0xc
 .group         0x0000000000000000        0xc build/f7-firmware-C/.extapps/USB_HID_Autofire/usb_hid_autofire.o

.group          0x0000000000000000        0xc
 .group         0x0000000000000000        0xc build/f7-firmware-C/.extapps/USB_HID_Autofire/usb_hid_autofire.o

.group          0x0000000000000000        0xc
 .group         0x0000000000000000        0xc build/f7-firmware-C/.extapps/USB_HID_Autofire/usb_hid_autofire.o

.group          0x0000000000000000        0xc
 .group         0x0000000000000000        0xc build/f7-firmware-C/.extapps/USB_HID_Autofire/usb_hid_autofire.o

.group          0x0000000000000000        0xc
 .group         0x0000000000000000        0xc build/f7-firmware-C/.extapps/USB_HID_Autofire/usb_hid_autofire.o

.group          0x0000000000000000        0xc
 .group         0x0000000000000000        0xc build/f7-firmware-C/.extapps/USB_HID_Autofire/usb_hid_autofire.o

.group          0x0000000000000000        0xc
 .group         0x0000000000000000        0xc build/f7-firmware-C/.extapps/USB_HID_Autofire/usb_hid_autofire.o

.group          0x0000000000000000        0xc
 .group         0x0000000000000000        0xc build/f7-firmware-C/.extapps/USB_HID_Autofire/usb_hid_autofire.o

.group          0x0000000000000000        0xc
 .group         0x0000000000000000        0xc build/f7-firmware-C/.extapps/USB_HID_Autofire/usb_hid_autofire.o

.group          0x0000000000000000        0xc
 .group         0x0000000000000000        0xc build/f7-firmware-C/.extapps/USB_HID_Autofire/usb_hid_autofire.o

.group          0x0000000000000000        0xc
 .group         0x0000000000000000        0xc build/f7-firmware-C/.extapps/USB_HID_Autofire/usb_hid_autofire.o

.group          0x0000000000000000        0xc
 .group         0x0000000000000000        0xc build/f7-firmware-C/.extapps/USB_HID_Autofire/usb_hid_autofire.o

.group          0x0000000000000000        0xc
 .group         0x0000000000000000        0xc build/f7-firmware-C/.extapps/USB_HID_Autofire/usb_hid_autofire.o

.group          0x0000000000000000        0xc
 .group         0x0000000000000000        0xc build/f7-firmware-C/.extapps/USB_HID_Autofire/usb_hid_autofire.o

.group          0x0000000000000000        0xc
 .group         0x0000000000000000        0xc build/f7-firmware-C/.extapps/USB_HID_Autofire/usb_hid_autofire.o

.group          0x0000000000000000        0xc
 .group         0x0000000000000000        0xc build/f7-firmware-C/.extapps/USB_HID_Autofire/usb_hid_autofire.o

.group          0x0000000000000000        0xc
 .group         0x0000000000000000        0xc build/f7-firmware-C/.extapps/USB_HID_Autofire/usb_hid_autofire.o

.group          0x0000000000000000        0xc
 .group         0x0000000000000000        0xc build/f7-firmware-C/.extapps/USB_HID_Autofire/usb_hid_autofire.o

.group          0x0000000000000000        0xc
 .group         0x0000000000000000        0xc build/f7-firmware-C/.extapps/USB_HID_Autofire/usb_hid_autofire.o

.group          0x0000000000000000        0xc
 .group         0x0000000000000000        0xc build/f7-firmware-C/.extapps/USB_HID_Autofire/usb_hid_autofire.o

.group          0x0000000000000000        0xc
 .group         0x0000000000000000        0xc build/f7-firmware-C/.extapps/USB_HID_Autofire/usb_hid_autofire.o

.group          0x0000000000000000        0xc
 .group         0x0000000000000000        0xc build/f7-firmware-C/.extapps/USB_HID_Autofire/usb_hid_autofire.o

.group          0x0000000000000000        0xc
 .group         0x0000000000000000        0xc build/f7-firmware-C/.extapps/USB_HID_Autofire/usb_hid_autofire.o

.group          0x0000000000000000        0xc
 .group         0x0000000000000000        0xc build/f7-firmware-C/.extapps/USB_HID_Autofire/usb_hid_autofire.o

.group          0x0000000000000000        0xc
 .group         0x0000000000000000        0xc build/f7-firmware-C/.extapps/USB_HID_Autofire/usb_hid_autofire.o

.group          0x0000000000000000        0xc
 .group         0x0000000000000000        0xc build/f7-firmware-C/.extapps/USB_HID_Autofire/usb_hid_autofire.o

.group          0x0000000000000000        0xc
 .group         0x0000000000000000        0xc build/f7-firmware-C/.extapps/USB_HID_Autofire/usb_hid_autofire.o

.group          0x0000000000000000        0xc
 .group         0x0000000000000000        0xc build/f7-firmware-C/.extapps/USB_HID_Autofire/usb_hid_autofire.o

.group          0x0000000000000000        0xc
 .group         0x0000000000000000        0xc build/f7-firmware-C/.extapps/USB_HID_Autofire/usb_hid_autofire.o

.group          0x0000000000000000        0xc
 .group         0x0000000000000000        0xc build/f7-firmware-C/.extapps/USB_HID_Autofire/usb_hid_autofire.o

.group          0x0000000000000000        0xc
 .group         0x0000000000000000        0xc build/f7-firmware-C/.extapps/USB_HID_Autofire/usb_hid_autofire.o

.group          0x0000000000000000        0xc
 .group         0x0000000000000000        0xc build/f7-firmware-C/.extapps/USB_HID_Autofire/usb_hid_autofire.o

.group          0x0000000000000000        0xc
 .group         0x0000000000000000        0xc build/f7-firmware-C/.extapps/USB_HID_Autofire/usb_hid_autofire.o

.group          0x0000000000000000        0xc
 .group         0x0000000000000000        0xc build/f7-firmware-C/.extapps/USB_HID_Autofire/usb_hid_autofire.o

.group          0x0000000000000000        0xc
 .group         0x0000000000000000        0xc build/f7-firmware-C/.extapps/USB_HID_Autofire/usb_hid_autofire.o

.group          0x0000000000000000        0xc
 .group         0x0000000000000000        0xc build/f7-firmware-C/.extapps/USB_HID_Autofire/usb_hid_autofire.o

.group          0x0000000000000000        0xc
 .group         0x0000000000000000        0xc build/f7-firmware-C/.extapps/USB_HID_Autofire/usb_hid_autofire.o

.group          0x0000000000000000        0xc
 .group         0x0000000000000000        0xc build/f7-firmware-C/.extapps/USB_HID_Autofire/usb_hid_autofire.o

.group          0x0000000000000000        0xc
 .group         0x0000000000000000        0xc build/f7-firmware-C/.extapps/USB_HID_Autofire/usb_hid_autofire.o

.group          0x0000000000000000        0xc
 .group         0x0000000000000000        0xc build/f7-firmware-C/.extapps/USB_HID_Autofire/usb_hid_autofire.o

.group          0x0000000000000000        0xc
 .group         0x0000000000000000        0xc build/f7-firmware-C/.extapps/USB_HID_Autofire/usb_hid_autofire.o

.group          0x0000000000000000        0xc
 .group         0x0000000000000000        0xc build/f7-firmware-C/.extapps/USB_HID_Autofire/usb_hid_autofire.o

.group          0x0000000000000000        0xc
 .group         0x0000000000000000        0xc build/f7-firmware-C/.extapps/USB_HID_Autofire/usb_hid_autofire.o

.group          0x0000000000000000        0xc
 .group         0x0000000000000000        0xc build/f7-firmware-C/.extapps/USB_HID_Autofire/usb_hid_autofire.o

.group          0x0000000000000000        0xc
 .group         0x0000000000000000        0xc build/f7-firmware-C/.extapps/USB_HID_Autofire/usb_hid_autofire.o

.group          0x0000000000000000        0xc
 .group         0x0000000000000000        0xc build/f7-firmware-C/.extapps/USB_HID_Autofire/usb_hid_autofire.o

.group          0x0000000000000000        0xc
 .group         0x0000000000000000        0xc build/f7-firmware-C/.extapps/USB_HID_Autofire/usb_hid_autofire.o

.group          0x0000000000000000        0xc
 .group         0x0000000000000000        0xc build/f7-firmware-C/.extapps/USB_HID_Autofire/usb_hid_autofire.o

.group          0x0000000000000000        0xc
 .group         0x0000000000000000        0xc build/f7-firmware-C/.extapps/USB_HID_Autofire/usb_hid_autofire.o

.group          0x0000000000000000        0xc
 .group         0x0000000000000000        0xc build/f7-firmware-C/.extapps/USB_HID_Autofire/usb_hid_autofire.o

.group          0x0000000000000000        0xc
 .group         0x0000000000000000        0xc build/f7-firmware-C/.extapps/USB_HID_Autofire/usb_hid_autofire.o

.group          0x0000000000000000        0xc
 .group         0x0000000000000000        0xc build/f7-firmware-C/.extapps/USB_HID_Autofire/usb_hid_autofire.o

.group          0x0000000000000000        0xc
 .group         0x0000000000000000        0xc build/f7-firmware-C/.extapps/USB_HID_Autofire/usb_hid_autofire.o

.group          0x0000000000000000        0xc
 .group         0x0000000000000000        0xc build/f7-firmware-C/.extapps/USB_HID_Autofire/usb_hid_autofire.o

.group          0x0000000000000000        0xc
 .group         0x0000000000000000        0xc build/f7-firmware-C/.extapps/USB_HID_Autofire/usb_hid_autofire.o

.group          0x0000000000000000        0xc
 .group         0x0000000000000000        0xc build/f7-firmware-C/.extapps/USB_HID_Autofire/usb_hid_autofire.o

.group          0x0000000000000000        0xc
 .group         0x0000000000000000        0xc build/f7-firmware-C/.extapps/USB_HID_Autofire/usb_hid_autofire.o

.group          0x0000000000000000        0xc
 .group         0x0000000000000000        0xc build/f7-firmware-C/.extapps/USB_HID_Autofire/usb_hid_autofire.o

.group          0x0000000000000000        0xc
 .group         0x0000000000000000        0xc build/f7-firmware-C/.extapps/USB_HID_Autofire/usb_hid_autofire.o

.group          0x0000000000000000        0xc
 .group         0x0000000000000000        0xc build/f7-firmware-C/.extapps/USB_HID_Autofire/usb_hid_autofire.o

.group          0x0000000000000000        0xc
 .group         0x0000000000000000        0xc build/f7-firmware-C/.extapps/USB_HID_Autofire/usb_hid_autofire.o

.group          0x0000000000000000        0xc
 .group         0x0000000000000000        0xc build/f7-firmware-C/.extapps/USB_HID_Autofire/usb_hid_autofire.o

.group          0x0000000000000000        0xc
 .group         0x0000000000000000        0xc build/f7-firmware-C/.extapps/USB_HID_Autofire/usb_hid_autofire.o

.group          0x0000000000000000        0xc
 .group         0x0000000000000000        0xc build/f7-firmware-C/.extapps/USB_HID_Autofire/usb_hid_autofire.o

.group          0x0000000000000000        0xc
 .group         0x0000000000000000        0xc build/f7-firmware-C/.extapps/USB_HID_Autofire/usb_hid_autofire.o

.group          0x0000000000000000        0xc
 .group         0x0000000000000000        0xc build/f7-firmware-C/.extapps/USB_HID_Autofire/usb_hid_autofire.o

.group          0x0000000000000000        0xc
 .group         0x0000000000000000        0xc build/f7-firmware-C/.extapps/USB_HID_Autofire/usb_hid_autofire.o

.group          0x0000000000000000        0xc
 .group         0x0000000000000000        0xc build/f7-firmware-C/.extapps/USB_HID_Autofire/usb_hid_autofire.o

.group          0x0000000000000000        0xc
 .group         0x0000000000000000        0xc build/f7-firmware-C/.extapps/USB_HID_Autofire/usb_hid_autofire.o

.group          0x0000000000000000        0xc
 .group         0x0000000000000000        0xc build/f7-firmware-C/.extapps/USB_HID_Autofire/usb_hid_autofire.o

.group          0x0000000000000000        0xc
 .group         0x0000000000000000        0xc build/f7-firmware-C/.extapps/USB_HID_Autofire/usb_hid_autofire.o

.group          0x0000000000000000        0xc
 .group         0x0000000000000000        0xc build/f7-firmware-C/.extapps/USB_HID_Autofire/usb_hid_autofire.o

.group          0x0000000000000000        0xc
 .group         0x0000000000000000        0xc build/f7-firmware-C/.extapps/USB_HID_Autofire/usb_hid_autofire.o

.group          0x0000000000000000        0xc
 .group         0x0000000000000000        0xc build/f7-firmware-C/.extapps/USB_HID_Autofire/usb_hid_autofire.o

.group          0x0000000000000000        0xc
 .group         0x0000000000000000        0xc build/f7-firmware-C/.extapps/USB_HID_Autofire/usb_hid_autofire.o

.group          0x0000000000000000        0xc
 .group         0x0000000000000000        0xc build/f7-firmware-C/.extapps/USB_HID_Autofire/usb_hid_autofire.o

.group          0x0000000000000000        0xc
 .group         0x0000000000000000        0xc build/f7-firmware-C/.extapps/USB_HID_Autofire/usb_hid_autofire.o

.group          0x0000000000000000        0xc
 .group         0x0000000000000000        0xc build/f7-firmware-C/.extapps/USB_HID_Autofire/usb_hid_autofire.o

.group          0x0000000000000000        0xc
 .group         0x0000000000000000        0xc build/f7-firmware-C/.extapps/USB_HID_Autofire/usb_hid_autofire.o

.group          0x0000000000000000        0xc
 .group         0x0000000000000000        0xc build/f7-firmware-C/.extapps/USB_HID_Autofire/usb_hid_autofire.o

.group          0x0000000000000000        0xc
 .group         0x0000000000000000        0xc build/f7-firmware-C/.extapps/USB_HID_Autofire/usb_hid_autofire.o

.group          0x0000000000000000        0xc
 .group         0x0000000000000000        0xc build/f7-firmware-C/.extapps/USB_HID_Autofire/usb_hid_autofire.o

.group          0x0000000000000000        0xc
 .group         0x0000000000000000        0xc build/f7-firmware-C/.extapps/USB_HID_Autofire/usb_hid_autofire.o

.group          0x0000000000000000        0xc
 .group         0x0000000000000000        0xc build/f7-firmware-C/.extapps/USB_HID_Autofire/usb_hid_autofire.o

.group          0x0000000000000000        0xc
 .group         0x0000000000000000        0xc build/f7-firmware-C/.extapps/USB_HID_Autofire/usb_hid_autofire.o

.group          0x0000000000000000        0xc
 .group         0x0000000000000000        0xc build/f7-firmware-C/.extapps/USB_HID_Autofire/usb_hid_autofire.o

.debug_info     0x0000000000000000     0x1325
 .debug_info    0x0000000000000000      0x14b build/f7-firmware-C/.extapps/USB_HID_Autofire/tools.o
 .debug_info    0x000000000000014b     0x11da build/f7-firmware-C/.extapps/USB_HID_Autofire/usb_hid_autofire.o

.debug_abbrev   0x0000000000000000      0x3da
 .debug_abbrev  0x0000000000000000       0xd5 build/f7-firmware-C/.extapps/USB_HID_Autofire/tools.o
 .debug_abbrev  0x00000000000000d5      0x305 build/f7-firmware-C/.extapps/USB_HID_Autofire/usb_hid_autofire.o

.debug_loc      0x0000000000000000      0x428
 .debug_loc     0x0000000000000000      0x25f build/f7-firmware-C/.extapps/USB_HID_Autofire/tools.o
 .debug_loc     0x000000000000025f      0x1c9 build/f7-firmware-C/.extapps/USB_HID_Autofire/usb_hid_autofire.o

.debug_aranges  0x0000000000000000       0x58
 .debug_aranges
                0x0000000000000000       0x28 build/f7-firmware-C/.extapps/USB_HID_Autofire/tools.o
 .debug_aranges
                0x0000000000000028       0x30 build/f7-firmware-C/.extapps/USB_HID_Autofire/usb_hid_autofire.o

.debug_ranges   0x0000000000000000       0x50
 .debug_ranges  0x0000000000000000       0x18 build/f7-firmware-C/.extapps/USB_HID_Autofire/tools.o
 .debug_ranges  0x0000000000000018       0x38 build/f7-firmware-C/.extapps/USB_HID_Autofire/usb_hid_autofire.o

.debug_macro    0x0000000000000000      0x6f3
 .debug_macro   0x0000000000000000       0x11 build/f7-firmware-C/.extapps/USB_HID_Autofire/tools.o
 .debug_macro   0x0000000000000011      0x6e2 build/f7-firmware-C/.extapps/USB_HID_Autofire/usb_hid_autofire.o

.debug_macro    0x0000000000000000      0xaba
 .debug_macro   0x0000000000000000      0xaba build/f7-firmware-C/.extapps/USB_HID_Autofire/tools.o

.debug_line     0x0000000000000000     0x1244
 .debug_line    0x0000000000000000      0x158 build/f7-firmware-C/.extapps/USB_HID_Autofire/tools.o
 .debug_line    0x0000000000000158     0x10ec build/f7-firmware-C/.extapps/USB_HID_Autofire/usb_hid_autofire.o

.debug_str      0x0000000000000000    0xf071c
 .debug_str     0x0000000000000000     0x2e38 build/f7-firmware-C/.extapps/USB_HID_Autofire/tools.o
 .debug_str     0x0000000000002e38    0xed8e4 build/f7-firmware-C/.extapps/USB_HID_Autofire/usb_hid_autofire.o

.debug_frame    0x0000000000000000       0xc4
 .debug_frame   0x0000000000000000       0x4c build/f7-firmware-C/.extapps/USB_HID_Autofire/tools.o
 .debug_frame   0x000000000000004c       0x78 build/f7-firmware-C/.extapps/USB_HID_Autofire/usb_hid_autofire.o

.debug_macro    0x0000000000000000       0x22
 .debug_macro   0x0000000000000000       0x22 build/f7-firmware-C/.extapps/USB_HID_Autofire/usb_hid_autofire.o

.debug_macro    0x0000000000000000       0x5e
 .debug_macro   0x0000000000000000       0x5e build/f7-firmware-C/.extapps/USB_HID_Autofire/usb_hid_autofire.o

.debug_macro    0x0000000000000000       0x1e
 .debug_macro   0x0000000000000000       0x1e build/f7-firmware-C/.extapps/USB_HID_Autofire/usb_hid_autofire.o

.debug_macro    0x0000000000000000       0xe6
 .debug_macro   0x0000000000000000       0xe6 build/f7-firmware-C/.extapps/USB_HID_Autofire/usb_hid_autofire.o

.debug_macro    0x0000000000000000       0x35
 .debug_macro   0x0000000000000000       0x35 build/f7-firmware-C/.extapps/USB_HID_Autofire/usb_hid_autofire.o

.debug_macro    0x0000000000000000       0x34
 .debug_macro   0x0000000000000000       0x34 build/f7-firmware-C/.extapps/USB_HID_Autofire/usb_hid_autofire.o

.debug_macro    0x0000000000000000      0x174
 .debug_macro   0x0000000000000000      0x174 build/f7-firmware-C/.extapps/USB_HID_Autofire/usb_hid_autofire.o

.debug_macro    0x0000000000000000       0x16
 .debug_macro   0x0000000000000000       0x16 build/f7-firmware-C/.extapps/USB_HID_Autofire/usb_hid_autofire.o

.debug_macro    0x0000000000000000       0x43
 .debug_macro   0x0000000000000000       0x43 build/f7-firmware-C/.extapps/USB_HID_Autofire/usb_hid_autofire.o

.debug_macro    0x0000000000000000       0x57
 .debug_macro   0x0000000000000000       0x57 build/f7-firmware-C/.extapps/USB_HID_Autofire/usb_hid_autofire.o

.debug_macro    0x0000000000000000       0x34
 .debug_macro   0x0000000000000000       0x34 build/f7-firmware-C/.extapps/USB_HID_Autofire/usb_hid_autofire.o

.debug_macro    0x0000000000000000       0x10
 .debug_macro   0x0000000000000000       0x10 build/f7-firmware-C/.extapps/USB_HID_Autofire/usb_hid_autofire.o

.debug_macro    0x0000000000000000       0x58
 .debug_macro   0x0000000000000000       0x58 build/f7-firmware-C/.extapps/USB_HID_Autofire/usb_hid_autofire.o

.debug_macro    0x0000000000000000      0x182
 .debug_macro   0x0000000000000000      0x182 build/f7-firmware-C/.extapps/USB_HID_Autofire/usb_hid_autofire.o

.debug_macro    0x0000000000000000      0x341
 .debug_macro   0x0000000000000000      0x341 build/f7-firmware-C/.extapps/USB_HID_Autofire/usb_hid_autofire.o

.debug_macro    0x0000000000000000       0x10
 .debug_macro   0x0000000000000000       0x10 build/f7-firmware-C/.extapps/USB_HID_Autofire/usb_hid_autofire.o

.debug_macro    0x0000000000000000       0x35
 .debug_macro   0x0000000000000000       0x35 build/f7-firmware-C/.extapps/USB_HID_Autofire/usb_hid_autofire.o

.debug_macro    0x0000000000000000       0x19
 .debug_macro   0x0000000000000000       0x19 build/f7-firmware-C/.extapps/USB_HID_Autofire/usb_hid_autofire.o

.debug_macro    0x0000000000000000       0x16
 .debug_macro   0x0000000000000000       0x16 build/f7-firmware-C/.extapps/USB_HID_Autofire/usb_hid_autofire.o

.debug_macro    0x0000000000000000       0x16
 .debug_macro   0x0000000000000000       0x16 build/f7-firmware-C/.extapps/USB_HID_Autofire/usb_hid_autofire.o

.debug_macro    0x0000000000000000       0x29
 .debug_macro   0x0000000000000000       0x29 build/f7-firmware-C/.extapps/USB_HID_Autofire/usb_hid_autofire.o

.debug_macro    0x0000000000000000       0x10
 .debug_macro   0x0000000000000000       0x10 build/f7-firmware-C/.extapps/USB_HID_Autofire/usb_hid_autofire.o

.debug_macro    0x0000000000000000       0x22
 .debug_macro   0x0000000000000000       0x22 build/f7-firmware-C/.extapps/USB_HID_Autofire/usb_hid_autofire.o

.debug_macro    0x0000000000000000       0x70
 .debug_macro   0x0000000000000000       0x70 build/f7-firmware-C/.extapps/USB_HID_Autofire/usb_hid_autofire.o

.debug_macro    0x0000000000000000       0x22
 .debug_macro   0x0000000000000000       0x22 build/f7-firmware-C/.extapps/USB_HID_Autofire/usb_hid_autofire.o

.debug_macro    0x0000000000000000      0x103
 .debug_macro   0x0000000000000000      0x103 build/f7-firmware-C/.extapps/USB_HID_Autofire/usb_hid_autofire.o

.debug_macro    0x0000000000000000       0x6a
 .debug_macro   0x0000000000000000       0x6a build/f7-firmware-C/.extapps/USB_HID_Autofire/usb_hid_autofire.o

.debug_macro    0x0000000000000000      0x1df
 .debug_macro   0x0000000000000000      0x1df build/f7-firmware-C/.extapps/USB_HID_Autofire/usb_hid_autofire.o

.debug_macro    0x0000000000000000      0x189
 .debug_macro   0x0000000000000000      0x189 build/f7-firmware-C/.extapps/USB_HID_Autofire/usb_hid_autofire.o

.debug_macro    0x0000000000000000      0x15a
 .debug_macro   0x0000000000000000      0x15a build/f7-firmware-C/.extapps/USB_HID_Autofire/usb_hid_autofire.o

.debug_macro    0x0000000000000000       0xdd
 .debug_macro   0x0000000000000000       0xdd build/f7-firmware-C/.extapps/USB_HID_Autofire/usb_hid_autofire.o

.debug_macro    0x0000000000000000       0x28
 .debug_macro   0x0000000000000000       0x28 build/f7-firmware-C/.extapps/USB_HID_Autofire/usb_hid_autofire.o

.debug_macro    0x0000000000000000       0x1f
 .debug_macro   0x0000000000000000       0x1f build/f7-firmware-C/.extapps/USB_HID_Autofire/usb_hid_autofire.o

.debug_macro    0x0000000000000000       0x12
 .debug_macro   0x0000000000000000       0x12 build/f7-firmware-C/.extapps/USB_HID_Autofire/usb_hid_autofire.o

.debug_macro    0x0000000000000000      0x409
 .debug_macro   0x0000000000000000      0x409 build/f7-firmware-C/.extapps/USB_HID_Autofire/usb_hid_autofire.o

.debug_macro    0x0000000000000000       0xc3
 .debug_macro   0x0000000000000000       0xc3 build/f7-firmware-C/.extapps/USB_HID_Autofire/usb_hid_autofire.o

.debug_macro    0x0000000000000000      0x120
 .debug_macro   0x0000000000000000      0x120 build/f7-firmware-C/.extapps/USB_HID_Autofire/usb_hid_autofire.o

.debug_macro    0x0000000000000000       0xfb
 .debug_macro   0x0000000000000000       0xfb build/f7-firmware-C/.extapps/USB_HID_Autofire/usb_hid_autofire.o

.debug_macro    0x0000000000000000       0x28
 .debug_macro   0x0000000000000000       0x28 build/f7-firmware-C/.extapps/USB_HID_Autofire/usb_hid_autofire.o

.debug_macro    0x0000000000000000       0x1c
 .debug_macro   0x0000000000000000       0x1c build/f7-firmware-C/.extapps/USB_HID_Autofire/usb_hid_autofire.o

.debug_macro    0x0000000000000000       0x10
 .debug_macro   0x0000000000000000       0x10 build/f7-firmware-C/.extapps/USB_HID_Autofire/usb_hid_autofire.o

.debug_macro    0x0000000000000000       0x10
 .debug_macro   0x0000000000000000       0x10 build/f7-firmware-C/.extapps/USB_HID_Autofire/usb_hid_autofire.o

.debug_macro    0x0000000000000000       0x1c
 .debug_macro   0x0000000000000000       0x1c build/f7-firmware-C/.extapps/USB_HID_Autofire/usb_hid_autofire.o

.debug_macro    0x0000000000000000       0x52
 .debug_macro   0x0000000000000000       0x52 build/f7-firmware-C/.extapps/USB_HID_Autofire/usb_hid_autofire.o

.debug_macro    0x0000000000000000       0x22
 .debug_macro   0x0000000000000000       0x22 build/f7-firmware-C/.extapps/USB_HID_Autofire/usb_hid_autofire.o

.debug_macro    0x0000000000000000       0x10
 .debug_macro   0x0000000000000000       0x10 build/f7-firmware-C/.extapps/USB_HID_Autofire/usb_hid_autofire.o

.debug_macro    0x0000000000000000       0x52
 .debug_macro   0x0000000000000000       0x52 build/f7-firmware-C/.extapps/USB_HID_Autofire/usb_hid_autofire.o

.debug_macro    0x0000000000000000       0xd5
 .debug_macro   0x0000000000000000       0xd5 build/f7-firmware-C/.extapps/USB_HID_Autofire/usb_hid_autofire.o

.debug_macro    0x0000000000000000       0x1c
 .debug_macro   0x0000000000000000       0x1c build/f7-firmware-C/.extapps/USB_HID_Autofire/usb_hid_autofire.o

.debug_macro    0x0000000000000000       0x3d
 .debug_macro   0x0000000000000000       0x3d build/f7-firmware-C/.extapps/USB_HID_Autofire/usb_hid_autofire.o

.debug_macro    0x0000000000000000       0x16
 .debug_macro   0x0000000000000000       0x16 build/f7-firmware-C/.extapps/USB_HID_Autofire/usb_hid_autofire.o

.debug_macro    0x0000000000000000      0x176
 .debug_macro   0x0000000000000000      0x176 build/f7-firmware-C/.extapps/USB_HID_Autofire/usb_hid_autofire.o

.debug_macro    0x0000000000000000       0x4c
 .debug_macro   0x0000000000000000       0x4c build/f7-firmware-C/.extapps/USB_HID_Autofire/usb_hid_autofire.o

.debug_macro    0x0000000000000000       0x70
 .debug_macro   0x0000000000000000       0x70 build/f7-firmware-C/.extapps/USB_HID_Autofire/usb_hid_autofire.o

.debug_macro    0x0000000000000000       0x7c
 .debug_macro   0x0000000000000000       0x7c build/f7-firmware-C/.extapps/USB_HID_Autofire/usb_hid_autofire.o

.debug_macro    0x0000000000000000       0x17
 .debug_macro   0x0000000000000000       0x17 build/f7-firmware-C/.extapps/USB_HID_Autofire/usb_hid_autofire.o

.debug_macro    0x0000000000000000      0x118
 .debug_macro   0x0000000000000000      0x118 build/f7-firmware-C/.extapps/USB_HID_Autofire/usb_hid_autofire.o

.debug_macro    0x0000000000000000      0x11f
 .debug_macro   0x0000000000000000      0x11f build/f7-firmware-C/.extapps/USB_HID_Autofire/usb_hid_autofire.o

.debug_macro    0x0000000000000000       0x16
 .debug_macro   0x0000000000000000       0x16 build/f7-firmware-C/.extapps/USB_HID_Autofire/usb_hid_autofire.o

.debug_macro    0x0000000000000000     0x2bf8
 .debug_macro   0x0000000000000000     0x2bf8 build/f7-firmware-C/.extapps/USB_HID_Autofire/usb_hid_autofire.o

.debug_macro    0x0000000000000000       0xb2
 .debug_macro   0x0000000000000000       0xb2 build/f7-firmware-C/.extapps/USB_HID_Autofire/usb_hid_autofire.o

.debug_macro    0x0000000000000000       0x28
 .debug_macro   0x0000000000000000       0x28 build/f7-firmware-C/.extapps/USB_HID_Autofire/usb_hid_autofire.o

.debug_macro    0x0000000000000000       0x2e
 .debug_macro   0x0000000000000000       0x2e build/f7-firmware-C/.extapps/USB_HID_Autofire/usb_hid_autofire.o

.debug_macro    0x0000000000000000       0x1c
 .debug_macro   0x0000000000000000       0x1c build/f7-firmware-C/.extapps/USB_HID_Autofire/usb_hid_autofire.o

.debug_macro    0x0000000000000000       0x22
 .debug_macro   0x0000000000000000       0x22 build/f7-firmware-C/.extapps/USB_HID_Autofire/usb_hid_autofire.o

.debug_macro    0x0000000000000000     0x1011
 .debug_macro   0x0000000000000000     0x1011 build/f7-firmware-C/.extapps/USB_HID_Autofire/usb_hid_autofire.o

.debug_macro    0x0000000000000000      0x11f
 .debug_macro   0x0000000000000000      0x11f build/f7-firmware-C/.extapps/USB_HID_Autofire/usb_hid_autofire.o

.debug_macro    0x0000000000000000    0x12ae9
 .debug_macro   0x0000000000000000    0x12ae9 build/f7-firmware-C/.extapps/USB_HID_Autofire/usb_hid_autofire.o

.debug_macro    0x0000000000000000       0x6c
 .debug_macro   0x0000000000000000       0x6c build/f7-firmware-C/.extapps/USB_HID_Autofire/usb_hid_autofire.o

.debug_macro    0x0000000000000000      0x147
 .debug_macro   0x0000000000000000      0x147 build/f7-firmware-C/.extapps/USB_HID_Autofire/usb_hid_autofire.o

.debug_macro    0x0000000000000000      0x557
 .debug_macro   0x0000000000000000      0x557 build/f7-firmware-C/.extapps/USB_HID_Autofire/usb_hid_autofire.o

.debug_macro    0x0000000000000000      0x175
 .debug_macro   0x0000000000000000      0x175 build/f7-firmware-C/.extapps/USB_HID_Autofire/usb_hid_autofire.o

.debug_macro    0x0000000000000000       0x91
 .debug_macro   0x0000000000000000       0x91 build/f7-firmware-C/.extapps/USB_HID_Autofire/usb_hid_autofire.o

.debug_macro    0x0000000000000000      0x89a
 .debug_macro   0x0000000000000000      0x89a build/f7-firmware-C/.extapps/USB_HID_Autofire/usb_hid_autofire.o

.debug_macro    0x0000000000000000      0x1d2
 .debug_macro   0x0000000000000000      0x1d2 build/f7-firmware-C/.extapps/USB_HID_Autofire/usb_hid_autofire.o

.debug_macro    0x0000000000000000      0x259
 .debug_macro   0x0000000000000000      0x259 build/f7-firmware-C/.extapps/USB_HID_Autofire/usb_hid_autofire.o

.debug_macro    0x0000000000000000      0x24d
 .debug_macro   0x0000000000000000      0x24d build/f7-firmware-C/.extapps/USB_HID_Autofire/usb_hid_autofire.o

.debug_macro    0x0000000000000000      0x24c
 .debug_macro   0x0000000000000000      0x24c build/f7-firmware-C/.extapps/USB_HID_Autofire/usb_hid_autofire.o

.debug_macro    0x0000000000000000      0x904
 .debug_macro   0x0000000000000000      0x904 build/f7-firmware-C/.extapps/USB_HID_Autofire/usb_hid_autofire.o

.debug_macro    0x0000000000000000       0x16
 .debug_macro   0x0000000000000000       0x16 build/f7-firmware-C/.extapps/USB_HID_Autofire/usb_hid_autofire.o

.debug_macro    0x0000000000000000       0x10
 .debug_macro   0x0000000000000000       0x10 build/f7-firmware-C/.extapps/USB_HID_Autofire/usb_hid_autofire.o

.debug_macro    0x0000000000000000       0x16
 .debug_macro   0x0000000000000000       0x16 build/f7-firmware-C/.extapps/USB_HID_Autofire/usb_hid_autofire.o

.debug_macro    0x0000000000000000       0x16
 .debug_macro   0x0000000000000000       0x16 build/f7-firmware-C/.extapps/USB_HID_Autofire/usb_hid_autofire.o

.debug_macro    0x0000000000000000       0x28
 .debug_macro   0x0000000000000000       0x28 build/f7-firmware-C/.extapps/USB_HID_Autofire/usb_hid_autofire.o

.debug_macro    0x0000000000000000       0x16
 .debug_macro   0x0000000000000000       0x16 build/f7-firmware-C/.extapps/USB_HID_Autofire/usb_hid_autofire.o

.debug_macro    0x0000000000000000       0xaa
 .debug_macro   0x0000000000000000       0xaa build/f7-firmware-C/.extapps/USB_HID_Autofire/usb_hid_autofire.o

.debug_macro    0x0000000000000000      0x19b
 .debug_macro   0x0000000000000000      0x19b build/f7-firmware-C/.extapps/USB_HID_Autofire/usb_hid_autofire.o

.debug_macro    0x0000000000000000      0x16f
 .debug_macro   0x0000000000000000      0x16f build/f7-firmware-C/.extapps/USB_HID_Autofire/usb_hid_autofire.o

.debug_macro    0x0000000000000000       0xd6
 .debug_macro   0x0000000000000000       0xd6 build/f7-firmware-C/.extapps/USB_HID_Autofire/usb_hid_autofire.o

.debug_macro    0x0000000000000000      0x255
 .debug_macro   0x0000000000000000      0x255 build/f7-firmware-C/.extapps/USB_HID_Autofire/usb_hid_autofire.o

.debug_macro    0x0000000000000000       0x22
 .debug_macro   0x0000000000000000       0x22 build/f7-firmware-C/.extapps/USB_HID_Autofire/usb_hid_autofire.o

.debug_macro    0x0000000000000000       0x6d
 .debug_macro   0x0000000000000000       0x6d build/f7-firmware-C/.extapps/USB_HID_Autofire/usb_hid_autofire.o

.debug_macro    0x0000000000000000       0xc0
 .debug_macro   0x0000000000000000       0xc0 build/f7-firmware-C/.extapps/USB_HID_Autofire/usb_hid_autofire.o

.debug_macro    0x0000000000000000       0xd1
 .debug_macro   0x0000000000000000       0xd1 build/f7-firmware-C/.extapps/USB_HID_Autofire/usb_hid_autofire.o

.debug_macro    0x0000000000000000       0x3a
 .debug_macro   0x0000000000000000       0x3a build/f7-firmware-C/.extapps/USB_HID_Autofire/usb_hid_autofire.o

.debug_macro    0x0000000000000000       0x22
 .debug_macro   0x0000000000000000       0x22 build/f7-firmware-C/.extapps/USB_HID_Autofire/usb_hid_autofire.o

.debug_macro    0x0000000000000000      0x1c2
 .debug_macro   0x0000000000000000      0x1c2 build/f7-firmware-C/.extapps/USB_HID_Autofire/usb_hid_autofire.o

.debug_macro    0x0000000000000000      0x1ce
 .debug_macro   0x0000000000000000      0x1ce build/f7-firmware-C/.extapps/USB_HID_Autofire/usb_hid_autofire.o

.debug_macro    0x0000000000000000       0x5e
 .debug_macro   0x0000000000000000       0x5e build/f7-firmware-C/.extapps/USB_HID_Autofire/usb_hid_autofire.o

.debug_macro    0x0000000000000000       0x1c
 .debug_macro   0x0000000000000000       0x1c build/f7-firmware-C/.extapps/USB_HID_Autofire/usb_hid_autofire.o

.debug_macro    0x0000000000000000       0xff
 .debug_macro   0x0000000000000000       0xff build/f7-firmware-C/.extapps/USB_HID_Autofire/usb_hid_autofire.o

.debug_macro    0x0000000000000000       0xe2
 .debug_macro   0x0000000000000000       0xe2 build/f7-firmware-C/.extapps/USB_HID_Autofire/usb_hid_autofire.o

.debug_macro    0x0000000000000000      0x5f6
 .debug_macro   0x0000000000000000      0x5f6 build/f7-firmware-C/.extapps/USB_HID_Autofire/usb_hid_autofire.o

.debug_macro    0x0000000000000000       0x12
 .debug_macro   0x0000000000000000       0x12 build/f7-firmware-C/.extapps/USB_HID_Autofire/usb_hid_autofire.o

.debug_macro    0x0000000000000000      0x1ba
 .debug_macro   0x0000000000000000      0x1ba build/f7-firmware-C/.extapps/USB_HID_Autofire/usb_hid_autofire.o

.debug_macro    0x0000000000000000       0x34
 .debug_macro   0x0000000000000000       0x34 build/f7-firmware-C/.extapps/USB_HID_Autofire/usb_hid_autofire.o

.debug_macro    0x0000000000000000      0x586
 .debug_macro   0x0000000000000000      0x586 build/f7-firmware-C/.extapps/USB_HID_Autofire/usb_hid_autofire.o

.debug_macro    0x0000000000000000      0x9b0
 .debug_macro   0x0000000000000000      0x9b0 build/f7-firmware-C/.extapps/USB_HID_Autofire/usb_hid_autofire.o

.debug_macro    0x0000000000000000      0x1de
 .debug_macro   0x0000000000000000      0x1de build/f7-firmware-C/.extapps/USB_HID_Autofire/usb_hid_autofire.o

.debug_macro    0x0000000000000000       0x11
 .debug_macro   0x0000000000000000       0x11 build/f7-firmware-C/.extapps/USB_HID_Autofire/usb_hid_autofire.o

.debug_macro    0x0000000000000000       0x10
 .debug_macro   0x0000000000000000       0x10 build/f7-firmware-C/.extapps/USB_HID_Autofire/usb_hid_autofire.o
